Archive member included to satisfy reference by file (symbol)

C:\Program Files (x86)\ON Semiconductor\AXSDB\libmf\arm\libmff2.a(startup_ARMCM0plus.o)
                              (Reset_Handler)
C:\Program Files (x86)\ON Semiconductor\AXSDB\libmf\arm\libmff2.a(system_ARMCM0plus.o)
                              C:\Program Files (x86)\ON Semiconductor\AXSDB\libmf\arm\libmff2.a(startup_ARMCM0plus.o) (SystemInit)
C:\Program Files (x86)\ON Semiconductor\AXSDB\libmf\arm\libmff2.a(crc16ansib.o)
                              obj\Debug\AX_Radio_Lab_output\config.o (crc_crc16)
C:\Program Files (x86)\ON Semiconductor\AXSDB\libmf\arm\libmff2.a(pn9bits.o)
                              obj\Debug\COMMON\easyax5043.o (pn9_advance_bits)
C:\Program Files (x86)\ON Semiconductor\AXSDB\libmf\arm\libmff2.a(pn9byte.o)
                              obj\Debug\COMMON\easyax5043.o (pn9_advance_byte)
C:\Program Files (x86)\ON Semiconductor\AXSDB\libmf\arm\libmff2.a(pn9buf.o)
                              obj\Debug\COMMON\easyax5043.o (pn9_buffer)
C:\Program Files (x86)\ON Semiconductor\AXSDB\libmf\arm\libmff2.a(signext16.o)
                              obj\Debug\COMMON\easyax5043.o (signextend16)
C:\Program Files (x86)\ON Semiconductor\AXSDB\libmf\arm\libmff2.a(signext20.o)
                              obj\Debug\COMMON\easyax5043.o (signextend20)
C:\Program Files (x86)\ON Semiconductor\AXSDB\libmf\arm\libmff2.a(signext24.o)
                              obj\Debug\COMMON\easyax5043.o (signextend24)
C:\Program Files (x86)\ON Semiconductor\AXSDB\libmf\arm\libmff2.a(chksgnlim16.o)
                              obj\Debug\COMMON\easyax5043.o (checksignedlimit16)
C:\Program Files (x86)\ON Semiconductor\AXSDB\libmf\arm\libmff2.a(sgnlim16.o)
                              obj\Debug\COMMON\easyax5043.o (signedlimit16)
C:\Program Files (x86)\ON Semiconductor\AXSDB\libmf\arm\libmff2.a(chksgnlim32.o)
                              obj\Debug\COMMON\easyax5043.o (checksignedlimit32)
C:\Program Files (x86)\ON Semiconductor\AXSDB\libmf\arm\libmff2.a(delay.o)
                              C:\Program Files (x86)\ON Semiconductor\AXSDB\libmf\arm\libmff2.a(system_ARMCM0plus.o) (delay)
C:\Program Files (x86)\ON Semiconductor\AXSDB\libmf\arm\libmff2.a(startcause.o)
                              obj\Debug\SLAVE\main.o (get_startcause)
C:\Program Files (x86)\ON Semiconductor\AXSDB\libmf\arm\libmff2.a(standby.o)
                              obj\Debug\SLAVE\lposc.o (enter_standby)
C:\Program Files (x86)\ON Semiconductor\AXSDB\libmf\arm\libmff2.a(radiord8.o)
                              obj\Debug\COMMON\easyax5043.o (_radio_read8)
C:\Program Files (x86)\ON Semiconductor\AXSDB\libmf\arm\libmff2.a(radiord16.o)
                              obj\Debug\COMMON\easyax5043.o (_radio_read16)
C:\Program Files (x86)\ON Semiconductor\AXSDB\libmf\arm\libmff2.a(radiord24.o)
                              obj\Debug\COMMON\easyax5043.o (_radio_read24)
C:\Program Files (x86)\ON Semiconductor\AXSDB\libmf\arm\libmff2.a(radiowr8.o)
                              obj\Debug\AX_Radio_Lab_output\config.o (_radio_write8)
C:\Program Files (x86)\ON Semiconductor\AXSDB\libmf\arm\libmff2.a(wtimer.o)
                              obj\Debug\SLAVE\main.o (wtimer_init)
C:\Program Files (x86)\ON Semiconductor\AXSDB\libmf\arm\libmff2.a(wtcbadd.o)
                              obj\Debug\COMMON\easyax5043.o (wtimer_add_callback)
C:\Program Files (x86)\ON Semiconductor\AXSDB\libmf\arm\libmff2.a(wtcbrem.o)
                              obj\Debug\COMMON\easyax5043.o (wtimer_remove_callback)
C:\Program Files (x86)\ON Semiconductor\AXSDB\libmf\arm\libmff2.a(wt0setcfg.o)
                              obj\Debug\SLAVE\main.o (wtimer0_setclksrc)
C:\Program Files (x86)\ON Semiconductor\AXSDB\libmf\arm\libmff2.a(wt1setcfg.o)
                              obj\Debug\SLAVE\main.o (wtimer1_setclksrc)
C:\Program Files (x86)\ON Semiconductor\AXSDB\libmf\arm\libmff2.a(wt0adda.o)
                              obj\Debug\COMMON\easyax5043.o (wtimer0_addabsolute)
C:\Program Files (x86)\ON Semiconductor\AXSDB\libmf\arm\libmff2.a(wt0addr.o)
                              obj\Debug\COMMON\easyax5043.o (wtimer0_addrelative)
C:\Program Files (x86)\ON Semiconductor\AXSDB\libmf\arm\libmff2.a(wt1addr.o)
                              obj\Debug\COMMON\easyax5043.o (wtimer1_addrelative)
C:\Program Files (x86)\ON Semiconductor\AXSDB\libmf\arm\libmff2.a(wt0curt.o)
                              obj\Debug\COMMON\easyax5043.o (wtimer0_curtime)
C:\Program Files (x86)\ON Semiconductor\AXSDB\libmf\arm\libmff2.a(wt1rem.o)
                              C:\Program Files (x86)\ON Semiconductor\AXSDB\libmf\arm\libmff2.a(wtimer.o) (wtimer1_remove)
C:\Program Files (x86)\ON Semiconductor\AXSDB\libmf\arm\libmff2.a(wt01rem.o)
                              obj\Debug\COMMON\easyax5043.o (wtimer_remove)
C:\Program Files (x86)\ON Semiconductor\AXSDB\libmf\arm\libmff2.a(uarttimer1.o)
[...]
Memory Configuration

Name             Origin             Length             Attributes
FLASH            0x00000000         0x00010000         xr
RAM              0x20000000         0x00002000         xrw
*default*        0x00000000         0xffffffff

Linker script and memory map

LOAD c:/program files (x86)/gnu tools arm embedded/5.4 2016q3/bin/../lib/gcc/arm-none-eabi/5.4.1/armv6-m/crti.o
LOAD c:/program files (x86)/gnu tools arm embedded/5.4 2016q3/bin/../lib/gcc/arm-none-eabi/5.4.1/armv6-m/crtbegin.o
LOAD c:/program files (x86)/gnu tools arm embedded/5.4 2016q3/bin/../lib/gcc/arm-none-eabi/5.4.1/../../../../arm-none-eabi/lib/armv6-m/crt0.o
LOAD obj\Debug\AX_Radio_Lab_output\config.o
LOAD obj\Debug\AX_Radio_Lab_output\configslave.o
LOAD obj\Debug\COMMON\display_com0.o
LOAD obj\Debug\COMMON\easyax5043.o
LOAD obj\Debug\COMMON\misc.o
LOAD obj\Debug\COMMON\stackheap.o
LOAD obj\Debug\SLAVE\display.o
LOAD obj\Debug\SLAVE\lposc.o
LOAD obj\Debug\SLAVE\main.o
LOAD C:\Program Files (x86)\ON Semiconductor\AXSDB\libaxdvk2\arm\libaxdvk2f2.a
LOAD C:\Program Files (x86)\ON Semiconductor\AXSDB\libmf\arm\libmff2.a
LOAD c:/program files (x86)/gnu tools arm embedded/5.4 2016q3/bin/../lib/gcc/arm-none-eabi/5.4.1/../../../../arm-none-eabi/lib/armv6-m\libnosys.a
LOAD c:/program files (x86)/gnu tools arm embedded/5.4 2016q3/bin/../lib/gcc/arm-none-eabi/5.4.1/../../../../arm-none-eabi/lib/armv6-m\libstdc++.a
LOAD c:/program files (x86)/gnu tools arm embedded/5.4 2016q3/bin/../lib/gcc/arm-none-eabi/5.4.1/../../../../arm-none-eabi/lib/armv6-m\libm.a
START GROUP
LOAD c:/program files (x86)/gnu tools arm embedded/5.4 2016q3/bin/../lib/gcc/arm-none-eabi/5.4.1/armv6-m\libgcc.a
LOAD c:/program files (x86)/gnu tools arm embedded/5.4 2016q3/bin/../lib/gcc/arm-none-eabi/5.4.1/../../../../arm-none-eabi/lib/armv6-m\libc.a
END GROUP
START GROUP
LOAD c:/program files (x86)/gnu tools arm embedded/5.4 2016q3/bin/../lib/gcc/arm-none-eabi/5.4.1/armv6-m\libgcc.a
LOAD c:/program files (x86)/gnu tools arm embedded/5.4 2016q3/bin/../lib/gcc/arm-none-eabi/5.4.1/../../../../arm-none-eabi/lib/armv6-m\libc.a
LOAD c:/program files (x86)/gnu tools arm embedded/5.4 2016q3/bin/../lib/gcc/arm-none-eabi/5.4.1/../../../../arm-none-eabi/lib/armv6-m\libnosys.a
END GROUP
LOAD c:/program files (x86)/gnu tools arm embedded/5.4 2016q3/bin/../lib/gcc/arm-none-eabi/5.4.1/armv6-m/crtend.o
LOAD c:/program files (x86)/gnu tools arm embedded/5.4 2016q3/bin/../lib/gcc/arm-none-eabi/5.4.1/armv6-m/crtn.o

.text           0x00000000     0xdb2c
 *(.vectors)
 .vectors       0x00000000       0x90 C:\Program Files (x86)\ON Semiconductor\AXSDB\libmf\arm\libmff2.a(startup_ARMCM0plus.o)
                0x00000000                __Vectors
                0x00000090                __Vectors_End = .
                0x00000090                __Vectors_Size = (__Vectors_End - __Vectors)
                0x00000090                __end__ = .
 *(.text*)
 .text          0x00000090        0x0 c:/program files (x86)/gnu tools arm embedded/5.4 2016q3/bin/../lib/gcc/arm-none-eabi/5.4.1/armv6-m/crti.o
 .text          0x00000090       0x60 c:/program files (x86)/gnu tools arm embedded/5.4 2016q3/bin/../lib/gcc/arm-none-eabi/5.4.1/armv6-m/crtbegin.o
 .text          0x000000f0       0x78 c:/program files (x86)/gnu tools arm embedded/5.4 2016q3/bin/../lib/gcc/arm-none-eabi/5.4.1/../../../../arm-none-eabi/lib/armv6-m/crt0.o
                0x000000f0                _start
                0x000000f0                _mainCRTStartup
 .text          0x00000168      0x8a8 obj\Debug\AX_Radio_Lab_output\config.o
                0x00000168                ax5043_set_registers
                0x0000072c                ax5043_set_registers_tx
                0x0000076c                ax5043_set_registers_rx
                0x000007ac                ax5043_set_registers_rxwor
                0x000007d4                ax5043_set_registers_rxcont
                0x000007fc                ax5043_set_registers_rxcont_singleparamset
                0x00000830                axradio_setup_pincfg1
                0x00000832                axradio_setup_pincfg2
                0x00000834                axradio_setup_pincfg3
                0x00000844                axradio_conv_freq_fromhz
                0x000008e4                axradio_conv_freq_tohz
                0x00000998                axradio_conv_freq_fromreg
                0x000009b6                axradio_conv_timeinterval_totimer0
                0x000009c6                axradio_byteconv
                0x000009c8                axradio_byteconv_buffer
                0x000009ca                axradio_framing_check_crc
                0x000009ec                axradio_framing_append_crc
 .text          0x00000a10        0x0 obj\Debug\AX_Radio_Lab_output\configslave.o
 .text          0x00000a10        0x0 obj\Debug\COMMON\display_com0.o
 .text          0x00000a10     0x2500 obj\Debug\COMMON\easyax5043.o
                0x00000f08                axradio_conv_time_totimer0
                0x00000f24                ax5043_receiver_on_continuous
                0x00000fac                ax5043_receiver_on_wor
                0x0000106c                ax5043_off_xtal
                0x000010a0                ax5043_off
                0x00001484                axradio_wait_for_xtal
                0x000014c8                axradio_init
                0x00001954                axradio_cansleep
                0x00001970                axradio_get_mode
                0x0000197c                axradio_set_channel
                0x00001a3c                axradio_get_channel
                0x00001a48                axradio_get_pllrange
                0x00001a60                axradio_get_pllvcoi
                0x00001b20                ax5043_init_registers_tx
                0x00001b2c                ax5043_prepare_tx
                0x00002134                ax5043_init_registers_rx
                0x00002140                RADIO_IRQ
                0x00002774                axradio_set_mode
                0x00002b5c                axradio_set_freqoffset
                0x00002ba0                axradio_get_freqoffset
                0x00002bac                axradio_set_local_address
                0x00002bc4                axradio_get_local_address
                0x00002bd8                axradio_set_default_remote_address
                0x00002bec                axradio_get_default_remote_address
                0x00002c00                axradio_transmit
                0x00002ec8                axradio_agc_freeze
                0x00002eec                axradio_agc_thaw
 .text          0x00002f10       0x80 obj\Debug\COMMON\misc.o
                0x00002f1c                lcd2_display_radio_error
                0x00002f34                dbglink_display_radio_error
                0x00002f4c                delay_ms
 .text          0x00002f90        0x0 obj\Debug\COMMON\stackheap.o
 .text          0x00002f90       0x68 obj\Debug\SLAVE\display.o
                0x00002f90                display_received_packet
                0x00002ff4                dbglink_received_packet
 .text          0x00002ff8      0x140 obj\Debug\SLAVE\lposc.o
                0x0000304c                calibrate_lposc
 .text          0x00003138      0x254 obj\Debug\SLAVE\main.o
                0x00003138                axradio_statuschange
                0x000032e8                _axm0f2_external_startup
 .text.startup  0x0000338c       0xfc obj\Debug\SLAVE\main.o
                0x0000338c                main
 .text          0x00003488       0x54 C:\Program Files (x86)\ON Semiconductor\AXSDB\libmf\arm\libmff2.a(startup_ARMCM0plus.o)
                0x00003488                Reset_Handler
                0x0000348e                Reset_Handler_NoStartCause
                0x000034d8                GPIOPort1_Handler
                0x000034d8                SysTick_Handler
                0x000034d8                PendSV_Handler
                0x000034d8                NMI_Handler
                0x000034d8                HardFault_Handler
                0x000034d8                LPComp_Handler
                0x000034d8                SCB1_Handler
                0x000034d8                TCPWM0_Handler
                0x000034d8                WDT_Handler
                0x000034d8                GPIOPort3_Handler
                0x000034d8                ADC_Handler
                0x000034d8                CSD_Handler
                0x000034d8                SPCIF_Handler
                0x000034d8                Default_Handler
                0x000034d8                CTBm_Handler
                0x000034d8                TCPWM2_Handler
                0x000034d8                TCPWM1_Handler
                0x000034d8                SVC_Handler
                0x000034d8                GPIO_Handler
                0x000034d8                GPIOPort0_Handler
                0x000034d8                SCB2_Handler
 .text          0x000034dc      0x328 C:\Program Files (x86)\ON Semiconductor\AXSDB\libmf\arm\libmff2.a(system_ARMCM0plus.o)
                0x000034dc                SystemCoreClockUpdate
                0x000034f0                SystemInit
 .text          0x00003804       0x20 C:\Program Files (x86)\ON Semiconductor\AXSDB\libmf\arm\libmff2.a(crc16ansib.o)
                0x00003804                crc_crc16
 .text          0x00003824       0x24 C:\Program Files (x86)\ON Semiconductor\AXSDB\libmf\arm\libmff2.a(pn9bits.o)
                0x00003824                pn9_advance_bits
 .text          0x00003848       0x22 C:\Program Files (x86)\ON Semiconductor\AXSDB\libmf\arm\libmff2.a(pn9byte.o)
                0x00003848                pn9_advance_byte
 .text          0x0000386a       0x2a C:\Program Files (x86)\ON Semiconductor\AXSDB\libmf\arm\libmff2.a(pn9buf.o)
                0x0000386a                pn9_buffer
 .text          0x00003894        0x2 C:\Program Files (x86)\ON Semiconductor\AXSDB\libmf\arm\libmff2.a(signext16.o)
                0x00003894                signextend16
 .text          0x00003896       0x10 C:\Program Files (x86)\ON Semiconductor\AXSDB\libmf\arm\libmff2.a(signext20.o)
                0x00003896                signextend20
 .text          0x000038a6       0x10 C:\Program Files (x86)\ON Semiconductor\AXSDB\libmf\arm\libmff2.a(signext24.o)
                0x000038a6                signextend24
 .text          0x000038b6       0x1a C:\Program Files (x86)\ON Semiconductor\AXSDB\libmf\arm\libmff2.a(chksgnlim16.o)
                0x000038b6                checksignedlimit16
 .text          0x000038d0       0x1e C:\Program Files (x86)\ON Semiconductor\AXSDB\libmf\arm\libmff2.a(sgnlim16.o)
                0x000038d0                signedlimit16
 .text          0x000038ee       0x14 C:\Program Files (x86)\ON Semiconductor\AXSDB\libmf\arm\libmff2.a(chksgnlim32.o)
                0x000038ee                checksignedlimit32
 *fill*         0x00003902        0x2 
 .text          0x00003904       0x14 C:\Program Files (x86)\ON Semiconductor\AXSDB\libmf\arm\libmff2.a(delay.o)
                0x00003904                delay
 .text          0x00003918       0x20 C:\Program Files (x86)\ON Semiconductor\AXSDB\libmf\arm\libmff2.a(startcause.o)
                0x00003918                get_startcause
 .text          0x00003938       0x14 C:\Program Files (x86)\ON Semiconductor\AXSDB\libmf\arm\libmff2.a(standby.o)
                0x00003938                enter_standby
 .text          0x0000394c       0xa8 C:\Program Files (x86)\ON Semiconductor\AXSDB\libmf\arm\libmff2.a(radiord8.o)
                0x0000394c                _radio_read8
 .text          0x000039f4       0xb8 C:\Program Files (x86)\ON Semiconductor\AXSDB\libmf\arm\libmff2.a(radiord16.o)
                0x000039f4                _radio_read16
 .text          0x00003aac       0xc8 C:\Program Files (x86)\ON Semiconductor\AXSDB\libmf\arm\libmff2.a(radiord24.o)
                0x00003aac                _radio_read24
 .text          0x00003b74       0xb4 C:\Program Files (x86)\ON Semiconductor\AXSDB\libmf\arm\libmff2.a(radiowr8.o)
                0x00003b74                _radio_write8
 .text          0x00003c28      0x470 C:\Program Files (x86)\ON Semiconductor\AXSDB\libmf\arm\libmff2.a(wtimer.o)
                0x00003c74                wtimer_addcb_core
                0x00003c8c                wtimer0_update
                0x00003cb4                wtimer0_addcore
                0x00003cd8                wtimer0_schedq
                0x00003dbc                WCOWDT_Handler
                0x00003dec                wtimer1_update
                0x00003e10                wtimer1_addcore
                0x00003e34                wtimer1_schedq
                0x00003e7c                TCPWM4_Handler
                0x00003e9c                wtimer_doinit
                0x00003f98                wtimer_init
                0x00003fb0                wtimer_init_deepsleep
                0x00003fba                wtimer_cansleep
                0x00003fcc                wtimer_idle
                0x0000404c                wtimer_runcallbacks
 .text          0x00004098       0x12 C:\Program Files (x86)\ON Semiconductor\AXSDB\libmf\arm\libmff2.a(wtcbadd.o)
                0x00004098                wtimer_add_callback
 .text          0x000040aa       0x12 C:\Program Files (x86)\ON Semiconductor\AXSDB\libmf\arm\libmff2.a(wtcbrem.o)
                0x000040aa                wtimer_remove_callback
 .text          0x000040bc       0xd0 C:\Program Files (x86)\ON Semiconductor\AXSDB\libmf\arm\libmff2.a(wt0setcfg.o)
                0x000040bc                wtimer0_setclksrc
 .text          0x0000418c       0x4c C:\Program Files (x86)\ON Semiconductor\AXSDB\libmf\arm\libmff2.a(wt1setcfg.o)
                0x0000418c                wtimer1_setclksrc
 .text          0x000041d8       0x1e C:\Program Files (x86)\ON Semiconductor\AXSDB\libmf\arm\libmff2.a(wt0adda.o)
                0x000041d8                wtimer0_addabsolute
 *fill*         0x000041f6        0x2 
 .text          0x000041f8       0x2c C:\Program Files (x86)\ON Semiconductor\AXSDB\libmf\arm\libmff2.a(wt0addr.o)
                0x000041f8                wtimer0_addrelative
 .text          0x00004224       0x2c C:\Program Files (x86)\ON Semiconductor\AXSDB\libmf\arm\libmff2.a(wt1addr.o)
                0x00004224                wtimer1_addrelative
 .text          0x00004250       0x1c C:\Program Files (x86)\ON Semiconductor\AXSDB\libmf\arm\libmff2.a(wt0curt.o)
                0x00004250                wtimer0_curtime
 .text          0x0000426c       0x20 C:\Program Files (x86)\ON Semiconductor\AXSDB\libmf\arm\libmff2.a(wt1rem.o)
                0x0000426c                wtimer1_remove
 .text          0x0000428c       0x2a C:\Program Files (x86)\ON Semiconductor\AXSDB\libmf\arm\libmff2.a(wt01rem.o)
                0x0000428c                wtimer_remove
 *fill*         0x000042b6        0x2 
 .text          0x000042b8       0x3c C:\Program Files (x86)\ON Semiconductor\AXSDB\libmf\arm\libmff2.a(uarttimer1.o)
                0x000042b8                uart_timer1_baud
 .text          0x000042f4      0x13c C:\Program Files (x86)\ON Semiconductor\AXSDB\libmf\arm\libmff2.a(uart0init.o)
                0x000042f4                SCB0_Handler
                0x00004304                uart0_poll
                0x00004314                uart0_iocore
                0x00004324                uart0_rxadvance
                0x00004334                uart0_txadvance
                0x00004344                uart0_rxbufptr
                0x00004354                uart0_txbufptr
                0x00004364                uart0_txfreelinear
                0x00004374                uart0_txfree
                0x00004384                uart0_rxcountlinear
                0x00004394                uart0_rxcount
                0x000043a4                uart0_txbuffersize
                0x000043b4                uart0_rxbuffersize
                0x000043c4                uart0_rxpeek
                0x000043d4                uart0_txpoke
                0x000043e8                uart0_txpokehex
                0x000043fc                uart0_txidle
                0x0000440c                uart0_txbusy
                0x0000441c                uart0_init
 .text          0x00004430       0x10 C:\Program Files (x86)\ON Semiconductor\AXSDB\libmf\arm\libmff2.a(uart0wrstr.o)
                0x00004430                uart0_writestr
 .text          0x00004440       0xdc C:\Program Files (x86)\ON Semiconductor\AXSDB\libmf\arm\libmff2.a(ax5043rdfifo.o)
                0x00004440                ax5043_readfifo
 .text          0x0000451c       0xd4 C:\Program Files (x86)\ON Semiconductor\AXSDB\libmf\arm\libmff2.a(ax5043wrfifo.o)
                0x0000451c                ax5043_writefifo
 .text          0x000045f0      0x2b4 C:\Program Files (x86)\ON Semiconductor\AXSDB\libmf\arm\libmff2.a(ax5043reset.o)
                0x000045f0                ax5043_probeirq
                0x00004648                ax5043_reset
                0x000046ac                ax5043_set_pwramp_pin
                0x00004714                ax5043_get_pwramp_pin
                0x00004720                ax5043_set_antsel_pin
                0x00004794                ax5043_get_antsel_pin
                0x000047a0                GPIOPort2_Handler
 .text          0x000048a4       0x54 C:\Program Files (x86)\ON Semiconductor\AXSDB\libmf\arm\libmff2.a(ax5043commslpexit.o)
                0x000048a4                ax5043_commsleepexit
 .text          0x000048f8       0x9c C:\Program Files (x86)\ON Semiconductor\AXSDB\libmf\arm\libmff2.a(ax5043deepsleep.o)
                0x000048f8                ax5043_enter_deepsleep
                0x00004940                ax5043_wakeup_deepsleep
 .text          0x00004994      0x390 C:\Program Files (x86)\ON Semiconductor\AXSDB\libmf\arm\libmff2.a(setupcal.o)
                0x00004994                wtimer0_correctinterval
                0x000049d4                wtimer1_correctinterval
                0x00004a14                setup_osc_calibration
                0x00004bd0                TCPWM3_Handler
 .text          0x00004d24       0x14 C:\Program Files (x86)\ON Semiconductor\AXSDB\libmf\arm\libmff2.a(crc16ansi.o)
                0x00004d24                crc_crc16_byte
 .text          0x00004d38        0x0 C:\Program Files (x86)\ON Semiconductor\AXSDB\libmf\arm\libmff2.a(crc16table.o)
 .text          0x00004d38       0x40 C:\Program Files (x86)\ON Semiconductor\AXSDB\libmf\arm\libmff2.a(sleep.o)
                0x00004d38                enter_sleep
 .text          0x00004d78       0x28 C:\Program Files (x86)\ON Semiconductor\AXSDB\libmf\arm\libmff2.a(sleepcont.o)
                0x00004d78                enter_sleep_cont
 .text          0x00004da0       0x6c C:\Program Files (x86)\ON Semiconductor\AXSDB\libmf\arm\libmff2.a(wtrem.o)
                0x00004da0                wtimer_removecb_core
                0x00004dc4                wtimer0_removecb_core
                0x00004de8                wtimer1_removecb_core
 .text          0x00004e0c      0xa88 C:\Program Files (x86)\ON Semiconductor\AXSDB\libmf\arm\libmff2.a(axm0_uart.o)
                0x00004e6c                axm0_uart_rxbufptr
                0x00004e8e                axm0_uart_txbufptr
                0x00004eb0                axm0_uart_txfreelinear
                0x00004ed4                axm0_uart_txfree
                0x00004ef2                axm0_uart_rxcountlinear
                0x00004f0a                axm0_uart_rxcount
                0x00004f24                axm0_uart_txbuffersize
                0x00004f2e                axm0_uart_rxbuffersize
                0x00004f38                axm0_uart_rxpeek
                0x00004f42                axm0_uart_txpoke
                0x00004f4e                axm0_uart_txpokehex
                0x00004f64                axm0_uart_iocore
                0x00005038                axm0_uart_poll
                0x0000504e                axm0_uart_wait_txfree
                0x00005082                axm0_uart_tx
                0x000050a2                axm0_uart_writehex16
                0x00005188                axm0_uart_writehex32
                0x00005282                axm0_uart_writenum16
                0x00005372                axm0_uart_writenum32
                0x00005488                axm0_uart_wait_rxcount
                0x000054bc                axm0_uart_rx
                0x000054dc                axm0_uart_rxadvance
                0x000054e8                axm0_uart_txadvance
                0x000054f4                axm0_uart_writestr
                0x00005554                axm0_uart_writehexu16
                0x00005584                axm0_uart_writehexu32
                0x000055b4                axm0_uart_txidle
                0x000055e0                axm0_uart_txbusy
                0x00005608                axm0_uart_wait_txdone
                0x00005640                axm0_uart_init
                0x000057d8                axm0_uart_stop
                0x00005804                axm0_uart_writeu16
                0x0000584c                axm0_uart_writeu32
 .text          0x00005894        0x0 C:\Program Files (x86)\ON Semiconductor\AXSDB\libmf\arm\libmff2.a(axm0_uart0.o)
 .text          0x00005894        0x0 C:\Program Files (x86)\ON Semiconductor\AXSDB\libmf\arm\libmff2.a(uart0txbuf.o)
 .text          0x00005894        0x0 C:\Program Files (x86)\ON Semiconductor\AXSDB\libmf\arm\libmff2.a(uart0rxbuf.o)
 .text          0x00005894       0x88 C:\Program Files (x86)\ON Semiconductor\AXSDB\libmf\arm\libmff2.a(radiodswakecore.o)
                0x00005894                radio_wakeup_deepsleep_core
 .text          0x0000591c       0x50 C:\Program Files (x86)\ON Semiconductor\AXSDB\libmf\arm\libmff2.a(ax5043rclkena.o)
                0x0000591c                ax5043_rclk_enable
 .text          0x0000596c       0x48 C:\Program Files (x86)\ON Semiconductor\AXSDB\libmf\arm\libmff2.a(wrnum16.o)
                0x0000596c                libmf_num16_digit
 .text          0x000059b4       0x48 C:\Program Files (x86)\ON Semiconductor\AXSDB\libmf\arm\libmff2.a(wrnum32.o)
                0x000059b4                libmf_num32_digit
 .text          0x000059fc        0x8 C:\Program Files (x86)\ON Semiconductor\AXSDB\libmf\arm\libmff2.a(wtstdby.o)
                0x000059fc                wtimer_standby
 .text          0x00005a04       0x14 c:/program files (x86)/gnu tools arm embedded/5.4 2016q3/bin/../lib/gcc/arm-none-eabi/5.4.1/armv6-m\libgcc.a(_thumb1_case_uqi.o)
                0x00005a04                __gnu_thumb1_case_uqi
 .text          0x00005a18       0x14 c:/program files (x86)/gnu tools arm embedded/5.4 2016q3/bin/../lib/gcc/arm-none-eabi/5.4.1/armv6-m\libgcc.a(_thumb1_case_uhi.o)
                0x00005a18                __gnu_thumb1_case_uhi
 .text          0x00005a2c      0x114 c:/program files (x86)/gnu tools arm embedded/5.4 2016q3/bin/../lib/gcc/arm-none-eabi/5.4.1/armv6-m\libgcc.a(_udivsi3.o)
                0x00005a2c                __aeabi_uidiv
                0x00005a2c                __udivsi3
                0x00005b38                __aeabi_uidivmod
 .text          0x00005b40      0x1d4 c:/program files (x86)/gnu tools arm embedded/5.4 2016q3/bin/../lib/gcc/arm-none-eabi/5.4.1/armv6-m\libgcc.a(_divsi3.o)
                0x00005b40                __divsi3
                0x00005b40                __aeabi_idiv
                0x00005d0c                __aeabi_idivmod
 .text          0x00005d14        0x4 c:/program files (x86)/gnu tools arm embedded/5.4 2016q3/bin/../lib/gcc/arm-none-eabi/5.4.1/armv6-m\libgcc.a(_dvmd_tls.o)
                0x00005d14                __aeabi_idiv0
                0x00005d14                __aeabi_ldiv0
 .text          0x00005d18       0xa8 c:/program files (x86)/gnu tools arm embedded/5.4 2016q3/bin/../lib/gcc/arm-none-eabi/5.4.1/armv6-m\libgcc.a(extendsfdf2.o)
                0x00005d18                __aeabi_f2d
 .text          0x00005dc0       0x3c c:/program files (x86)/gnu tools arm embedded/5.4 2016q3/bin/../lib/gcc/arm-none-eabi/5.4.1/armv6-m\libgcc.a(_clzsi2.o)
                0x00005dc0                __clzsi2
 .text          0x00005dfc        0x0 c:/program files (x86)/gnu tools arm embedded/5.4 2016q3/bin/../lib/gcc/arm-none-eabi/5.4.1/../../../../arm-none-eabi/lib/armv6-m\libc.a(lib_a-exit.o)
 .text.exit     0x00005dfc       0x20 c:/program files (x86)/gnu tools arm embedded/5.4 2016q3/bin/../lib/gcc/arm-none-eabi/5.4.1/../../../../arm-none-eabi/lib/armv6-m\libc.a(lib_a-exit.o)
                0x00005dfc                exit
 .text          0x00005e1c        0x0 c:/program files (x86)/gnu tools arm embedded/5.4 2016q3/bin/../lib/gcc/arm-none-eabi/5.4.1/../../../../arm-none-eabi/lib/armv6-m\libc.a(lib_a-impure.o)
 .text          0x00005e1c        0x0 c:/program files (x86)/gnu tools arm embedded/5.4 2016q3/bin/../lib/gcc/arm-none-eabi/5.4.1/../../../../arm-none-eabi/lib/armv6-m\libc.a(lib_a-init.o)
 .text.__libc_init_array
                0x00005e1c       0x48 c:/program files (x86)/gnu tools arm embedded/5.4 2016q3/bin/../lib/gcc/arm-none-eabi/5.4.1/../../../../arm-none-eabi/lib/armv6-m\libc.a(lib_a-init.o)
                0x00005e1c                __libc_init_array
 .text          0x00005e64        0x0 c:/program files (x86)/gnu tools arm embedded/5.4 2016q3/bin/../lib/gcc/arm-none-eabi/5.4.1/../../../../arm-none-eabi/lib/armv6-m\libc.a(lib_a-memcpy-stub.o)
 .text.memcpy   0x00005e64       0x7c c:/program files (x86)/gnu tools arm embedded/5.4 2016q3/bin/../lib/gcc/arm-none-eabi/5.4.1/../../../../arm-none-eabi/lib/armv6-m\libc.a(lib_a-memcpy-stub.o)
                0x00005e64                memcpy
 .text          0x00005ee0        0x0 c:/program files (x86)/gnu tools arm embedded/5.4 2016q3/bin/../lib/gcc/arm-none-eabi/5.4.1/../../../../arm-none-eabi/lib/armv6-m\libc.a(lib_a-memset.o)
 .text.memset   0x00005ee0       0x8c c:/program files (x86)/gnu tools arm embedded/5.4 2016q3/bin/../lib/gcc/arm-none-eabi/5.4.1/../../../../arm-none-eabi/lib/armv6-m\libc.a(lib_a-memset.o)
                0x00005ee0                memset
 .text          0x00005f6c        0x0 c:/program files (x86)/gnu tools arm embedded/5.4 2016q3/bin/../lib/gcc/arm-none-eabi/5.4.1/../../../../arm-none-eabi/lib/armv6-m\libc.a(lib_a-sprintf.o)
 .text._sprintf_r
                0x00005f6c       0x40 c:/program files (x86)/gnu tools arm embedded/5.4 2016q3/bin/../lib/gcc/arm-none-eabi/5.4.1/../../../../arm-none-eabi/lib/armv6-m\libc.a(lib_a-sprintf.o)
                0x00005f6c                _sprintf_r
 .text.sprintf  0x00005fac       0x44 c:/program files (x86)/gnu tools arm embedded/5.4 2016q3/bin/../lib/gcc/arm-none-eabi/5.4.1/../../../../arm-none-eabi/lib/armv6-m\libc.a(lib_a-sprintf.o)
                0x00005fac                sprintf
 .text          0x00005ff0        0x0 c:/program files (x86)/gnu tools arm embedded/5.4 2016q3/bin/../lib/gcc/arm-none-eabi/5.4.1/../../../../arm-none-eabi/lib/armv6-m\libc.a(lib_a-svfprintf.o)
 .text._svfprintf_r
                0x00005ff0     0x1820 c:/program files (x86)/gnu tools arm embedded/5.4 2016q3/bin/../lib/gcc/arm-none-eabi/5.4.1/../../../../arm-none-eabi/lib/armv6-m\libc.a(lib_a-svfprintf.o)
                0x00005ff0                _svfprintf_r
 .text          0x00007810        0x0 c:/program files (x86)/gnu tools arm embedded/5.4 2016q3/bin/../lib/gcc/arm-none-eabi/5.4.1/../../../../arm-none-eabi/lib/armv6-m\libc.a(lib_a-__call_atexit.o)
 .text.startup.register_fini
                0x00007810       0x18 c:/program files (x86)/gnu tools arm embedded/5.4 2016q3/bin/../lib/gcc/arm-none-eabi/5.4.1/../../../../arm-none-eabi/lib/armv6-m\libc.a(lib_a-__call_atexit.o)
 .text.__call_exitprocs
                0x00007828       0xfc c:/program files (x86)/gnu tools arm embedded/5.4 2016q3/bin/../lib/gcc/arm-none-eabi/5.4.1/../../../../arm-none-eabi/lib/armv6-m\libc.a(lib_a-__call_atexit.o)
                0x00007828                __call_exitprocs
 .text          0x00007924        0x0 c:/program files (x86)/gnu tools arm embedded/5.4 2016q3/bin/../lib/gcc/arm-none-eabi/5.4.1/../../../../arm-none-eabi/lib/armv6-m\libc.a(lib_a-atexit.o)
 .text.atexit   0x00007924       0x10 c:/program files (x86)/gnu tools arm embedded/5.4 2016q3/bin/../lib/gcc/arm-none-eabi/5.4.1/../../../../arm-none-eabi/lib/armv6-m\libc.a(lib_a-atexit.o)
                0x00007924                atexit
 .text          0x00007934        0x0 c:/program files (x86)/gnu tools arm embedded/5.4 2016q3/bin/../lib/gcc/arm-none-eabi/5.4.1/../../../../arm-none-eabi/lib/armv6-m\libc.a(lib_a-dtoa.o)
 .text.quorem   0x00007934      0x150 c:/program files (x86)/gnu tools arm embedded/5.4 2016q3/bin/../lib/gcc/arm-none-eabi/5.4.1/../../../../arm-none-eabi/lib/armv6-m\libc.a(lib_a-dtoa.o)
 .text._dtoa_r  0x00007a84      0xf54 c:/program files (x86)/gnu tools arm embedded/5.4 2016q3/bin/../lib/gcc/arm-none-eabi/5.4.1/../../../../arm-none-eabi/lib/armv6-m\libc.a(lib_a-dtoa.o)
                0x00007a84                _dtoa_r
 .text          0x000089d8        0x0 c:/program files (x86)/gnu tools arm embedded/5.4 2016q3/bin/../lib/gcc/arm-none-eabi/5.4.1/../../../../arm-none-eabi/lib/armv6-m\libc.a(lib_a-fini.o)
 .text.__libc_fini_array
                0x000089d8       0x34 c:/program files (x86)/gnu tools arm embedded/5.4 2016q3/bin/../lib/gcc/arm-none-eabi/5.4.1/../../../../arm-none-eabi/lib/armv6-m\libc.a(lib_a-fini.o)
                0x000089d8                __libc_fini_array
 .text          0x00008a0c        0x0 c:/program files (x86)/gnu tools arm embedded/5.4 2016q3/bin/../lib/gcc/arm-none-eabi/5.4.1/../../../../arm-none-eabi/lib/armv6-m\libc.a(lib_a-localeconv.o)
 .text.__localeconv_l
                0x00008a0c        0x4 c:/program files (x86)/gnu tools arm embedded/5.4 2016q3/bin/../lib/gcc/arm-none-eabi/5.4.1/../../../../arm-none-eabi/lib/armv6-m\libc.a(lib_a-localeconv.o)
                0x00008a0c                __localeconv_l
 .text._localeconv_r
                0x00008a10       0x1c c:/program files (x86)/gnu tools arm embedded/5.4 2016q3/bin/../lib/gcc/arm-none-eabi/5.4.1/../../../../arm-none-eabi/lib/armv6-m\libc.a(lib_a-localeconv.o)
                0x00008a10                _localeconv_r
 .text.localeconv
                0x00008a2c       0x1c c:/program files (x86)/gnu tools arm embedded/5.4 2016q3/bin/../lib/gcc/arm-none-eabi/5.4.1/../../../../arm-none-eabi/lib/armv6-m\libc.a(lib_a-localeconv.o)
                0x00008a2c                localeconv
 .text          0x00008a48        0x0 c:/program files (x86)/gnu tools arm embedded/5.4 2016q3/bin/../lib/gcc/arm-none-eabi/5.4.1/../../../../arm-none-eabi/lib/armv6-m\libc.a(lib_a-mallocr.o)
 .text._malloc_r
                0x00008a48      0x554 c:/program files (x86)/gnu tools arm embedded/5.4 2016q3/bin/../lib/gcc/arm-none-eabi/5.4.1/../../../../arm-none-eabi/lib/armv6-m\libc.a(lib_a-mallocr.o)
                0x00008a48                _malloc_r
 .text          0x00008f9c        0x0 c:/program files (x86)/gnu tools arm embedded/5.4 2016q3/bin/../lib/gcc/arm-none-eabi/5.4.1/../../../../arm-none-eabi/lib/armv6-m\libc.a(lib_a-memchr-stub.o)
 .text.memchr   0x00008f9c       0x90 c:/program files (x86)/gnu tools arm embedded/5.4 2016q3/bin/../lib/gcc/arm-none-eabi/5.4.1/../../../../arm-none-eabi/lib/armv6-m\libc.a(lib_a-memchr-stub.o)
                0x00008f9c                memchr
 .text          0x0000902c        0x0 c:/program files (x86)/gnu tools arm embedded/5.4 2016q3/bin/../lib/gcc/arm-none-eabi/5.4.1/../../../../arm-none-eabi/lib/armv6-m\libc.a(lib_a-mlock.o)
 .text.__malloc_lock
                0x0000902c        0x4 c:/program files (x86)/gnu tools arm embedded/5.4 2016q3/bin/../lib/gcc/arm-none-eabi/5.4.1/../../../../arm-none-eabi/lib/armv6-m\libc.a(lib_a-mlock.o)
                0x0000902c                __malloc_lock
 .text.__malloc_unlock
                0x00009030        0x4 c:/program files (x86)/gnu tools arm embedded/5.4 2016q3/bin/../lib/gcc/arm-none-eabi/5.4.1/../../../../arm-none-eabi/lib/armv6-m\libc.a(lib_a-mlock.o)
                0x00009030                __malloc_unlock
 .text          0x00009034        0x0 c:/program files (x86)/gnu tools arm embedded/5.4 2016q3/bin/../lib/gcc/arm-none-eabi/5.4.1/../../../../arm-none-eabi/lib/armv6-m\libc.a(lib_a-mprec.o)
 .text._Balloc  0x00009034       0x50 c:/program files (x86)/gnu tools arm embedded/5.4 2016q3/bin/../lib/gcc/arm-none-eabi/5.4.1/../../../../arm-none-eabi/lib/armv6-m\libc.a(lib_a-mprec.o)
                0x00009034                _Balloc
 .text._Bfree   0x00009084       0x14 c:/program files (x86)/gnu tools arm embedded/5.4 2016q3/bin/../lib/gcc/arm-none-eabi/5.4.1/../../../../arm-none-eabi/lib/armv6-m\libc.a(lib_a-mprec.o)
                0x00009084                _Bfree
 .text.__multadd
                0x00009098       0x8c c:/program files (x86)/gnu tools arm embedded/5.4 2016q3/bin/../lib/gcc/arm-none-eabi/5.4.1/../../../../arm-none-eabi/lib/armv6-m\libc.a(lib_a-mprec.o)
                0x00009098                __multadd
 .text.__s2b    0x00009124       0x90 c:/program files (x86)/gnu tools arm embedded/5.4 2016q3/bin/../lib/gcc/arm-none-eabi/5.4.1/../../../../arm-none-eabi/lib/armv6-m\libc.a(lib_a-mprec.o)
                0x00009124                __s2b
 .text.__hi0bits
                0x000091b4       0x3c c:/program files (x86)/gnu tools arm embedded/5.4 2016q3/bin/../lib/gcc/arm-none-eabi/5.4.1/../../../../arm-none-eabi/lib/armv6-m\libc.a(lib_a-mprec.o)
                0x000091b4                __hi0bits
 .text.__lo0bits
                0x000091f0       0x5c c:/program files (x86)/gnu tools arm embedded/5.4 2016q3/bin/../lib/gcc/arm-none-eabi/5.4.1/../../../../arm-none-eabi/lib/armv6-m\libc.a(lib_a-mprec.o)
                0x000091f0                __lo0bits
 .text.__i2b    0x0000924c       0x14 c:/program files (x86)/gnu tools arm embedded/5.4 2016q3/bin/../lib/gcc/arm-none-eabi/5.4.1/../../../../arm-none-eabi/lib/armv6-m\libc.a(lib_a-mprec.o)
                0x0000924c                __i2b
 .text.__multiply
                0x00009260      0x15c c:/program files (x86)/gnu tools arm embedded/5.4 2016q3/bin/../lib/gcc/arm-none-eabi/5.4.1/../../../../arm-none-eabi/lib/armv6-m\libc.a(lib_a-mprec.o)
                0x00009260                __multiply
 .text.__pow5mult
                0x000093bc       0xbc c:/program files (x86)/gnu tools arm embedded/5.4 2016q3/bin/../lib/gcc/arm-none-eabi/5.4.1/../../../../arm-none-eabi/lib/armv6-m\libc.a(lib_a-mprec.o)
                0x000093bc                __pow5mult
 .text.__lshift
                0x00009478       0xc0 c:/program files (x86)/gnu tools arm embedded/5.4 2016q3/bin/../lib/gcc/arm-none-eabi/5.4.1/../../../../arm-none-eabi/lib/armv6-m\libc.a(lib_a-mprec.o)
                0x00009478                __lshift
 .text.__mcmp   0x00009538       0x3c c:/program files (x86)/gnu tools arm embedded/5.4 2016q3/bin/../lib/gcc/arm-none-eabi/5.4.1/../../../../arm-none-eabi/lib/armv6-m\libc.a(lib_a-mprec.o)
                0x00009538                __mcmp
 .text.__mdiff  0x00009574      0x11c c:/program files (x86)/gnu tools arm embedded/5.4 2016q3/bin/../lib/gcc/arm-none-eabi/5.4.1/../../../../arm-none-eabi/lib/armv6-m\libc.a(lib_a-mprec.o)
                0x00009574                __mdiff
 .text.__ulp    0x00009690       0x4c c:/program files (x86)/gnu tools arm embedded/5.4 2016q3/bin/../lib/gcc/arm-none-eabi/5.4.1/../../../../arm-none-eabi/lib/armv6-m\libc.a(lib_a-mprec.o)
                0x00009690                __ulp
 .text.__b2d    0x000096dc       0xd8 c:/program files (x86)/gnu tools arm embedded/5.4 2016q3/bin/../lib/gcc/arm-none-eabi/5.4.1/../../../../arm-none-eabi/lib/armv6-m\libc.a(lib_a-mprec.o)
                0x000096dc                __b2d
 .text.__d2b    0x000097b4       0xbc c:/program files (x86)/gnu tools arm embedded/5.4 2016q3/bin/../lib/gcc/arm-none-eabi/5.4.1/../../../../arm-none-eabi/lib/armv6-m\libc.a(lib_a-mprec.o)
                0x000097b4                __d2b
 .text.__ratio  0x00009870       0x74 c:/program files (x86)/gnu tools arm embedded/5.4 2016q3/bin/../lib/gcc/arm-none-eabi/5.4.1/../../../../arm-none-eabi/lib/armv6-m\libc.a(lib_a-mprec.o)
                0x00009870                __ratio
 .text._mprec_log10
                0x000098e4       0x34 c:/program files (x86)/gnu tools arm embedded/5.4 2016q3/bin/../lib/gcc/arm-none-eabi/5.4.1/../../../../arm-none-eabi/lib/armv6-m\libc.a(lib_a-mprec.o)
                0x000098e4                _mprec_log10
 .text.__copybits
                0x00009918       0x40 c:/program files (x86)/gnu tools arm embedded/5.4 2016q3/bin/../lib/gcc/arm-none-eabi/5.4.1/../../../../arm-none-eabi/lib/armv6-m\libc.a(lib_a-mprec.o)
                0x00009918                __copybits
 .text.__any_on
                0x00009958       0x60 c:/program files (x86)/gnu tools arm embedded/5.4 2016q3/bin/../lib/gcc/arm-none-eabi/5.4.1/../../../../arm-none-eabi/lib/armv6-m\libc.a(lib_a-mprec.o)
                0x00009958                __any_on
 .text          0x000099b8        0x0 c:/program files (x86)/gnu tools arm embedded/5.4 2016q3/bin/../lib/gcc/arm-none-eabi/5.4.1/../../../../arm-none-eabi/lib/armv6-m\libc.a(lib_a-sbrkr.o)
 .text._sbrk_r  0x000099b8       0x24 c:/program files (x86)/gnu tools arm embedded/5.4 2016q3/bin/../lib/gcc/arm-none-eabi/5.4.1/../../../../arm-none-eabi/lib/armv6-m\libc.a(lib_a-sbrkr.o)
                0x000099b8                _sbrk_r
 .text          0x000099dc        0x0 c:/program files (x86)/gnu tools arm embedded/5.4 2016q3/bin/../lib/gcc/arm-none-eabi/5.4.1/../../../../arm-none-eabi/lib/armv6-m\libc.a(lib_a-strlen-stub.o)
 .text.strlen   0x000099dc       0x68 c:/program files (x86)/gnu tools arm embedded/5.4 2016q3/bin/../lib/gcc/arm-none-eabi/5.4.1/../../../../arm-none-eabi/lib/armv6-m\libc.a(lib_a-strlen-stub.o)
                0x000099dc                strlen
 .text          0x00009a44        0x0 c:/program files (x86)/gnu tools arm embedded/5.4 2016q3/bin/../lib/gcc/arm-none-eabi/5.4.1/../../../../arm-none-eabi/lib/armv6-m\libc.a(lib_a-svfiprintf.o)
 .text.__ssprint_r
                0x00009a44      0x130 c:/program files (x86)/gnu tools arm embedded/5.4 2016q3/bin/../lib/gcc/arm-none-eabi/5.4.1/../../../../arm-none-eabi/lib/armv6-m\libc.a(lib_a-svfiprintf.o)
                0x00009a44                __ssprint_r
 .text._svfiprintf_r
                0x00009b74      0xc88 c:/program files (x86)/gnu tools arm embedded/5.4 2016q3/bin/../lib/gcc/arm-none-eabi/5.4.1/../../../../arm-none-eabi/lib/armv6-m\libc.a(lib_a-svfiprintf.o)
                0x00009b74                _svfiprintf_r
 .text          0x0000a7fc        0x0 c:/program files (x86)/gnu tools arm embedded/5.4 2016q3/bin/../lib/gcc/arm-none-eabi/5.4.1/../../../../arm-none-eabi/lib/armv6-m\libc.a(lib_a-__atexit.o)
 .text.__register_exitproc
                0x0000a7fc       0xd4 c:/program files (x86)/gnu tools arm embedded/5.4 2016q3/bin/../lib/gcc/arm-none-eabi/5.4.1/../../../../arm-none-eabi/lib/armv6-m\libc.a(lib_a-__atexit.o)
                0x0000a7fc                __register_exitproc
 .text          0x0000a8d0        0x0 c:/program files (x86)/gnu tools arm embedded/5.4 2016q3/bin/../lib/gcc/arm-none-eabi/5.4.1/../../../../arm-none-eabi/lib/armv6-m\libc.a(lib_a-callocr.o)
 .text._calloc_r
                0x0000a8d0       0x60 c:/program files (x86)/gnu tools arm embedded/5.4 2016q3/bin/../lib/gcc/arm-none-eabi/5.4.1/../../../../arm-none-eabi/lib/armv6-m\libc.a(lib_a-callocr.o)
                0x0000a8d0                _calloc_r
 .text          0x0000a930        0x0 c:/program files (x86)/gnu tools arm embedded/5.4 2016q3/bin/../lib/gcc/arm-none-eabi/5.4.1/../../../../arm-none-eabi/lib/armv6-m\libc.a(lib_a-freer.o)
 .text._malloc_trim_r
                0x0000a930       0xa0 c:/program files (x86)/gnu tools arm embedded/5.4 2016q3/bin/../lib/gcc/arm-none-eabi/5.4.1/../../../../arm-none-eabi/lib/armv6-m\libc.a(lib_a-freer.o)
                0x0000a930                _malloc_trim_r
 .text._free_r  0x0000a9d0      0x1c4 c:/program files (x86)/gnu tools arm embedded/5.4 2016q3/bin/../lib/gcc/arm-none-eabi/5.4.1/../../../../arm-none-eabi/lib/armv6-m\libc.a(lib_a-freer.o)
                0x0000a9d0                _free_r
 .text          0x0000ab94        0x0 c:/program files (x86)/gnu tools arm embedded/5.4 2016q3/bin/../lib/gcc/arm-none-eabi/5.4.1/../../../../arm-none-eabi/lib/armv6-m\libc.a(lib_a-locale.o)
 .text.__get_current_locale
                0x0000ab94       0x18 c:/program files (x86)/gnu tools arm embedded/5.4 2016q3/bin/../lib/gcc/arm-none-eabi/5.4.1/../../../../arm-none-eabi/lib/armv6-m\libc.a(lib_a-locale.o)
 .text._setlocale_r
                0x0000abac       0x44 c:/program files (x86)/gnu tools arm embedded/5.4 2016q3/bin/../lib/gcc/arm-none-eabi/5.4.1/../../../../arm-none-eabi/lib/armv6-m\libc.a(lib_a-locale.o)
                0x0000abac                _setlocale_r
 .text.__locale_mb_cur_max
                0x0000abf0       0x20 c:/program files (x86)/gnu tools arm embedded/5.4 2016q3/bin/../lib/gcc/arm-none-eabi/5.4.1/../../../../arm-none-eabi/lib/armv6-m\libc.a(lib_a-locale.o)
                0x0000abf0                __locale_mb_cur_max
 .text.__locale_ctype_ptr_l
                0x0000ac10        0x8 c:/program files (x86)/gnu tools arm embedded/5.4 2016q3/bin/../lib/gcc/arm-none-eabi/5.4.1/../../../../arm-none-eabi/lib/armv6-m\libc.a(lib_a-locale.o)
                0x0000ac10                __locale_ctype_ptr_l
 .text.__locale_ctype_ptr
                0x0000ac18       0x14 c:/program files (x86)/gnu tools arm embedded/5.4 2016q3/bin/../lib/gcc/arm-none-eabi/5.4.1/../../../../arm-none-eabi/lib/armv6-m\libc.a(lib_a-locale.o)
                0x0000ac18                __locale_ctype_ptr
 .text.setlocale
                0x0000ac2c       0x18 c:/program files (x86)/gnu tools arm embedded/5.4 2016q3/bin/../lib/gcc/arm-none-eabi/5.4.1/../../../../arm-none-eabi/lib/armv6-m\libc.a(lib_a-locale.o)
                0x0000ac2c                setlocale
 .text          0x0000ac44        0x0 c:/program files (x86)/gnu tools arm embedded/5.4 2016q3/bin/../lib/gcc/arm-none-eabi/5.4.1/../../../../arm-none-eabi/lib/armv6-m\libc.a(lib_a-mbtowc_r.o)
 .text._mbtowc_r
                0x0000ac44       0x28 c:/program files (x86)/gnu tools arm embedded/5.4 2016q3/bin/../lib/gcc/arm-none-eabi/5.4.1/../../../../arm-none-eabi/lib/armv6-m\libc.a(lib_a-mbtowc_r.o)
                0x0000ac44                _mbtowc_r
 .text.__ascii_mbtowc
                0x0000ac6c       0x2c c:/program files (x86)/gnu tools arm embedded/5.4 2016q3/bin/../lib/gcc/arm-none-eabi/5.4.1/../../../../arm-none-eabi/lib/armv6-m\libc.a(lib_a-mbtowc_r.o)
                0x0000ac6c                __ascii_mbtowc
 .text          0x0000ac98        0x0 c:/program files (x86)/gnu tools arm embedded/5.4 2016q3/bin/../lib/gcc/arm-none-eabi/5.4.1/../../../../arm-none-eabi/lib/armv6-m\libc.a(lib_a-memmove.o)
 .text.memmove  0x0000ac98       0x98 c:/program files (x86)/gnu tools arm embedded/5.4 2016q3/bin/../lib/gcc/arm-none-eabi/5.4.1/../../../../arm-none-eabi/lib/armv6-m\libc.a(lib_a-memmove.o)
                0x0000ac98                memmove
 .text          0x0000ad30        0x0 c:/program files (x86)/gnu tools arm embedded/5.4 2016q3/bin/../lib/gcc/arm-none-eabi/5.4.1/../../../../arm-none-eabi/lib/armv6-m\libc.a(lib_a-reallocr.o)
 .text._realloc_r
                0x0000ad30      0x3dc c:/program files (x86)/gnu tools arm embedded/5.4 2016q3/bin/../lib/gcc/arm-none-eabi/5.4.1/../../../../arm-none-eabi/lib/armv6-m\libc.a(lib_a-reallocr.o)
                0x0000ad30                _realloc_r
 .text          0x0000b10c        0x0 c:/program files (x86)/gnu tools arm embedded/5.4 2016q3/bin/../lib/gcc/arm-none-eabi/5.4.1/../../../../arm-none-eabi/lib/armv6-m\libc.a(lib_a-reent.o)
 .text.cleanup_glue
                0x0000b10c       0x1c c:/program files (x86)/gnu tools arm embedded/5.4 2016q3/bin/../lib/gcc/arm-none-eabi/5.4.1/../../../../arm-none-eabi/lib/armv6-m\libc.a(lib_a-reent.o)
                0x0000b10c                cleanup_glue
 .text._reclaim_reent
                0x0000b128       0x94 c:/program files (x86)/gnu tools arm embedded/5.4 2016q3/bin/../lib/gcc/arm-none-eabi/5.4.1/../../../../arm-none-eabi/lib/armv6-m\libc.a(lib_a-reent.o)
                0x0000b128                _reclaim_reent
 .text          0x0000b1bc       0x88 c:/program files (x86)/gnu tools arm embedded/5.4 2016q3/bin/../lib/gcc/arm-none-eabi/5.4.1/../../../../arm-none-eabi/lib/armv6-m\libc.a(lib_a-strcmp.o)
                0x0000b1bc                strcmp
 .text          0x0000b244        0x0 c:/program files (x86)/gnu tools arm embedded/5.4 2016q3/bin/../lib/gcc/arm-none-eabi/5.4.1/../../../../arm-none-eabi/lib/armv6-m\libc.a(lib_a-wctomb_r.o)
 .text._wctomb_r
                0x0000b244       0x20 c:/program files (x86)/gnu tools arm embedded/5.4 2016q3/bin/../lib/gcc/arm-none-eabi/5.4.1/../../../../arm-none-eabi/lib/armv6-m\libc.a(lib_a-wctomb_r.o)
                0x0000b244                _wctomb_r
 .text.__ascii_wctomb
                0x0000b264       0x1c c:/program files (x86)/gnu tools arm embedded/5.4 2016q3/bin/../lib/gcc/arm-none-eabi/5.4.1/../../../../arm-none-eabi/lib/armv6-m\libc.a(lib_a-wctomb_r.o)
                0x0000b264                __ascii_wctomb
 .text          0x0000b280        0x0 c:/program files (x86)/gnu tools arm embedded/5.4 2016q3/bin/../lib/gcc/arm-none-eabi/5.4.1/../../../../arm-none-eabi/lib/armv6-m\libc.a(lib_a-ctype_.o)
 .text          0x0000b280       0x7c c:/program files (x86)/gnu tools arm embedded/5.4 2016q3/bin/../lib/gcc/arm-none-eabi/5.4.1/armv6-m\libgcc.a(_arm_cmpdf2.o)
                0x0000b280                __aeabi_cdrcmple
                0x0000b290                __aeabi_cdcmple
                0x0000b290                __aeabi_cdcmpeq
                0x0000b2a0                __aeabi_dcmpeq
                0x0000b2ac                __aeabi_dcmplt
                0x0000b2c0                __aeabi_dcmple
                0x0000b2d4                __aeabi_dcmpgt
                0x0000b2e8                __aeabi_dcmpge
 .text          0x0000b2fc       0x40 c:/program files (x86)/gnu tools arm embedded/5.4 2016q3/bin/../lib/gcc/arm-none-eabi/5.4.1/armv6-m\libgcc.a(_aeabi_uldivmod.o)
                0x0000b2fc                __aeabi_uldivmod
 .text          0x0000b33c      0x180 c:/program files (x86)/gnu tools arm embedded/5.4 2016q3/bin/../lib/gcc/arm-none-eabi/5.4.1/armv6-m\libgcc.a(_udivmoddi4.o)
                0x0000b33c                __udivmoddi4
 .text          0x0000b4bc      0x658 c:/program files (x86)/gnu tools arm embedded/5.4 2016q3/bin/../lib/gcc/arm-none-eabi/5.4.1/armv6-m\libgcc.a(adddf3.o)
                0x0000b4bc                __aeabi_dadd
 .text          0x0000bb14      0x62c c:/program files (x86)/gnu tools arm embedded/5.4 2016q3/bin/../lib/gcc/arm-none-eabi/5.4.1/armv6-m\libgcc.a(divdf3.o)
                0x0000bb14                __aeabi_ddiv
 .text          0x0000c140       0x80 c:/program files (x86)/gnu tools arm embedded/5.4 2016q3/bin/../lib/gcc/arm-none-eabi/5.4.1/armv6-m\libgcc.a(eqdf2.o)
                0x0000c140                __nedf2
                0x0000c140                __eqdf2
 .text          0x0000c1c0       0xc8 c:/program files (x86)/gnu tools arm embedded/5.4 2016q3/bin/../lib/gcc/arm-none-eabi/5.4.1/armv6-m\libgcc.a(gedf2.o)
                0x0000c1c0                __gedf2
                0x0000c1c0                __gtdf2
 .text          0x0000c288       0xd4 c:/program files (x86)/gnu tools arm embedded/5.4 2016q3/bin/../lib/gcc/arm-none-eabi/5.4.1/armv6-m\libgcc.a(ledf2.o)
                0x0000c288                __ledf2
                0x0000c288                __ltdf2
 .text          0x0000c35c      0x4f4 c:/program files (x86)/gnu tools arm embedded/5.4 2016q3/bin/../lib/gcc/arm-none-eabi/5.4.1/armv6-m\libgcc.a(muldf3.o)
                0x0000c35c                __aeabi_dmul
 .text          0x0000c850      0x6a8 c:/program files (x86)/gnu tools arm embedded/5.4 2016q3/bin/../lib/gcc/arm-none-eabi/5.4.1/armv6-m\libgcc.a(subdf3.o)
                0x0000c850                __aeabi_dsub
 .text          0x0000cef8       0x40 c:/program files (x86)/gnu tools arm embedded/5.4 2016q3/bin/../lib/gcc/arm-none-eabi/5.4.1/armv6-m\libgcc.a(unorddf2.o)
                0x0000cef8                __aeabi_dcmpun
 .text          0x0000cf38       0x6c c:/program files (x86)/gnu tools arm embedded/5.4 2016q3/bin/../lib/gcc/arm-none-eabi/5.4.1/armv6-m\libgcc.a(fixdfsi.o)
                0x0000cf38                __aeabi_d2iz
 .text          0x0000cfa4       0x84 c:/program files (x86)/gnu tools arm embedded/5.4 2016q3/bin/../lib/gcc/arm-none-eabi/5.4.1/armv6-m\libgcc.a(floatsidf.o)
                0x0000cfa4                __aeabi_i2d
 .text          0x0000d028       0x70 c:/program files (x86)/gnu tools arm embedded/5.4 2016q3/bin/../lib/gcc/arm-none-eabi/5.4.1/armv6-m\libgcc.a(floatunsidf.o)
                0x0000d028                __aeabi_ui2d
 .text          0x0000d098       0x18 c:/program files (x86)/gnu tools arm embedded/5.4 2016q3/bin/../lib/gcc/arm-none-eabi/5.4.1/armv6-m\libgcc.a(_clzdi2.o)
                0x0000d098                __clzdi2
 .text          0x0000d0b0        0x0 c:/program files (x86)/gnu tools arm embedded/5.4 2016q3/bin/../lib/gcc/arm-none-eabi/5.4.1/../../../../arm-none-eabi/lib/armv6-m\libnosys.a(sbrk.o)
 .text._sbrk    0x0000d0b0       0x1c c:/program files (x86)/gnu tools arm embedded/5.4 2016q3/bin/../lib/gcc/arm-none-eabi/5.4.1/../../../../arm-none-eabi/lib/armv6-m\libnosys.a(sbrk.o)
                0x0000d0b0                _sbrk
 .text          0x0000d0cc        0x0 c:/program files (x86)/gnu tools arm embedded/5.4 2016q3/bin/../lib/gcc/arm-none-eabi/5.4.1/../../../../arm-none-eabi/lib/armv6-m\libnosys.a(_exit.o)
 .text._exit    0x0000d0cc        0x4 c:/program files (x86)/gnu tools arm embedded/5.4 2016q3/bin/../lib/gcc/arm-none-eabi/5.4.1/../../../../arm-none-eabi/lib/armv6-m\libnosys.a(_exit.o)
                0x0000d0cc                _exit
 .text          0x0000d0d0        0x0 c:/program files (x86)/gnu tools arm embedded/5.4 2016q3/bin/../lib/gcc/arm-none-eabi/5.4.1/armv6-m/crtend.o
 .text          0x0000d0d0        0x0 c:/program files (x86)/gnu tools arm embedded/5.4 2016q3/bin/../lib/gcc/arm-none-eabi/5.4.1/armv6-m/crtn.o
 *(.init)
 .init          0x0000d0d0        0x4 c:/program files (x86)/gnu tools arm embedded/5.4 2016q3/bin/../lib/gcc/arm-none-eabi/5.4.1/armv6-m/crti.o
                0x0000d0d0                _init
 .init          0x0000d0d4        0x8 c:/program files (x86)/gnu tools arm embedded/5.4 2016q3/bin/../lib/gcc/arm-none-eabi/5.4.1/armv6-m/crtn.o
 *(.fini)
 .fini          0x0000d0dc        0x4 c:/program files (x86)/gnu tools arm embedded/5.4 2016q3/bin/../lib/gcc/arm-none-eabi/5.4.1/armv6-m/crti.o
                0x0000d0dc                _fini
 .fini          0x0000d0e0        0x8 c:/program files (x86)/gnu tools arm embedded/5.4 2016q3/bin/../lib/gcc/arm-none-eabi/5.4.1/armv6-m/crtn.o
 *crtbegin.o(.ctors)
 *crtbegin?.o(.ctors)
 *(EXCLUDE_FILE(*crtend.o *crtend?.o) .ctors)
 *(SORT(.ctors.*))
 *(.ctors)
 *crtbegin.o(.dtors)
 *crtbegin?.o(.dtors)
 *(EXCLUDE_FILE(*crtend.o *crtend?.o) .dtors)
 *(SORT(.dtors.*))
 *(.dtors)
 *(.rodata*)
 .rodata        0x0000d0e8       0x7b obj\Debug\AX_Radio_Lab_output\config.o
                0x0000d0e8                axradio_sync_slave_rxtimeout
                0x0000d0ec                axradio_sync_slave_rxwindow
                0x0000d0f8                axradio_sync_slave_rxadvance
                0x0000d104                axradio_sync_slave_nrrx
                0x0000d105                axradio_sync_slave_resyncloss
                0x0000d106                axradio_sync_slave_maxperiod
                0x0000d108                axradio_sync_slave_syncpause
                0x0000d10c                axradio_sync_slave_initialsyncwindow
                0x0000d110                axradio_sync_slave_syncwindow
                0x0000d114                axradio_sync_xoscstartup
                0x0000d118                axradio_sync_period
                0x0000d11c                axradio_wor_period
                0x0000d11e                axradio_framing_minpayloadlen
                0x0000d11f                axradio_framing_ack_seqnrpos
                0x0000d120                axradio_framing_ack_retransmissions
                0x0000d124                axradio_framing_ack_delay
                0x0000d128                axradio_framing_ack_timeout
                0x0000d12c                axradio_framing_enable_sfdcallback
                0x0000d12d                axradio_framing_syncflags
                0x0000d12e                axradio_framing_syncword
                0x0000d132                axradio_framing_synclen
                0x0000d133                axradio_framing_swcrclen
                0x0000d134                axradio_framing_lenmask
                0x0000d135                axradio_framing_lenoffs
                0x0000d136                axradio_framing_lenpos
                0x0000d137                axradio_framing_sourceaddrpos
                0x0000d138                axradio_framing_destaddrpos
                0x0000d139                axradio_framing_addrlen
                0x0000d13a                axradio_framing_maclen
                0x0000d13b                axradio_phy_preamble_appendpattern
                0x0000d13c                axradio_phy_preamble_appendbits
                0x0000d13d                axradio_phy_preamble_flags
                0x0000d13e                axradio_phy_preamble_byte
                0x0000d140                axradio_phy_preamble_len
                0x0000d142                axradio_phy_preamble_longlen
                0x0000d144                axradio_phy_preamble_wor_len
                0x0000d146                axradio_phy_preamble_wor_longlen
                0x0000d148                axradio_phy_lbt_forcetx
                0x0000d149                axradio_phy_lbt_retries
                0x0000d14a                axradio_phy_cs_enabled
                0x0000d14c                axradio_phy_cs_period
                0x0000d14e                axradio_phy_channelbusy
                0x0000d14f                axradio_phy_rssireference
                0x0000d150                axradio_phy_rssioffset
                0x0000d154                axradio_phy_maxfreqoffset
                0x0000d158                axradio_phy_vcocalib
                0x0000d159                axradio_phy_chanvcoiinit
                0x0000d15a                axradio_phy_chanpllrnginit
                0x0000d15c                axradio_phy_chanfreq
                0x0000d160                axradio_phy_nrchannels
                0x0000d161                axradio_phy_pn9
                0x0000d162                axradio_phy_innerfreqloop
 *fill*         0x0000d163        0x1 
 .rodata        0x0000d164       0x12 obj\Debug\AX_Radio_Lab_output\configslave.o
                0x0000d164                lpxosc_settlingtime
                0x0000d166                lposckfiltmax
                0x0000d168                framing_counter_pos
                0x0000d169                framing_insert_counter
                0x0000d16a                localaddr
                0x0000d172                remoteaddr
 *fill*         0x0000d176        0x2 
 .rodata        0x0000d178       0x40 obj\Debug\COMMON\misc.o
 .rodata.str1.1
                0x0000d1b8       0x58 obj\Debug\COMMON\misc.o
 .rodata        0x0000d210        0x2 obj\Debug\SLAVE\main.o
                0x0000d210                AxM0_Mini_Kit
                0x0000d211                txondemand_mode
 .rodata.str1.1
                0x0000d212       0x56 obj\Debug\SLAVE\main.o
 .rodata        0x0000d268      0x200 C:\Program Files (x86)\ON Semiconductor\AXSDB\libmf\arm\libmff2.a(crc16table.o)
                0x0000d268                crc_crc16_table
 .rodata        0x0000d468       0x1c C:\Program Files (x86)\ON Semiconductor\AXSDB\libmf\arm\libmff2.a(axm0_uart0.o)
                0x0000d468                _uart0_descriptor
 .rodata        0x0000d484        0x2 C:\Program Files (x86)\ON Semiconductor\AXSDB\libmf\arm\libmff2.a(uart0txbuf.o)
                0x0000d484                uart0_txbuffer_size
 .rodata        0x0000d486        0x2 C:\Program Files (x86)\ON Semiconductor\AXSDB\libmf\arm\libmff2.a(uart0rxbuf.o)
                0x0000d486                uart0_rxbuffer_size
 .rodata        0x0000d488       0x20 C:\Program Files (x86)\ON Semiconductor\AXSDB\libmf\arm\libmff2.a(wrnum16.o)
 .rodata        0x0000d4a8       0x60 C:\Program Files (x86)\ON Semiconductor\AXSDB\libmf\arm\libmff2.a(wrnum32.o)
 .rodata._global_impure_ptr
                0x0000d508        0x4 c:/program files (x86)/gnu tools arm embedded/5.4 2016q3/bin/../lib/gcc/arm-none-eabi/5.4.1/../../../../arm-none-eabi/lib/armv6-m\libc.a(lib_a-impure.o)
                0x0000d508                _global_impure_ptr
 .rodata._svfprintf_r
                0x0000d50c      0x164 c:/program files (x86)/gnu tools arm embedded/5.4 2016q3/bin/../lib/gcc/arm-none-eabi/5.4.1/../../../../arm-none-eabi/lib/armv6-m\libc.a(lib_a-svfprintf.o)
 .rodata.zeroes.7256
                0x0000d670       0x10 c:/program files (x86)/gnu tools arm embedded/5.4 2016q3/bin/../lib/gcc/arm-none-eabi/5.4.1/../../../../arm-none-eabi/lib/armv6-m\libc.a(lib_a-svfprintf.o)
 .rodata.str1.4
                0x0000d680       0x42 c:/program files (x86)/gnu tools arm embedded/5.4 2016q3/bin/../lib/gcc/arm-none-eabi/5.4.1/../../../../arm-none-eabi/lib/armv6-m\libc.a(lib_a-svfprintf.o)
 *fill*         0x0000d6c2        0x2 
 .rodata.blanks.7255
                0x0000d6c4       0x10 c:/program files (x86)/gnu tools arm embedded/5.4 2016q3/bin/../lib/gcc/arm-none-eabi/5.4.1/../../../../arm-none-eabi/lib/armv6-m\libc.a(lib_a-svfprintf.o)
 .rodata.str1.4
                0x0000d6d4       0x10 c:/program files (x86)/gnu tools arm embedded/5.4 2016q3/bin/../lib/gcc/arm-none-eabi/5.4.1/../../../../arm-none-eabi/lib/armv6-m\libc.a(lib_a-dtoa.o)
                                 0x12 (size before relaxing)
 *fill*         0x0000d6e4        0x4 
 .rodata.__mprec_tens
                0x0000d6e8       0xc8 c:/program files (x86)/gnu tools arm embedded/5.4 2016q3/bin/../lib/gcc/arm-none-eabi/5.4.1/../../../../arm-none-eabi/lib/armv6-m\libc.a(lib_a-mprec.o)
                0x0000d6e8                __mprec_tens
 .rodata.p05.6085
                0x0000d7b0        0xc c:/program files (x86)/gnu tools arm embedded/5.4 2016q3/bin/../lib/gcc/arm-none-eabi/5.4.1/../../../../arm-none-eabi/lib/armv6-m\libc.a(lib_a-mprec.o)
 *fill*         0x0000d7bc        0x4 
 .rodata.__mprec_bigtens
                0x0000d7c0       0x28 c:/program files (x86)/gnu tools arm embedded/5.4 2016q3/bin/../lib/gcc/arm-none-eabi/5.4.1/../../../../arm-none-eabi/lib/armv6-m\libc.a(lib_a-mprec.o)
                0x0000d7c0                __mprec_bigtens
 .rodata.__mprec_tinytens
                0x0000d7e8       0x28 c:/program files (x86)/gnu tools arm embedded/5.4 2016q3/bin/../lib/gcc/arm-none-eabi/5.4.1/../../../../arm-none-eabi/lib/armv6-m\libc.a(lib_a-mprec.o)
                0x0000d7e8                __mprec_tinytens
 .rodata._svfiprintf_r
                0x0000d810      0x164 c:/program files (x86)/gnu tools arm embedded/5.4 2016q3/bin/../lib/gcc/arm-none-eabi/5.4.1/../../../../arm-none-eabi/lib/armv6-m\libc.a(lib_a-svfiprintf.o)
 .rodata.blanks.7235
                0x0000d974       0x10 c:/program files (x86)/gnu tools arm embedded/5.4 2016q3/bin/../lib/gcc/arm-none-eabi/5.4.1/../../../../arm-none-eabi/lib/armv6-m\libc.a(lib_a-svfiprintf.o)
 .rodata.str1.4
                0x0000d984       0x2f c:/program files (x86)/gnu tools arm embedded/5.4 2016q3/bin/../lib/gcc/arm-none-eabi/5.4.1/../../../../arm-none-eabi/lib/armv6-m\libc.a(lib_a-svfiprintf.o)
 .rodata.zeroes.7236
                0x0000d984       0x10 c:/program files (x86)/gnu tools arm embedded/5.4 2016q3/bin/../lib/gcc/arm-none-eabi/5.4.1/../../../../arm-none-eabi/lib/armv6-m\libc.a(lib_a-svfiprintf.o)
 .rodata.str1.4
                0x0000d994       0x10 c:/program files (x86)/gnu tools arm embedded/5.4 2016q3/bin/../lib/gcc/arm-none-eabi/5.4.1/../../../../arm-none-eabi/lib/armv6-m\libc.a(lib_a-locale.o)
                                 0x12 (size before relaxing)
 .rodata._ctype_
                0x0000d9a4      0x101 c:/program files (x86)/gnu tools arm embedded/5.4 2016q3/bin/../lib/gcc/arm-none-eabi/5.4.1/../../../../arm-none-eabi/lib/armv6-m\libc.a(lib_a-ctype_.o)
                0x0000d9a4                _ctype_
 *fill*         0x0000daa5        0x3 
 .rodata        0x0000daa8       0x40 c:/program files (x86)/gnu tools arm embedded/5.4 2016q3/bin/../lib/gcc/arm-none-eabi/5.4.1/armv6-m\libgcc.a(divdf3.o)
 .rodata        0x0000dae8       0x40 c:/program files (x86)/gnu tools arm embedded/5.4 2016q3/bin/../lib/gcc/arm-none-eabi/5.4.1/armv6-m\libgcc.a(muldf3.o)
 *(.eh_frame*)
 .eh_frame      0x0000db28        0x0 c:/program files (x86)/gnu tools arm embedded/5.4 2016q3/bin/../lib/gcc/arm-none-eabi/5.4.1/armv6-m/crtbegin.o
 .eh_frame      0x0000db28        0x4 c:/program files (x86)/gnu tools arm embedded/5.4 2016q3/bin/../lib/gcc/arm-none-eabi/5.4.1/armv6-m/crtend.o

.glue_7         0x0000db2c        0x0
 .glue_7        0x0000db2c        0x0 linker stubs

.glue_7t        0x0000db2c        0x0
 .glue_7t       0x0000db2c        0x0 linker stubs

.vfp11_veneer   0x0000db2c        0x0
 .vfp11_veneer  0x0000db2c        0x0 linker stubs

.v4_bx          0x0000db2c        0x0
 .v4_bx         0x0000db2c        0x0 linker stubs

.iplt           0x0000db2c        0x0
 .iplt          0x0000db2c        0x0 c:/program files (x86)/gnu tools arm embedded/5.4 2016q3/bin/../lib/gcc/arm-none-eabi/5.4.1/armv6-m/crtbegin.o

.ARM.extab      0x0000db2c        0x0
 *(.ARM.extab* .gnu.linkonce.armextab.*)
 .ARM.extab     0x0000db2c        0x0 c:/program files (x86)/gnu tools arm embedded/5.4 2016q3/bin/../lib/gcc/arm-none-eabi/5.4.1/../../../../arm-none-eabi/lib/armv6-m/crt0.o
 .ARM.extab     0x0000db2c        0x0 c:/program files (x86)/gnu tools arm embedded/5.4 2016q3/bin/../lib/gcc/arm-none-eabi/5.4.1/armv6-m\libgcc.a(_udivmoddi4.o)
                0x0000db2c                __exidx_start = .

.ARM.exidx      0x0000db2c        0x8
 *(.ARM.exidx* .gnu.linkonce.armexidx.*)
 .ARM.exidx     0x0000db2c        0x8 c:/program files (x86)/gnu tools arm embedded/5.4 2016q3/bin/../lib/gcc/arm-none-eabi/5.4.1/../../../../arm-none-eabi/lib/armv6-m/crt0.o
 .ARM.exidx     0x0000db34        0x0 c:/program files (x86)/gnu tools arm embedded/5.4 2016q3/bin/../lib/gcc/arm-none-eabi/5.4.1/armv6-m\libgcc.a(_udivmoddi4.o)
                                  0x8 (size before relaxing)
                0x0000db34                __exidx_end = .
                0x0000db34                __etext = .

.rel.dyn        0x0000db34        0x0
 .rel.iplt      0x0000db34        0x0 c:/program files (x86)/gnu tools arm embedded/5.4 2016q3/bin/../lib/gcc/arm-none-eabi/5.4.1/armv6-m/crtbegin.o

.data           0x20000000      0x9c8 load address 0x0000db34
                0x20000000                __data_start__ = .
 *(vtable)
 *(.data*)
 .data          0x20000000        0x0 c:/program files (x86)/gnu tools arm embedded/5.4 2016q3/bin/../lib/gcc/arm-none-eabi/5.4.1/armv6-m/crti.o
 .data          0x20000000        0x4 c:/program files (x86)/gnu tools arm embedded/5.4 2016q3/bin/../lib/gcc/arm-none-eabi/5.4.1/armv6-m/crtbegin.o
                0x20000000                __dso_handle
 .data          0x20000004        0x0 c:/program files (x86)/gnu tools arm embedded/5.4 2016q3/bin/../lib/gcc/arm-none-eabi/5.4.1/../../../../arm-none-eabi/lib/armv6-m/crt0.o
 .data          0x20000004        0x0 obj\Debug\AX_Radio_Lab_output\config.o
 .data          0x20000004        0x0 obj\Debug\AX_Radio_Lab_output\configslave.o
 .data          0x20000004        0x0 obj\Debug\COMMON\display_com0.o
 .data          0x20000004        0x4 obj\Debug\COMMON\easyax5043.o
                0x20000004                f30_saved
                0x20000005                f31_saved
                0x20000006                f32_saved
                0x20000007                f33_saved
 .data          0x20000008        0x0 obj\Debug\COMMON\misc.o
 .data          0x20000008        0x0 obj\Debug\COMMON\stackheap.o
 .data          0x20000008        0x1 obj\Debug\SLAVE\display.o
                0x20000008                display_timing
 .data          0x20000009        0x0 obj\Debug\SLAVE\lposc.o
 .data          0x20000009        0x1 obj\Debug\SLAVE\main.o
                0x20000009                coldstart
 .data          0x2000000a        0x0 C:\Program Files (x86)\ON Semiconductor\AXSDB\libmf\arm\libmff2.a(startup_ARMCM0plus.o)
 .data          0x2000000a        0x0 C:\Program Files (x86)\ON Semiconductor\AXSDB\libmf\arm\libmff2.a(system_ARMCM0plus.o)
 .data          0x2000000a        0x0 C:\Program Files (x86)\ON Semiconductor\AXSDB\libmf\arm\libmff2.a(crc16ansib.o)
 .data          0x2000000a        0x0 C:\Program Files (x86)\ON Semiconductor\AXSDB\libmf\arm\libmff2.a(pn9bits.o)
 .data          0x2000000a        0x0 C:\Program Files (x86)\ON Semiconductor\AXSDB\libmf\arm\libmff2.a(pn9byte.o)
 .data          0x2000000a        0x0 C:\Program Files (x86)\ON Semiconductor\AXSDB\libmf\arm\libmff2.a(pn9buf.o)
 .data          0x2000000a        0x0 C:\Program Files (x86)\ON Semiconductor\AXSDB\libmf\arm\libmff2.a(signext16.o)
 .data          0x2000000a        0x0 C:\Program Files (x86)\ON Semiconductor\AXSDB\libmf\arm\libmff2.a(signext20.o)
 .data          0x2000000a        0x0 C:\Program Files (x86)\ON Semiconductor\AXSDB\libmf\arm\libmff2.a(signext24.o)
 .data          0x2000000a        0x0 C:\Program Files (x86)\ON Semiconductor\AXSDB\libmf\arm\libmff2.a(chksgnlim16.o)
 .data          0x2000000a        0x0 C:\Program Files (x86)\ON Semiconductor\AXSDB\libmf\arm\libmff2.a(sgnlim16.o)
 .data          0x2000000a        0x0 C:\Program Files (x86)\ON Semiconductor\AXSDB\libmf\arm\libmff2.a(chksgnlim32.o)
 .data          0x2000000a        0x0 C:\Program Files (x86)\ON Semiconductor\AXSDB\libmf\arm\libmff2.a(delay.o)
 .data          0x2000000a        0x0 C:\Program Files (x86)\ON Semiconductor\AXSDB\libmf\arm\libmff2.a(startcause.o)
 .data          0x2000000a        0x0 C:\Program Files (x86)\ON Semiconductor\AXSDB\libmf\arm\libmff2.a(standby.o)
 .data          0x2000000a        0x0 C:\Program Files (x86)\ON Semiconductor\AXSDB\libmf\arm\libmff2.a(radiord8.o)
 .data          0x2000000a        0x0 C:\Program Files (x86)\ON Semiconductor\AXSDB\libmf\arm\libmff2.a(radiord16.o)
 .data          0x2000000a        0x0 C:\Program Files (x86)\ON Semiconductor\AXSDB\libmf\arm\libmff2.a(radiord24.o)
 .data          0x2000000a        0x0 C:\Program Files (x86)\ON Semiconductor\AXSDB\libmf\arm\libmff2.a(radiowr8.o)
 .data          0x2000000a        0x0 C:\Program Files (x86)\ON Semiconductor\AXSDB\libmf\arm\libmff2.a(wtimer.o)
 .data          0x2000000a        0x0 C:\Program Files (x86)\ON Semiconductor\AXSDB\libmf\arm\libmff2.a(wtcbadd.o)
 .data          0x2000000a        0x0 C:\Program Files (x86)\ON Semiconductor\AXSDB\libmf\arm\libmff2.a(wtcbrem.o)
 .data          0x2000000a        0x0 C:\Program Files (x86)\ON Semiconductor\AXSDB\libmf\arm\libmff2.a(wt0setcfg.o)
 .data          0x2000000a        0x0 C:\Program Files (x86)\ON Semiconductor\AXSDB\libmf\arm\libmff2.a(wt1setcfg.o)
 .data          0x2000000a        0x0 C:\Program Files (x86)\ON Semiconductor\AXSDB\libmf\arm\libmff2.a(wt0adda.o)
 .data          0x2000000a        0x0 C:\Program Files (x86)\ON Semiconductor\AXSDB\libmf\arm\libmff2.a(wt0addr.o)
 .data          0x2000000a        0x0 C:\Program Files (x86)\ON Semiconductor\AXSDB\libmf\arm\libmff2.a(wt1addr.o)
 .data          0x2000000a        0x0 C:\Program Files (x86)\ON Semiconductor\AXSDB\libmf\arm\libmff2.a(wt0curt.o)
 .data          0x2000000a        0x0 C:\Program Files (x86)\ON Semiconductor\AXSDB\libmf\arm\libmff2.a(wt1rem.o)
 .data          0x2000000a        0x0 C:\Program Files (x86)\ON Semiconductor\AXSDB\libmf\arm\libmff2.a(wt01rem.o)
 .data          0x2000000a        0x0 C:\Program Files (x86)\ON Semiconductor\AXSDB\libmf\arm\libmff2.a(uarttimer1.o)
 .data          0x2000000a        0x0 C:\Program Files (x86)\ON Semiconductor\AXSDB\libmf\arm\libmff2.a(uart0init.o)
 .data          0x2000000a        0x0 C:\Program Files (x86)\ON Semiconductor\AXSDB\libmf\arm\libmff2.a(uart0wrstr.o)
 .data          0x2000000a        0x0 C:\Program Files (x86)\ON Semiconductor\AXSDB\libmf\arm\libmff2.a(ax5043rdfifo.o)
 .data          0x2000000a        0x0 C:\Program Files (x86)\ON Semiconductor\AXSDB\libmf\arm\libmff2.a(ax5043wrfifo.o)
 .data          0x2000000a        0x2 C:\Program Files (x86)\ON Semiconductor\AXSDB\libmf\arm\libmff2.a(ax5043reset.o)
 .data          0x2000000c        0x0 C:\Program Files (x86)\ON Semiconductor\AXSDB\libmf\arm\libmff2.a(ax5043commslpexit.o)
 .data          0x2000000c        0x0 C:\Program Files (x86)\ON Semiconductor\AXSDB\libmf\arm\libmff2.a(ax5043deepsleep.o)
 .data          0x2000000c        0x4 C:\Program Files (x86)\ON Semiconductor\AXSDB\libmf\arm\libmff2.a(setupcal.o)
 .data          0x20000010        0x0 C:\Program Files (x86)\ON Semiconductor\AXSDB\libmf\arm\libmff2.a(crc16ansi.o)
 .data          0x20000010        0x0 C:\Program Files (x86)\ON Semiconductor\AXSDB\libmf\arm\libmff2.a(crc16table.o)
 .data          0x20000010        0x0 C:\Program Files (x86)\ON Semiconductor\AXSDB\libmf\arm\libmff2.a(sleep.o)
 .data          0x20000010        0x0 C:\Program Files (x86)\ON Semiconductor\AXSDB\libmf\arm\libmff2.a(sleepcont.o)
 .data          0x20000010        0x0 C:\Program Files (x86)\ON Semiconductor\AXSDB\libmf\arm\libmff2.a(wtrem.o)
 .data          0x20000010        0x0 C:\Program Files (x86)\ON Semiconductor\AXSDB\libmf\arm\libmff2.a(axm0_uart.o)
 .data          0x20000010        0x0 C:\Program Files (x86)\ON Semiconductor\AXSDB\libmf\arm\libmff2.a(axm0_uart0.o)
 .data          0x20000010        0x0 C:\Program Files (x86)\ON Semiconductor\AXSDB\libmf\arm\libmff2.a(uart0txbuf.o)
 .data          0x20000010        0x0 C:\Program Files (x86)\ON Semiconductor\AXSDB\libmf\arm\libmff2.a(uart0rxbuf.o)
 .data          0x20000010        0x0 C:\Program Files (x86)\ON Semiconductor\AXSDB\libmf\arm\libmff2.a(radiodswakecore.o)
 .data          0x20000010        0x0 C:\Program Files (x86)\ON Semiconductor\AXSDB\libmf\arm\libmff2.a(ax5043rclkena.o)
 .data          0x20000010        0x0 C:\Program Files (x86)\ON Semiconductor\AXSDB\libmf\arm\libmff2.a(wrnum16.o)
 .data          0x20000010        0x0 C:\Program Files (x86)\ON Semiconductor\AXSDB\libmf\arm\libmff2.a(wrnum32.o)
 .data          0x20000010        0x0 C:\Program Files (x86)\ON Semiconductor\AXSDB\libmf\arm\libmff2.a(wtstdby.o)
 .data          0x20000010        0x0 c:/program files (x86)/gnu tools arm embedded/5.4 2016q3/bin/../lib/gcc/arm-none-eabi/5.4.1/armv6-m\libgcc.a(_thumb1_case_uqi.o)
 .data          0x20000010        0x0 c:/program files (x86)/gnu tools arm embedded/5.4 2016q3/bin/../lib/gcc/arm-none-eabi/5.4.1/armv6-m\libgcc.a(_thumb1_case_uhi.o)
 .data          0x20000010        0x0 c:/program files (x86)/gnu tools arm embedded/5.4 2016q3/bin/../lib/gcc/arm-none-eabi/5.4.1/armv6-m\libgcc.a(_udivsi3.o)
 .data          0x20000010        0x0 c:/program files (x86)/gnu tools arm embedded/5.4 2016q3/bin/../lib/gcc/arm-none-eabi/5.4.1/armv6-m\libgcc.a(_divsi3.o)
 .data          0x20000010        0x0 c:/program files (x86)/gnu tools arm embedded/5.4 2016q3/bin/../lib/gcc/arm-none-eabi/5.4.1/armv6-m\libgcc.a(_dvmd_tls.o)
 .data          0x20000010        0x0 c:/program files (x86)/gnu tools arm embedded/5.4 2016q3/bin/../lib/gcc/arm-none-eabi/5.4.1/armv6-m\libgcc.a(extendsfdf2.o)
 .data          0x20000010        0x0 c:/program files (x86)/gnu tools arm embedded/5.4 2016q3/bin/../lib/gcc/arm-none-eabi/5.4.1/armv6-m\libgcc.a(_clzsi2.o)
 .data          0x20000010        0x0 c:/program files (x86)/gnu tools arm embedded/5.4 2016q3/bin/../lib/gcc/arm-none-eabi/5.4.1/../../../../arm-none-eabi/lib/armv6-m\libc.a(lib_a-exit.o)
 .data          0x20000010        0x0 c:/program files (x86)/gnu tools arm embedded/5.4 2016q3/bin/../lib/gcc/arm-none-eabi/5.4.1/../../../../arm-none-eabi/lib/armv6-m\libc.a(lib_a-impure.o)
 .data.impure_data
                0x20000010      0x428 c:/program files (x86)/gnu tools arm embedded/5.4 2016q3/bin/../lib/gcc/arm-none-eabi/5.4.1/../../../../arm-none-eabi/lib/armv6-m\libc.a(lib_a-impure.o)
 .data._impure_ptr
                0x20000438        0x4 c:/program files (x86)/gnu tools arm embedded/5.4 2016q3/bin/../lib/gcc/arm-none-eabi/5.4.1/../../../../arm-none-eabi/lib/armv6-m\libc.a(lib_a-impure.o)
                0x20000438                _impure_ptr
 .data          0x2000043c        0x0 c:/program files (x86)/gnu tools arm embedded/5.4 2016q3/bin/../lib/gcc/arm-none-eabi/5.4.1/../../../../arm-none-eabi/lib/armv6-m\libc.a(lib_a-init.o)
 .data          0x2000043c        0x0 c:/program files (x86)/gnu tools arm embedded/5.4 2016q3/bin/../lib/gcc/arm-none-eabi/5.4.1/../../../../arm-none-eabi/lib/armv6-m\libc.a(lib_a-memcpy-stub.o)
 .data          0x2000043c        0x0 c:/program files (x86)/gnu tools arm embedded/5.4 2016q3/bin/../lib/gcc/arm-none-eabi/5.4.1/../../../../arm-none-eabi/lib/armv6-m\libc.a(lib_a-memset.o)
 .data          0x2000043c        0x0 c:/program files (x86)/gnu tools arm embedded/5.4 2016q3/bin/../lib/gcc/arm-none-eabi/5.4.1/../../../../arm-none-eabi/lib/armv6-m\libc.a(lib_a-sprintf.o)
 .data          0x2000043c        0x0 c:/program files (x86)/gnu tools arm embedded/5.4 2016q3/bin/../lib/gcc/arm-none-eabi/5.4.1/../../../../arm-none-eabi/lib/armv6-m\libc.a(lib_a-svfprintf.o)
 .data          0x2000043c        0x0 c:/program files (x86)/gnu tools arm embedded/5.4 2016q3/bin/../lib/gcc/arm-none-eabi/5.4.1/../../../../arm-none-eabi/lib/armv6-m\libc.a(lib_a-__call_atexit.o)
 .data          0x2000043c        0x0 c:/program files (x86)/gnu tools arm embedded/5.4 2016q3/bin/../lib/gcc/arm-none-eabi/5.4.1/../../../../arm-none-eabi/lib/armv6-m\libc.a(lib_a-atexit.o)
 .data          0x2000043c        0x0 c:/program files (x86)/gnu tools arm embedded/5.4 2016q3/bin/../lib/gcc/arm-none-eabi/5.4.1/../../../../arm-none-eabi/lib/armv6-m\libc.a(lib_a-dtoa.o)
 .data          0x2000043c        0x0 c:/program files (x86)/gnu tools arm embedded/5.4 2016q3/bin/../lib/gcc/arm-none-eabi/5.4.1/../../../../arm-none-eabi/lib/armv6-m\libc.a(lib_a-fini.o)
 .data          0x2000043c        0x0 c:/program files (x86)/gnu tools arm embedded/5.4 2016q3/bin/../lib/gcc/arm-none-eabi/5.4.1/../../../../arm-none-eabi/lib/armv6-m\libc.a(lib_a-localeconv.o)
 .data          0x2000043c        0x0 c:/program files (x86)/gnu tools arm embedded/5.4 2016q3/bin/../lib/gcc/arm-none-eabi/5.4.1/../../../../arm-none-eabi/lib/armv6-m\libc.a(lib_a-mallocr.o)
 .data.__malloc_av_
                0x2000043c      0x408 c:/program files (x86)/gnu tools arm embedded/5.4 2016q3/bin/../lib/gcc/arm-none-eabi/5.4.1/../../../../arm-none-eabi/lib/armv6-m\libc.a(lib_a-mallocr.o)
                0x2000043c                __malloc_av_
 .data.__malloc_trim_threshold
                0x20000844        0x4 c:/program files (x86)/gnu tools arm embedded/5.4 2016q3/bin/../lib/gcc/arm-none-eabi/5.4.1/../../../../arm-none-eabi/lib/armv6-m\libc.a(lib_a-mallocr.o)
                0x20000844                __malloc_trim_threshold
 .data.__malloc_sbrk_base
                0x20000848        0x4 c:/program files (x86)/gnu tools arm embedded/5.4 2016q3/bin/../lib/gcc/arm-none-eabi/5.4.1/../../../../arm-none-eabi/lib/armv6-m\libc.a(lib_a-mallocr.o)
                0x20000848                __malloc_sbrk_base
 .data          0x2000084c        0x0 c:/program files (x86)/gnu tools arm embedded/5.4 2016q3/bin/../lib/gcc/arm-none-eabi/5.4.1/../../../../arm-none-eabi/lib/armv6-m\libc.a(lib_a-memchr-stub.o)
 .data          0x2000084c        0x0 c:/program files (x86)/gnu tools arm embedded/5.4 2016q3/bin/../lib/gcc/arm-none-eabi/5.4.1/../../../../arm-none-eabi/lib/armv6-m\libc.a(lib_a-mlock.o)
 .data          0x2000084c        0x0 c:/program files (x86)/gnu tools arm embedded/5.4 2016q3/bin/../lib/gcc/arm-none-eabi/5.4.1/../../../../arm-none-eabi/lib/armv6-m\libc.a(lib_a-mprec.o)
 .data          0x2000084c        0x0 c:/program files (x86)/gnu tools arm embedded/5.4 2016q3/bin/../lib/gcc/arm-none-eabi/5.4.1/../../../../arm-none-eabi/lib/armv6-m\libc.a(lib_a-sbrkr.o)
 .data          0x2000084c        0x0 c:/program files (x86)/gnu tools arm embedded/5.4 2016q3/bin/../lib/gcc/arm-none-eabi/5.4.1/../../../../arm-none-eabi/lib/armv6-m\libc.a(lib_a-strlen-stub.o)
 .data          0x2000084c        0x0 c:/program files (x86)/gnu tools arm embedded/5.4 2016q3/bin/../lib/gcc/arm-none-eabi/5.4.1/../../../../arm-none-eabi/lib/armv6-m\libc.a(lib_a-svfiprintf.o)
 .data          0x2000084c        0x0 c:/program files (x86)/gnu tools arm embedded/5.4 2016q3/bin/../lib/gcc/arm-none-eabi/5.4.1/../../../../arm-none-eabi/lib/armv6-m\libc.a(lib_a-__atexit.o)
 .data          0x2000084c        0x0 c:/program files (x86)/gnu tools arm embedded/5.4 2016q3/bin/../lib/gcc/arm-none-eabi/5.4.1/../../../../arm-none-eabi/lib/armv6-m\libc.a(lib_a-callocr.o)
 .data          0x2000084c        0x0 c:/program files (x86)/gnu tools arm embedded/5.4 2016q3/bin/../lib/gcc/arm-none-eabi/5.4.1/../../../../arm-none-eabi/lib/armv6-m\libc.a(lib_a-freer.o)
 .data          0x2000084c        0x0 c:/program files (x86)/gnu tools arm embedded/5.4 2016q3/bin/../lib/gcc/arm-none-eabi/5.4.1/../../../../arm-none-eabi/lib/armv6-m\libc.a(lib_a-locale.o)
 .data.__global_locale
                0x2000084c      0x16c c:/program files (x86)/gnu tools arm embedded/5.4 2016q3/bin/../lib/gcc/arm-none-eabi/5.4.1/../../../../arm-none-eabi/lib/armv6-m\libc.a(lib_a-locale.o)
                0x2000084c                __global_locale
 .data          0x200009b8        0x0 c:/program files (x86)/gnu tools arm embedded/5.4 2016q3/bin/../lib/gcc/arm-none-eabi/5.4.1/../../../../arm-none-eabi/lib/armv6-m\libc.a(lib_a-mbtowc_r.o)
 .data          0x200009b8        0x0 c:/program files (x86)/gnu tools arm embedded/5.4 2016q3/bin/../lib/gcc/arm-none-eabi/5.4.1/../../../../arm-none-eabi/lib/armv6-m\libc.a(lib_a-memmove.o)
 .data          0x200009b8        0x0 c:/program files (x86)/gnu tools arm embedded/5.4 2016q3/bin/../lib/gcc/arm-none-eabi/5.4.1/../../../../arm-none-eabi/lib/armv6-m\libc.a(lib_a-reallocr.o)
 .data          0x200009b8        0x0 c:/program files (x86)/gnu tools arm embedded/5.4 2016q3/bin/../lib/gcc/arm-none-eabi/5.4.1/../../../../arm-none-eabi/lib/armv6-m\libc.a(lib_a-reent.o)
 .data          0x200009b8        0x0 c:/program files (x86)/gnu tools arm embedded/5.4 2016q3/bin/../lib/gcc/arm-none-eabi/5.4.1/../../../../arm-none-eabi/lib/armv6-m\libc.a(lib_a-strcmp.o)
 .data          0x200009b8        0x0 c:/program files (x86)/gnu tools arm embedded/5.4 2016q3/bin/../lib/gcc/arm-none-eabi/5.4.1/../../../../arm-none-eabi/lib/armv6-m\libc.a(lib_a-wctomb_r.o)
 .data          0x200009b8        0x0 c:/program files (x86)/gnu tools arm embedded/5.4 2016q3/bin/../lib/gcc/arm-none-eabi/5.4.1/../../../../arm-none-eabi/lib/armv6-m\libc.a(lib_a-ctype_.o)
 .data          0x200009b8        0x0 c:/program files (x86)/gnu tools arm embedded/5.4 2016q3/bin/../lib/gcc/arm-none-eabi/5.4.1/armv6-m\libgcc.a(_arm_cmpdf2.o)
 .data          0x200009b8        0x0 c:/program files (x86)/gnu tools arm embedded/5.4 2016q3/bin/../lib/gcc/arm-none-eabi/5.4.1/armv6-m\libgcc.a(_aeabi_uldivmod.o)
 .data          0x200009b8        0x0 c:/program files (x86)/gnu tools arm embedded/5.4 2016q3/bin/../lib/gcc/arm-none-eabi/5.4.1/armv6-m\libgcc.a(_udivmoddi4.o)
 .data          0x200009b8        0x0 c:/program files (x86)/gnu tools arm embedded/5.4 2016q3/bin/../lib/gcc/arm-none-eabi/5.4.1/armv6-m\libgcc.a(adddf3.o)
 .data          0x200009b8        0x0 c:/program files (x86)/gnu tools arm embedded/5.4 2016q3/bin/../lib/gcc/arm-none-eabi/5.4.1/armv6-m\libgcc.a(divdf3.o)
 .data          0x200009b8        0x0 c:/program files (x86)/gnu tools arm embedded/5.4 2016q3/bin/../lib/gcc/arm-none-eabi/5.4.1/armv6-m\libgcc.a(eqdf2.o)
 .data          0x200009b8        0x0 c:/program files (x86)/gnu tools arm embedded/5.4 2016q3/bin/../lib/gcc/arm-none-eabi/5.4.1/armv6-m\libgcc.a(gedf2.o)
 .data          0x200009b8        0x0 c:/program files (x86)/gnu tools arm embedded/5.4 2016q3/bin/../lib/gcc/arm-none-eabi/5.4.1/armv6-m\libgcc.a(ledf2.o)
 .data          0x200009b8        0x0 c:/program files (x86)/gnu tools arm embedded/5.4 2016q3/bin/../lib/gcc/arm-none-eabi/5.4.1/armv6-m\libgcc.a(muldf3.o)
 .data          0x200009b8        0x0 c:/program files (x86)/gnu tools arm embedded/5.4 2016q3/bin/../lib/gcc/arm-none-eabi/5.4.1/armv6-m\libgcc.a(subdf3.o)
 .data          0x200009b8        0x0 c:/program files (x86)/gnu tools arm embedded/5.4 2016q3/bin/../lib/gcc/arm-none-eabi/5.4.1/armv6-m\libgcc.a(unorddf2.o)
 .data          0x200009b8        0x0 c:/program files (x86)/gnu tools arm embedded/5.4 2016q3/bin/../lib/gcc/arm-none-eabi/5.4.1/armv6-m\libgcc.a(fixdfsi.o)
 .data          0x200009b8        0x0 c:/program files (x86)/gnu tools arm embedded/5.4 2016q3/bin/../lib/gcc/arm-none-eabi/5.4.1/armv6-m\libgcc.a(floatsidf.o)
 .data          0x200009b8        0x0 c:/program files (x86)/gnu tools arm embedded/5.4 2016q3/bin/../lib/gcc/arm-none-eabi/5.4.1/armv6-m\libgcc.a(floatunsidf.o)
 .data          0x200009b8        0x0 c:/program files (x86)/gnu tools arm embedded/5.4 2016q3/bin/../lib/gcc/arm-none-eabi/5.4.1/armv6-m\libgcc.a(_clzdi2.o)
 .data          0x200009b8        0x0 c:/program files (x86)/gnu tools arm embedded/5.4 2016q3/bin/../lib/gcc/arm-none-eabi/5.4.1/../../../../arm-none-eabi/lib/armv6-m\libnosys.a(sbrk.o)
 .data          0x200009b8        0x0 c:/program files (x86)/gnu tools arm embedded/5.4 2016q3/bin/../lib/gcc/arm-none-eabi/5.4.1/../../../../arm-none-eabi/lib/armv6-m\libnosys.a(_exit.o)
 .data          0x200009b8        0x0 c:/program files (x86)/gnu tools arm embedded/5.4 2016q3/bin/../lib/gcc/arm-none-eabi/5.4.1/armv6-m/crtend.o
 .data          0x200009b8        0x0 c:/program files (x86)/gnu tools arm embedded/5.4 2016q3/bin/../lib/gcc/arm-none-eabi/5.4.1/armv6-m/crtn.o
                0x200009b8                . = ALIGN (0x4)
                0x200009b8                PROVIDE (__preinit_array_start, .)
 *(.preinit_array)
                0x200009b8                PROVIDE (__preinit_array_end, .)
                0x200009b8                . = ALIGN (0x4)
                0x200009b8                PROVIDE (__init_array_start, .)
 *(SORT(.init_array.*))
 .init_array.00000
                0x200009b8        0x4 c:/program files (x86)/gnu tools arm embedded/5.4 2016q3/bin/../lib/gcc/arm-none-eabi/5.4.1/../../../../arm-none-eabi/lib/armv6-m\libc.a(lib_a-__call_atexit.o)
 *(.init_array)
 .init_array    0x200009bc        0x4 c:/program files (x86)/gnu tools arm embedded/5.4 2016q3/bin/../lib/gcc/arm-none-eabi/5.4.1/armv6-m/crtbegin.o
                0x200009c0                PROVIDE (__init_array_end, .)
                0x200009c0                . = ALIGN (0x4)
                0x200009c0                PROVIDE (__fini_array_start, .)
 *(SORT(.fini_array.*))
 *(.fini_array)
 .fini_array    0x200009c0        0x4 c:/program files (x86)/gnu tools arm embedded/5.4 2016q3/bin/../lib/gcc/arm-none-eabi/5.4.1/armv6-m/crtbegin.o
                0x200009c4                PROVIDE (__fini_array_end, .)
 *(.jcr*)
 .jcr           0x200009c4        0x0 c:/program files (x86)/gnu tools arm embedded/5.4 2016q3/bin/../lib/gcc/arm-none-eabi/5.4.1/armv6-m/crtbegin.o
 .jcr           0x200009c4        0x4 c:/program files (x86)/gnu tools arm embedded/5.4 2016q3/bin/../lib/gcc/arm-none-eabi/5.4.1/armv6-m/crtend.o
                0x200009c8                . = ALIGN (0x4)
                0x200009c8                __data_end__ = .

.igot.plt       0x200009c8        0x0 load address 0x0000e4fc
 .igot.plt      0x200009c8        0x0 c:/program files (x86)/gnu tools arm embedded/5.4 2016q3/bin/../lib/gcc/arm-none-eabi/5.4.1/armv6-m/crtbegin.o

.noinit         0x200009c8        0x3 load address 0x0000e4fc
 .noinit        0x200009c8        0x3 C:\Program Files (x86)\ON Semiconductor\AXSDB\libmf\arm\libmff2.a(setupcal.o)
                0x200009c8                wtimer0_clksrc
                0x200009c9                wtimer1_clksrc
                0x200009ca                wtimer1_prescaler

.bss            0x200009cc      0x45c load address 0x0000e500
                0x200009cc                . = ALIGN (0x4)
                0x200009cc                __bss_start__ = .
 *(.bss*)
 .bss           0x200009cc        0x0 c:/program files (x86)/gnu tools arm embedded/5.4 2016q3/bin/../lib/gcc/arm-none-eabi/5.4.1/armv6-m/crti.o
 .bss           0x200009cc       0x1c c:/program files (x86)/gnu tools arm embedded/5.4 2016q3/bin/../lib/gcc/arm-none-eabi/5.4.1/armv6-m/crtbegin.o
 .bss           0x200009e8        0x0 c:/program files (x86)/gnu tools arm embedded/5.4 2016q3/bin/../lib/gcc/arm-none-eabi/5.4.1/../../../../arm-none-eabi/lib/armv6-m/crt0.o
 .bss           0x200009e8        0x2 obj\Debug\AX_Radio_Lab_output\config.o
                0x200009e8                axradio_phy_chanvcoi
                0x200009e9                axradio_phy_chanpllrng
 .bss           0x200009ea        0x0 obj\Debug\AX_Radio_Lab_output\configslave.o
 .bss           0x200009ea        0x0 obj\Debug\COMMON\display_com0.o
 *fill*         0x200009ea        0x2 
 .bss           0x200009ec      0x2c4 obj\Debug\COMMON\easyax5043.o
                0x200009ec                axradio_sync_time
                0x200009f0                axradio_timer
                0x200009fc                axradio_cb_receive
                0x20000a2c                axradio_cb_receivesfd
                0x20000a3c                axradio_cb_channelstate
                0x20000a50                axradio_cb_transmitstart
                0x20000a60                axradio_cb_transmitend
                0x20000a70                axradio_cb_transmitdata
                0x20000a80                axradio_trxstate
                0x20000a82                axradio_txbuffer_cnt
                0x20000a84                axradio_mode
                0x20000a86                axradio_txbuffer_len
                0x20000a88                axradio_txbuffer
                0x20000b8c                axradio_timeanchor
                0x20000b94                axradio_sync_periodcorr
                0x20000b96                axradio_localaddr
                0x20000b9e                axradio_syncstate
                0x20000b9f                axradio_ack_count
                0x20000ba0                axradio_ack_seqnr
                0x20000ba1                axradio_default_remoteaddr
                0x20000ba5                axradio_curchannel
                0x20000ba8                axradio_curfreqoffset
                0x20000bac                axradio_rxbuffer
 .bss           0x20000cb0        0xc obj\Debug\COMMON\misc.o
 .bss           0x20000cbc        0x0 obj\Debug\COMMON\stackheap.o
 .bss           0x20000cbc        0x4 obj\Debug\SLAVE\display.o
                0x20000cbc                per_test_counter
                0x20000cbe                per_test_counter_previous
 .bss           0x20000cc0        0x0 obj\Debug\SLAVE\lposc.o
 .bss           0x20000cc0       0x62 obj\Debug\SLAVE\main.o
                0x20000cc0                pkts_received
                0x20000cc2                vBuffer
                0x20000cc8                t
                0x20000ccc                p
                0x20000cd0                h
                0x20000cd4                txBuffer
                0x20000d14                x
                0x20000d18                y
                0x20000d1c                z
                0x20000d20                pkts_missing
 .bss           0x20000d22        0x0 C:\Program Files (x86)\ON Semiconductor\AXSDB\libmf\arm\libmff2.a(startup_ARMCM0plus.o)
 .bss           0x20000d22        0x0 C:\Program Files (x86)\ON Semiconductor\AXSDB\libmf\arm\libmff2.a(system_ARMCM0plus.o)
 .bss           0x20000d22        0x0 C:\Program Files (x86)\ON Semiconductor\AXSDB\libmf\arm\libmff2.a(crc16ansib.o)
 .bss           0x20000d22        0x0 C:\Program Files (x86)\ON Semiconductor\AXSDB\libmf\arm\libmff2.a(pn9bits.o)
 .bss           0x20000d22        0x0 C:\Program Files (x86)\ON Semiconductor\AXSDB\libmf\arm\libmff2.a(pn9byte.o)
 .bss           0x20000d22        0x0 C:\Program Files (x86)\ON Semiconductor\AXSDB\libmf\arm\libmff2.a(pn9buf.o)
 .bss           0x20000d22        0x0 C:\Program Files (x86)\ON Semiconductor\AXSDB\libmf\arm\libmff2.a(signext16.o)
 .bss           0x20000d22        0x0 C:\Program Files (x86)\ON Semiconductor\AXSDB\libmf\arm\libmff2.a(signext20.o)
 .bss           0x20000d22        0x0 C:\Program Files (x86)\ON Semiconductor\AXSDB\libmf\arm\libmff2.a(signext24.o)
 .bss           0x20000d22        0x0 C:\Program Files (x86)\ON Semiconductor\AXSDB\libmf\arm\libmff2.a(chksgnlim16.o)
 .bss           0x20000d22        0x0 C:\Program Files (x86)\ON Semiconductor\AXSDB\libmf\arm\libmff2.a(sgnlim16.o)
 .bss           0x20000d22        0x0 C:\Program Files (x86)\ON Semiconductor\AXSDB\libmf\arm\libmff2.a(chksgnlim32.o)
 .bss           0x20000d22        0x0 C:\Program Files (x86)\ON Semiconductor\AXSDB\libmf\arm\libmff2.a(delay.o)
 .bss           0x20000d22        0x0 C:\Program Files (x86)\ON Semiconductor\AXSDB\libmf\arm\libmff2.a(startcause.o)
 .bss           0x20000d22        0x0 C:\Program Files (x86)\ON Semiconductor\AXSDB\libmf\arm\libmff2.a(standby.o)
 .bss           0x20000d22        0x0 C:\Program Files (x86)\ON Semiconductor\AXSDB\libmf\arm\libmff2.a(radiord8.o)
 .bss           0x20000d22        0x0 C:\Program Files (x86)\ON Semiconductor\AXSDB\libmf\arm\libmff2.a(radiord16.o)
 .bss           0x20000d22        0x0 C:\Program Files (x86)\ON Semiconductor\AXSDB\libmf\arm\libmff2.a(radiord24.o)
 .bss           0x20000d22        0x0 C:\Program Files (x86)\ON Semiconductor\AXSDB\libmf\arm\libmff2.a(radiowr8.o)
 *fill*         0x20000d22        0x2 
 .bss           0x20000d24       0x2a C:\Program Files (x86)\ON Semiconductor\AXSDB\libmf\arm\libmff2.a(wtimer.o)
                0x20000d24                wtimer_pending
                0x20000d28                wtimer_state
 .bss           0x20000d4e        0x0 C:\Program Files (x86)\ON Semiconductor\AXSDB\libmf\arm\libmff2.a(wtcbadd.o)
 .bss           0x20000d4e        0x0 C:\Program Files (x86)\ON Semiconductor\AXSDB\libmf\arm\libmff2.a(wtcbrem.o)
 .bss           0x20000d4e        0x0 C:\Program Files (x86)\ON Semiconductor\AXSDB\libmf\arm\libmff2.a(wt0setcfg.o)
 .bss           0x20000d4e        0x0 C:\Program Files (x86)\ON Semiconductor\AXSDB\libmf\arm\libmff2.a(wt1setcfg.o)
 .bss           0x20000d4e        0x0 C:\Program Files (x86)\ON Semiconductor\AXSDB\libmf\arm\libmff2.a(wt0adda.o)
 .bss           0x20000d4e        0x0 C:\Program Files (x86)\ON Semiconductor\AXSDB\libmf\arm\libmff2.a(wt0addr.o)
 .bss           0x20000d4e        0x0 C:\Program Files (x86)\ON Semiconductor\AXSDB\libmf\arm\libmff2.a(wt1addr.o)
 .bss           0x20000d4e        0x0 C:\Program Files (x86)\ON Semiconductor\AXSDB\libmf\arm\libmff2.a(wt0curt.o)
 .bss           0x20000d4e        0x0 C:\Program Files (x86)\ON Semiconductor\AXSDB\libmf\arm\libmff2.a(wt1rem.o)
 .bss           0x20000d4e        0x0 C:\Program Files (x86)\ON Semiconductor\AXSDB\libmf\arm\libmff2.a(wt01rem.o)
 .bss           0x20000d4e        0x0 C:\Program Files (x86)\ON Semiconductor\AXSDB\libmf\arm\libmff2.a(uarttimer1.o)
 .bss           0x20000d4e        0x0 C:\Program Files (x86)\ON Semiconductor\AXSDB\libmf\arm\libmff2.a(uart0init.o)
 .bss           0x20000d4e        0x0 C:\Program Files (x86)\ON Semiconductor\AXSDB\libmf\arm\libmff2.a(uart0wrstr.o)
 .bss           0x20000d4e        0x0 C:\Program Files (x86)\ON Semiconductor\AXSDB\libmf\arm\libmff2.a(ax5043rdfifo.o)
 .bss           0x20000d4e        0x0 C:\Program Files (x86)\ON Semiconductor\AXSDB\libmf\arm\libmff2.a(ax5043wrfifo.o)
 .bss           0x20000d4e        0x0 C:\Program Files (x86)\ON Semiconductor\AXSDB\libmf\arm\libmff2.a(ax5043reset.o)
 .bss           0x20000d4e        0x0 C:\Program Files (x86)\ON Semiconductor\AXSDB\libmf\arm\libmff2.a(ax5043commslpexit.o)
 .bss           0x20000d4e        0x0 C:\Program Files (x86)\ON Semiconductor\AXSDB\libmf\arm\libmff2.a(ax5043deepsleep.o)
 *fill*         0x20000d4e        0x2 
 .bss           0x20000d50        0xd C:\Program Files (x86)\ON Semiconductor\AXSDB\libmf\arm\libmff2.a(setupcal.o)
 .bss           0x20000d5d        0x0 C:\Program Files (x86)\ON Semiconductor\AXSDB\libmf\arm\libmff2.a(crc16ansi.o)
 .bss           0x20000d5d        0x0 C:\Program Files (x86)\ON Semiconductor\AXSDB\libmf\arm\libmff2.a(crc16table.o)
 .bss           0x20000d5d        0x0 C:\Program Files (x86)\ON Semiconductor\AXSDB\libmf\arm\libmff2.a(sleep.o)
 .bss           0x20000d5d        0x0 C:\Program Files (x86)\ON Semiconductor\AXSDB\libmf\arm\libmff2.a(sleepcont.o)
 .bss           0x20000d5d        0x0 C:\Program Files (x86)\ON Semiconductor\AXSDB\libmf\arm\libmff2.a(wtrem.o)
 .bss           0x20000d5d        0x0 C:\Program Files (x86)\ON Semiconductor\AXSDB\libmf\arm\libmff2.a(axm0_uart.o)
 *fill*         0x20000d5d        0x1 
 .bss           0x20000d5e        0x8 C:\Program Files (x86)\ON Semiconductor\AXSDB\libmf\arm\libmff2.a(axm0_uart0.o)
 .bss           0x20000d66       0x40 C:\Program Files (x86)\ON Semiconductor\AXSDB\libmf\arm\libmff2.a(uart0txbuf.o)
                0x20000d66                uart0_txbuffer
 .bss           0x20000da6       0x40 C:\Program Files (x86)\ON Semiconductor\AXSDB\libmf\arm\libmff2.a(uart0rxbuf.o)
                0x20000da6                uart0_rxbuffer
 .bss           0x20000de6        0x0 C:\Program Files (x86)\ON Semiconductor\AXSDB\libmf\arm\libmff2.a(radiodswakecore.o)
 .bss           0x20000de6        0x0 C:\Program Files (x86)\ON Semiconductor\AXSDB\libmf\arm\libmff2.a(ax5043rclkena.o)
 .bss           0x20000de6        0x0 C:\Program Files (x86)\ON Semiconductor\AXSDB\libmf\arm\libmff2.a(wrnum16.o)