Archive member included to satisfy reference by file (symbol)

C:\Program Files (x86)\ON Semiconductor\AXSDB\libmf\arm\libmff2.a(startup_ARMCM0plus.o)
                              (Reset_Handler)
C:\Program Files (x86)\ON Semiconductor\AXSDB\libmf\arm\libmff2.a(system_ARMCM0plus.o)
                              C:\Program Files (x86)\ON Semiconductor\AXSDB\libmf\arm\libmff2.a(startup_ARMCM0plus.o) (SystemInit)
C:\Program Files (x86)\ON Semiconductor\AXSDB\libmf\arm\libmff2.a(crc16ansib.o)
                              obj\Debug\AX_Radio_Lab_output\config.o (crc_crc16)
C:\Program Files (x86)\ON Semiconductor\AXSDB\libmf\arm\libmff2.a(pn9bits.o)
                              obj\Debug\COMMON\easyax5043.o (pn9_advance_bits)
C:\Program Files (x86)\ON Semiconductor\AXSDB\libmf\arm\libmff2.a(pn9byte.o)
                              obj\Debug\COMMON\easyax5043.o (pn9_advance_byte)
C:\Program Files (x86)\ON Semiconductor\AXSDB\libmf\arm\libmff2.a(pn9buf.o)
                              obj\Debug\COMMON\easyax5043.o (pn9_buffer)
C:\Program Files (x86)\ON Semiconductor\AXSDB\libmf\arm\libmff2.a(signext16.o)
                              obj\Debug\COMMON\easyax5043.o (signextend16)
C:\Program Files (x86)\ON Semiconductor\AXSDB\libmf\arm\libmff2.a(signext20.o)
                              obj\Debug\COMMON\easyax5043.o (signextend20)
C:\Program Files (x86)\ON Semiconductor\AXSDB\libmf\arm\libmff2.a(signext24.o)
                              obj\Debug\COMMON\easyax5043.o (signextend24)
C:\Program Files (x86)\ON Semiconductor\AXSDB\libmf\arm\libmff2.a(chksgnlim16.o)
                              obj\Debug\COMMON\easyax5043.o (checksignedlimit16)
C:\Program Files (x86)\ON Semiconductor\AXSDB\libmf\arm\libmff2.a(sgnlim16.o)
                              obj\Debug\COMMON\easyax5043.o (signedlimit16)
C:\Program Files (x86)\ON Semiconductor\AXSDB\libmf\arm\libmff2.a(chksgnlim32.o)
                              obj\Debug\COMMON\easyax5043.o (checksignedlimit32)
C:\Program Files (x86)\ON Semiconductor\AXSDB\libmf\arm\libmff2.a(delay.o)
                              C:\Program Files (x86)\ON Semiconductor\AXSDB\libmf\arm\libmff2.a(system_ARMCM0plus.o) (delay)
C:\Program Files (x86)\ON Semiconductor\AXSDB\libmf\arm\libmff2.a(startcause.o)
                              obj\Debug\MASTER\main.o (get_startcause)
C:\Program Files (x86)\ON Semiconductor\AXSDB\libmf\arm\libmff2.a(radiord8.o)
                              obj\Debug\COMMON\easyax5043.o (_radio_read8)
C:\Program Files (x86)\ON Semiconductor\AXSDB\libmf\arm\libmff2.a(radiord16.o)
                              obj\Debug\COMMON\easyax5043.o (_radio_read16)
C:\Program Files (x86)\ON Semiconductor\AXSDB\libmf\arm\libmff2.a(radiord24.o)
                              obj\Debug\COMMON\easyax5043.o (_radio_read24)
C:\Program Files (x86)\ON Semiconductor\AXSDB\libmf\arm\libmff2.a(radiowr8.o)
                              obj\Debug\AX_Radio_Lab_output\config.o (_radio_write8)
C:\Program Files (x86)\ON Semiconductor\AXSDB\libmf\arm\libmff2.a(wtimer.o)
                              obj\Debug\MASTER\main.o (wtimer_init)
C:\Program Files (x86)\ON Semiconductor\AXSDB\libmf\arm\libmff2.a(wtcbadd.o)
                              obj\Debug\COMMON\easyax5043.o (wtimer_add_callback)
C:\Program Files (x86)\ON Semiconductor\AXSDB\libmf\arm\libmff2.a(wtcbrem.o)
                              obj\Debug\COMMON\easyax5043.o (wtimer_remove_callback)
C:\Program Files (x86)\ON Semiconductor\AXSDB\libmf\arm\libmff2.a(wt0setcfg.o)
                              obj\Debug\MASTER\main.o (wtimer0_setclksrc)
C:\Program Files (x86)\ON Semiconductor\AXSDB\libmf\arm\libmff2.a(wt1setcfg.o)
                              obj\Debug\MASTER\main.o (wtimer1_setclksrc)
C:\Program Files (x86)\ON Semiconductor\AXSDB\libmf\arm\libmff2.a(wt0adda.o)
                              obj\Debug\COMMON\easyax5043.o (wtimer0_addabsolute)
C:\Program Files (x86)\ON Semiconductor\AXSDB\libmf\arm\libmff2.a(wt0addr.o)
                              obj\Debug\COMMON\easyax5043.o (wtimer0_addrelative)
C:\Program Files (x86)\ON Semiconductor\AXSDB\libmf\arm\libmff2.a(wt1addr.o)
                              obj\Debug\COMMON\easyax5043.o (wtimer1_addrelative)
C:\Program Files (x86)\ON Semiconductor\AXSDB\libmf\arm\libmff2.a(wt0curt.o)
                              obj\Debug\COMMON\easyax5043.o (wtimer0_curtime)
C:\Program Files (x86)\ON Semiconductor\AXSDB\libmf\arm\libmff2.a(wt1rem.o)
                              C:\Program Files (x86)\ON Semiconductor\AXSDB\libmf\arm\libmff2.a(wtimer.o) (wtimer1_remove)
C:\Program Files (x86)\ON Semiconductor\AXSDB\libmf\arm\libmff2.a(wt01rem.o)
                              obj\Debug\COMMON\easyax5043.o (wtimer_remove)
C:\Program Files (x86)\ON Semiconductor\AXSDB\libmf\arm\libmff2.a(ax5043rdfifo.o)
                              obj\Debug\COMMON\easyax5043.o (ax5043_readfifo)
C:\Program Files (x86)\ON Semiconductor\AXSDB\libmf\arm\libmff2.a(ax5043wrfifo.o)
[...]
Memory Configuration

Name             Origin             Length             Attributes
FLASH            0x00000000         0x00010000         xr
RAM              0x20000000         0x00002000         xrw
*default*        0x00000000         0xffffffff

Linker script and memory map

LOAD c:/program files (x86)/gnu tools arm embedded/5.4 2016q3/bin/../lib/gcc/arm-none-eabi/5.4.1/armv6-m/crti.o
LOAD c:/program files (x86)/gnu tools arm embedded/5.4 2016q3/bin/../lib/gcc/arm-none-eabi/5.4.1/armv6-m/crtbegin.o
LOAD c:/program files (x86)/gnu tools arm embedded/5.4 2016q3/bin/../lib/gcc/arm-none-eabi/5.4.1/../../../../arm-none-eabi/lib/armv6-m/crt0.o
LOAD obj\Debug\AX_Radio_Lab_output\config.o
LOAD obj\Debug\AX_Radio_Lab_output\configmaster.o
LOAD obj\Debug\COMMON\BMA400.o
LOAD obj\Debug\COMMON\bme680.o
LOAD obj\Debug\COMMON\display_com0.o
LOAD obj\Debug\COMMON\easyax5043.o
LOAD obj\Debug\COMMON\framing.o
LOAD obj\Debug\COMMON\misc.o
LOAD obj\Debug\COMMON\stackheap.o
LOAD obj\Debug\MASTER\main.o
LOAD C:\Program Files (x86)\ON Semiconductor\AXSDB\libaxdvk2\arm\libaxdvk2f2.a
LOAD C:\Program Files (x86)\ON Semiconductor\AXSDB\libmf\arm\libmff2.a
LOAD c:/program files (x86)/gnu tools arm embedded/5.4 2016q3/bin/../lib/gcc/arm-none-eabi/5.4.1/../../../../arm-none-eabi/lib/armv6-m\libnosys.a
LOAD c:/program files (x86)/gnu tools arm embedded/5.4 2016q3/bin/../lib/gcc/arm-none-eabi/5.4.1/../../../../arm-none-eabi/lib/armv6-m\libstdc++.a
LOAD c:/program files (x86)/gnu tools arm embedded/5.4 2016q3/bin/../lib/gcc/arm-none-eabi/5.4.1/../../../../arm-none-eabi/lib/armv6-m\libm.a
START GROUP
LOAD c:/program files (x86)/gnu tools arm embedded/5.4 2016q3/bin/../lib/gcc/arm-none-eabi/5.4.1/armv6-m\libgcc.a
LOAD c:/program files (x86)/gnu tools arm embedded/5.4 2016q3/bin/../lib/gcc/arm-none-eabi/5.4.1/../../../../arm-none-eabi/lib/armv6-m\libc.a
END GROUP
START GROUP
LOAD c:/program files (x86)/gnu tools arm embedded/5.4 2016q3/bin/../lib/gcc/arm-none-eabi/5.4.1/armv6-m\libgcc.a
LOAD c:/program files (x86)/gnu tools arm embedded/5.4 2016q3/bin/../lib/gcc/arm-none-eabi/5.4.1/../../../../arm-none-eabi/lib/armv6-m\libc.a
LOAD c:/program files (x86)/gnu tools arm embedded/5.4 2016q3/bin/../lib/gcc/arm-none-eabi/5.4.1/../../../../arm-none-eabi/lib/armv6-m\libnosys.a
END GROUP
LOAD c:/program files (x86)/gnu tools arm embedded/5.4 2016q3/bin/../lib/gcc/arm-none-eabi/5.4.1/armv6-m/crtend.o
LOAD c:/program files (x86)/gnu tools arm embedded/5.4 2016q3/bin/../lib/gcc/arm-none-eabi/5.4.1/armv6-m/crtn.o

.text           0x00000000     0x7b2c
 *(.vectors)
 .vectors       0x00000000       0x90 C:\Program Files (x86)\ON Semiconductor\AXSDB\libmf\arm\libmff2.a(startup_ARMCM0plus.o)
                0x00000000                __Vectors
                0x00000090                __Vectors_End = .
                0x00000090                __Vectors_Size = (__Vectors_End - __Vectors)
                0x00000090                __end__ = .
 *(.text*)
 .text          0x00000090        0x0 c:/program files (x86)/gnu tools arm embedded/5.4 2016q3/bin/../lib/gcc/arm-none-eabi/5.4.1/armv6-m/crti.o
 .text          0x00000090       0x60 c:/program files (x86)/gnu tools arm embedded/5.4 2016q3/bin/../lib/gcc/arm-none-eabi/5.4.1/armv6-m/crtbegin.o
 .text          0x000000f0       0x78 c:/program files (x86)/gnu tools arm embedded/5.4 2016q3/bin/../lib/gcc/arm-none-eabi/5.4.1/../../../../arm-none-eabi/lib/armv6-m/crt0.o
                0x000000f0                _start
                0x000000f0                _mainCRTStartup
 .text          0x00000168      0x8a8 obj\Debug\AX_Radio_Lab_output\config.o
                0x00000168                ax5043_set_registers
                0x0000072c                ax5043_set_registers_tx
                0x0000076c                ax5043_set_registers_rx
                0x000007ac                ax5043_set_registers_rxwor
                0x000007d4                ax5043_set_registers_rxcont
                0x000007fc                ax5043_set_registers_rxcont_singleparamset
                0x00000830                axradio_setup_pincfg1
                0x00000832                axradio_setup_pincfg2
                0x00000834                axradio_setup_pincfg3
                0x00000844                axradio_conv_freq_fromhz
                0x000008e4                axradio_conv_freq_tohz
                0x00000998                axradio_conv_freq_fromreg
                0x000009b6                axradio_conv_timeinterval_totimer0
                0x000009c6                axradio_byteconv
                0x000009c8                axradio_byteconv_buffer
                0x000009ca                axradio_framing_check_crc
                0x000009ec                axradio_framing_append_crc
 .text          0x00000a10        0x0 obj\Debug\AX_Radio_Lab_output\configmaster.o
 .text          0x00000a10      0x214 obj\Debug\COMMON\BMA400.o
                0x00000a10                BMA400_write8
                0x00000a2a                BMA400_read8
                0x00000a5a                BMA400_getPowerMode
                0x00000a66                BMA400_getID
                0x00000a70                BMA400_isReady
                0x00000a80                BMA400_setPowerMode
                0x00000a9c                BMA400_setRange
                0x00000aec                BMA400_setDataRate
                0x00000b08                BMA400_init
                0x00000b46                BMA400_read
                0x00000b72                BMA400_getAcc
 .text          0x00000c24      0xcb8 obj\Debug\COMMON\bme680.o
                0x00000d00                bme680_get_regs
                0x00000d46                bme680_set_regs
                0x00000dd4                bme680_soft_reset
                0x00000e2e                bme680_init
                0x00000fc2                bme680_get_sensor_settings
                0x000010ae                bme680_set_sensor_mode
                0x00001126                bme680_set_sensor_settings
                0x00001430                bme680_get_sensor_mode
                0x00001458                bme680_set_profile_dur
                0x000014b0                bme680_get_profile_dur
                0x00001518                bme680_get_sensor_data
                0x00001878                user_i2c_read
                0x000018b4                user_i2c_write
 .text          0x000018dc        0x0 obj\Debug\COMMON\display_com0.o
 .text          0x000018dc     0x2500 obj\Debug\COMMON\easyax5043.o
                0x00001dd4                axradio_conv_time_totimer0
                0x00001df0                ax5043_receiver_on_continuous
                0x00001e78                ax5043_receiver_on_wor
                0x00001f38                ax5043_off_xtal
                0x00001f6c                ax5043_off
                0x00002350                axradio_wait_for_xtal
                0x00002394                axradio_init
                0x00002820                axradio_cansleep
                0x0000283c                axradio_get_mode
                0x00002848                axradio_set_channel
                0x00002908                axradio_get_channel
                0x00002914                axradio_get_pllrange
                0x0000292c                axradio_get_pllvcoi
                0x000029ec                ax5043_init_registers_tx
                0x000029f8                ax5043_prepare_tx
                0x00003000                ax5043_init_registers_rx
                0x0000300c                RADIO_IRQ
                0x00003640                axradio_set_mode
                0x00003a28                axradio_set_freqoffset
                0x00003a6c                axradio_get_freqoffset
                0x00003a78                axradio_set_local_address
                0x00003a90                axradio_get_local_address
                0x00003aa4                axradio_set_default_remote_address
                0x00003ab8                axradio_get_default_remote_address
                0x00003acc                axradio_transmit
                0x00003d94                axradio_agc_freeze
                0x00003db8                axradio_agc_thaw
 .text          0x00003ddc        0x0 obj\Debug\COMMON\framing.o
 .text          0x00003ddc       0x80 obj\Debug\COMMON\misc.o
                0x00003de8                lcd2_display_radio_error
                0x00003e00                dbglink_display_radio_error
                0x00003e18                delay_ms
 .text          0x00003e5c        0x0 obj\Debug\COMMON\stackheap.o
 .text          0x00003e5c      0x288 obj\Debug\MASTER\main.o
                0x00003e5c                transmit_packet
                0x00003f88                axradio_statuschange
                0x00003fa8                _axm0f2_external_startup
                0x0000404c                setup_BME680
 .text.startup  0x000040e4       0xdc obj\Debug\MASTER\main.o
                0x000040e4                main
 .text          0x000041c0       0x54 C:\Program Files (x86)\ON Semiconductor\AXSDB\libmf\arm\libmff2.a(startup_ARMCM0plus.o)
                0x000041c0                Reset_Handler
                0x000041c6                Reset_Handler_NoStartCause
                0x00004210                GPIOPort1_Handler
                0x00004210                SysTick_Handler
                0x00004210                PendSV_Handler
                0x00004210                NMI_Handler
                0x00004210                HardFault_Handler
                0x00004210                LPComp_Handler
                0x00004210                SCB1_Handler
                0x00004210                TCPWM0_Handler
                0x00004210                WDT_Handler
                0x00004210                GPIOPort3_Handler
                0x00004210                ADC_Handler
                0x00004210                CSD_Handler
                0x00004210                SPCIF_Handler
                0x00004210                SCB0_Handler
                0x00004210                Default_Handler
                0x00004210                CTBm_Handler
                0x00004210                TCPWM2_Handler
                0x00004210                TCPWM1_Handler
                0x00004210                SVC_Handler
                0x00004210                GPIO_Handler
                0x00004210                GPIOPort0_Handler
 .text          0x00004214      0x328 C:\Program Files (x86)\ON Semiconductor\AXSDB\libmf\arm\libmff2.a(system_ARMCM0plus.o)
                0x00004214                SystemCoreClockUpdate
                0x00004228                SystemInit
 .text          0x0000453c       0x20 C:\Program Files (x86)\ON Semiconductor\AXSDB\libmf\arm\libmff2.a(crc16ansib.o)
                0x0000453c                crc_crc16
 .text          0x0000455c       0x24 C:\Program Files (x86)\ON Semiconductor\AXSDB\libmf\arm\libmff2.a(pn9bits.o)
                0x0000455c                pn9_advance_bits
 .text          0x00004580       0x22 C:\Program Files (x86)\ON Semiconductor\AXSDB\libmf\arm\libmff2.a(pn9byte.o)
                0x00004580                pn9_advance_byte
 .text          0x000045a2       0x2a C:\Program Files (x86)\ON Semiconductor\AXSDB\libmf\arm\libmff2.a(pn9buf.o)
                0x000045a2                pn9_buffer
 .text          0x000045cc        0x2 C:\Program Files (x86)\ON Semiconductor\AXSDB\libmf\arm\libmff2.a(signext16.o)
                0x000045cc                signextend16
 .text          0x000045ce       0x10 C:\Program Files (x86)\ON Semiconductor\AXSDB\libmf\arm\libmff2.a(signext20.o)
                0x000045ce                signextend20
 .text          0x000045de       0x10 C:\Program Files (x86)\ON Semiconductor\AXSDB\libmf\arm\libmff2.a(signext24.o)
                0x000045de                signextend24
 .text          0x000045ee       0x1a C:\Program Files (x86)\ON Semiconductor\AXSDB\libmf\arm\libmff2.a(chksgnlim16.o)
                0x000045ee                checksignedlimit16
 .text          0x00004608       0x1e C:\Program Files (x86)\ON Semiconductor\AXSDB\libmf\arm\libmff2.a(sgnlim16.o)
                0x00004608                signedlimit16
 .text          0x00004626       0x14 C:\Program Files (x86)\ON Semiconductor\AXSDB\libmf\arm\libmff2.a(chksgnlim32.o)
                0x00004626                checksignedlimit32
 *fill*         0x0000463a        0x2 
 .text          0x0000463c       0x14 C:\Program Files (x86)\ON Semiconductor\AXSDB\libmf\arm\libmff2.a(delay.o)
                0x0000463c                delay
 .text          0x00004650       0x20 C:\Program Files (x86)\ON Semiconductor\AXSDB\libmf\arm\libmff2.a(startcause.o)
                0x00004650                get_startcause
 .text          0x00004670       0xa8 C:\Program Files (x86)\ON Semiconductor\AXSDB\libmf\arm\libmff2.a(radiord8.o)
                0x00004670                _radio_read8
 .text          0x00004718       0xb8 C:\Program Files (x86)\ON Semiconductor\AXSDB\libmf\arm\libmff2.a(radiord16.o)
                0x00004718                _radio_read16
 .text          0x000047d0       0xc8 C:\Program Files (x86)\ON Semiconductor\AXSDB\libmf\arm\libmff2.a(radiord24.o)
                0x000047d0                _radio_read24
 .text          0x00004898       0xb4 C:\Program Files (x86)\ON Semiconductor\AXSDB\libmf\arm\libmff2.a(radiowr8.o)
                0x00004898                _radio_write8
 .text          0x0000494c      0x470 C:\Program Files (x86)\ON Semiconductor\AXSDB\libmf\arm\libmff2.a(wtimer.o)
                0x00004998                wtimer_addcb_core
                0x000049b0                wtimer0_update
                0x000049d8                wtimer0_addcore
                0x000049fc                wtimer0_schedq
                0x00004ae0                WCOWDT_Handler
                0x00004b10                wtimer1_update
                0x00004b34                wtimer1_addcore
                0x00004b58                wtimer1_schedq
                0x00004ba0                TCPWM4_Handler
                0x00004bc0                wtimer_doinit
                0x00004cbc                wtimer_init
                0x00004cd4                wtimer_init_deepsleep
                0x00004cde                wtimer_cansleep
                0x00004cf0                wtimer_idle
                0x00004d70                wtimer_runcallbacks
 .text          0x00004dbc       0x12 C:\Program Files (x86)\ON Semiconductor\AXSDB\libmf\arm\libmff2.a(wtcbadd.o)
                0x00004dbc                wtimer_add_callback
 .text          0x00004dce       0x12 C:\Program Files (x86)\ON Semiconductor\AXSDB\libmf\arm\libmff2.a(wtcbrem.o)
                0x00004dce                wtimer_remove_callback
 .text          0x00004de0       0xd0 C:\Program Files (x86)\ON Semiconductor\AXSDB\libmf\arm\libmff2.a(wt0setcfg.o)
                0x00004de0                wtimer0_setclksrc
 .text          0x00004eb0       0x4c C:\Program Files (x86)\ON Semiconductor\AXSDB\libmf\arm\libmff2.a(wt1setcfg.o)
                0x00004eb0                wtimer1_setclksrc
 .text          0x00004efc       0x1e C:\Program Files (x86)\ON Semiconductor\AXSDB\libmf\arm\libmff2.a(wt0adda.o)
                0x00004efc                wtimer0_addabsolute
 *fill*         0x00004f1a        0x2 
 .text          0x00004f1c       0x2c C:\Program Files (x86)\ON Semiconductor\AXSDB\libmf\arm\libmff2.a(wt0addr.o)
                0x00004f1c                wtimer0_addrelative
 .text          0x00004f48       0x2c C:\Program Files (x86)\ON Semiconductor\AXSDB\libmf\arm\libmff2.a(wt1addr.o)
                0x00004f48                wtimer1_addrelative
 .text          0x00004f74       0x1c C:\Program Files (x86)\ON Semiconductor\AXSDB\libmf\arm\libmff2.a(wt0curt.o)
                0x00004f74                wtimer0_curtime
 .text          0x00004f90       0x20 C:\Program Files (x86)\ON Semiconductor\AXSDB\libmf\arm\libmff2.a(wt1rem.o)
                0x00004f90                wtimer1_remove
 .text          0x00004fb0       0x2a C:\Program Files (x86)\ON Semiconductor\AXSDB\libmf\arm\libmff2.a(wt01rem.o)
                0x00004fb0                wtimer_remove
 *fill*         0x00004fda        0x2 
 .text          0x00004fdc       0xdc C:\Program Files (x86)\ON Semiconductor\AXSDB\libmf\arm\libmff2.a(ax5043rdfifo.o)
                0x00004fdc                ax5043_readfifo
 .text          0x000050b8       0xd4 C:\Program Files (x86)\ON Semiconductor\AXSDB\libmf\arm\libmff2.a(ax5043wrfifo.o)
                0x000050b8                ax5043_writefifo
 .text          0x0000518c      0x2b4 C:\Program Files (x86)\ON Semiconductor\AXSDB\libmf\arm\libmff2.a(ax5043reset.o)
                0x0000518c                ax5043_probeirq
                0x000051e4                ax5043_reset
                0x00005248                ax5043_set_pwramp_pin
                0x000052b0                ax5043_get_pwramp_pin
                0x000052bc                ax5043_set_antsel_pin
                0x00005330                ax5043_get_antsel_pin
                0x0000533c                GPIOPort2_Handler
 .text          0x00005440       0x9c C:\Program Files (x86)\ON Semiconductor\AXSDB\libmf\arm\libmff2.a(ax5043deepsleep.o)
                0x00005440                ax5043_enter_deepsleep
                0x00005488                ax5043_wakeup_deepsleep
 .text          0x000054dc      0x390 C:\Program Files (x86)\ON Semiconductor\AXSDB\libmf\arm\libmff2.a(setupcal.o)
                0x000054dc                wtimer0_correctinterval
                0x0000551c                wtimer1_correctinterval
                0x0000555c                setup_osc_calibration
                0x00005718                TCPWM3_Handler
 .text          0x0000586c       0xec C:\Program Files (x86)\ON Semiconductor\AXSDB\libmf\arm\libmff2.a(i2c1.o)
                0x0000586c                i2c1_portconfig
                0x000058c0                i2c1_init
                0x000058e8                i2c1_write
                0x00005900                i2c1_read
                0x00005918                i2c1_getstatus
                0x00005928                i2c1_wait_until_done
                0x00005938                i2c1_close
                0x00005948                SCB2_Handler
 .text          0x00005958      0x71c C:\Program Files (x86)\ON Semiconductor\AXSDB\libmf\arm\libmff2.a(i2cm.o)
                0x000059ac                i2c_timer_baud_int
                0x00005a38                i2c_init
                0x00005b54                i2c_write
                0x00005ca0                i2c_read
                0x00005dcc                i2c_getstatus
                0x00005dd0                i2c_wait_until_done
                0x00005de4                i2c_close
                0x00005e04                i2c_handler
 .text          0x00006074       0x14 C:\Program Files (x86)\ON Semiconductor\AXSDB\libmf\arm\libmff2.a(crc16ansi.o)
                0x00006074                crc_crc16_byte
 .text          0x00006088        0x0 C:\Program Files (x86)\ON Semiconductor\AXSDB\libmf\arm\libmff2.a(crc16table.o)
 .text          0x00006088       0x40 C:\Program Files (x86)\ON Semiconductor\AXSDB\libmf\arm\libmff2.a(sleep.o)
                0x00006088                enter_sleep
 .text          0x000060c8       0x28 C:\Program Files (x86)\ON Semiconductor\AXSDB\libmf\arm\libmff2.a(sleepcont.o)
                0x000060c8                enter_sleep_cont
 .text          0x000060f0       0x14 C:\Program Files (x86)\ON Semiconductor\AXSDB\libmf\arm\libmff2.a(standby.o)
                0x000060f0                enter_standby
 .text          0x00006104       0x6c C:\Program Files (x86)\ON Semiconductor\AXSDB\libmf\arm\libmff2.a(wtrem.o)
                0x00006104                wtimer_removecb_core
                0x00006128                wtimer0_removecb_core
                0x0000614c                wtimer1_removecb_core
 .text          0x00006170       0x88 C:\Program Files (x86)\ON Semiconductor\AXSDB\libmf\arm\libmff2.a(radiodswakecore.o)
                0x00006170                radio_wakeup_deepsleep_core
 .text          0x000061f8       0x50 C:\Program Files (x86)\ON Semiconductor\AXSDB\libmf\arm\libmff2.a(ax5043rclkena.o)
                0x000061f8                ax5043_rclk_enable
 .text          0x00006248       0x14 c:/program files (x86)/gnu tools arm embedded/5.4 2016q3/bin/../lib/gcc/arm-none-eabi/5.4.1/armv6-m\libgcc.a(_thumb1_case_uqi.o)
                0x00006248                __gnu_thumb1_case_uqi
 .text          0x0000625c       0x14 c:/program files (x86)/gnu tools arm embedded/5.4 2016q3/bin/../lib/gcc/arm-none-eabi/5.4.1/armv6-m\libgcc.a(_thumb1_case_uhi.o)
                0x0000625c                __gnu_thumb1_case_uhi
 .text          0x00006270      0x114 c:/program files (x86)/gnu tools arm embedded/5.4 2016q3/bin/../lib/gcc/arm-none-eabi/5.4.1/armv6-m\libgcc.a(_udivsi3.o)
                0x00006270                __aeabi_uidiv
                0x00006270                __udivsi3
                0x0000637c                __aeabi_uidivmod
 .text          0x00006384      0x1d4 c:/program files (x86)/gnu tools arm embedded/5.4 2016q3/bin/../lib/gcc/arm-none-eabi/5.4.1/armv6-m\libgcc.a(_divsi3.o)
                0x00006384                __divsi3
                0x00006384                __aeabi_idiv
                0x00006550                __aeabi_idivmod
 .text          0x00006558        0x4 c:/program files (x86)/gnu tools arm embedded/5.4 2016q3/bin/../lib/gcc/arm-none-eabi/5.4.1/armv6-m\libgcc.a(_dvmd_tls.o)
                0x00006558                __aeabi_idiv0
                0x00006558                __aeabi_ldiv0
 .text          0x0000655c       0x48 c:/program files (x86)/gnu tools arm embedded/5.4 2016q3/bin/../lib/gcc/arm-none-eabi/5.4.1/armv6-m\libgcc.a(_aeabi_ldivmod.o)
                0x0000655c                __aeabi_ldivmod
 .text          0x000065a4       0x58 c:/program files (x86)/gnu tools arm embedded/5.4 2016q3/bin/../lib/gcc/arm-none-eabi/5.4.1/armv6-m\libgcc.a(_muldi3.o)
                0x000065a4                __muldi3
                0x000065a4                __aeabi_lmul
 .text          0x000065fc       0x38 c:/program files (x86)/gnu tools arm embedded/5.4 2016q3/bin/../lib/gcc/arm-none-eabi/5.4.1/armv6-m\libgcc.a(bpabi.o)
                0x000065fc                __gnu_ldivmod_helper
 .text          0x00006634      0x228 c:/program files (x86)/gnu tools arm embedded/5.4 2016q3/bin/../lib/gcc/arm-none-eabi/5.4.1/armv6-m\libgcc.a(mulsf3.o)
                0x00006634                __aeabi_fmul
 .text          0x0000685c       0x90 c:/program files (x86)/gnu tools arm embedded/5.4 2016q3/bin/../lib/gcc/arm-none-eabi/5.4.1/armv6-m\libgcc.a(floatsisf.o)
                0x0000685c                __aeabi_i2f
 .text          0x000068ec      0x62c c:/program files (x86)/gnu tools arm embedded/5.4 2016q3/bin/../lib/gcc/arm-none-eabi/5.4.1/armv6-m\libgcc.a(divdf3.o)
                0x000068ec                __aeabi_ddiv
 .text          0x00006f18       0x84 c:/program files (x86)/gnu tools arm embedded/5.4 2016q3/bin/../lib/gcc/arm-none-eabi/5.4.1/armv6-m\libgcc.a(floatsidf.o)
                0x00006f18                __aeabi_i2d
 .text          0x00006f9c       0x70 c:/program files (x86)/gnu tools arm embedded/5.4 2016q3/bin/../lib/gcc/arm-none-eabi/5.4.1/armv6-m\libgcc.a(floatunsidf.o)
                0x00006f9c                __aeabi_ui2d
 .text          0x0000700c      0x118 c:/program files (x86)/gnu tools arm embedded/5.4 2016q3/bin/../lib/gcc/arm-none-eabi/5.4.1/armv6-m\libgcc.a(truncdfsf2.o)
                0x0000700c                __aeabi_d2f
 .text          0x00007124       0x3c c:/program files (x86)/gnu tools arm embedded/5.4 2016q3/bin/../lib/gcc/arm-none-eabi/5.4.1/armv6-m\libgcc.a(_clzsi2.o)
                0x00007124                __clzsi2
 .text          0x00007160      0x1bc c:/program files (x86)/gnu tools arm embedded/5.4 2016q3/bin/../lib/gcc/arm-none-eabi/5.4.1/armv6-m\libgcc.a(_divdi3.o)
                0x00007160                __divdi3
 .text          0x0000731c       0x18 c:/program files (x86)/gnu tools arm embedded/5.4 2016q3/bin/../lib/gcc/arm-none-eabi/5.4.1/armv6-m\libgcc.a(_clzdi2.o)
                0x0000731c                __clzdi2
 .text          0x00007334        0x0 c:/program files (x86)/gnu tools arm embedded/5.4 2016q3/bin/../lib/gcc/arm-none-eabi/5.4.1/../../../../arm-none-eabi/lib/armv6-m\libc.a(lib_a-exit.o)
 .text.exit     0x00007334       0x20 c:/program files (x86)/gnu tools arm embedded/5.4 2016q3/bin/../lib/gcc/arm-none-eabi/5.4.1/../../../../arm-none-eabi/lib/armv6-m\libc.a(lib_a-exit.o)
                0x00007334                exit
 .text          0x00007354        0x0 c:/program files (x86)/gnu tools arm embedded/5.4 2016q3/bin/../lib/gcc/arm-none-eabi/5.4.1/../../../../arm-none-eabi/lib/armv6-m\libc.a(lib_a-impure.o)
 .text          0x00007354        0x0 c:/program files (x86)/gnu tools arm embedded/5.4 2016q3/bin/../lib/gcc/arm-none-eabi/5.4.1/../../../../arm-none-eabi/lib/armv6-m\libc.a(lib_a-init.o)
 .text.__libc_init_array
                0x00007354       0x48 c:/program files (x86)/gnu tools arm embedded/5.4 2016q3/bin/../lib/gcc/arm-none-eabi/5.4.1/../../../../arm-none-eabi/lib/armv6-m\libc.a(lib_a-init.o)
                0x00007354                __libc_init_array
 .text          0x0000739c        0x0 c:/program files (x86)/gnu tools arm embedded/5.4 2016q3/bin/../lib/gcc/arm-none-eabi/5.4.1/../../../../arm-none-eabi/lib/armv6-m\libc.a(lib_a-memcpy-stub.o)
 .text.memcpy   0x0000739c       0x7c c:/program files (x86)/gnu tools arm embedded/5.4 2016q3/bin/../lib/gcc/arm-none-eabi/5.4.1/../../../../arm-none-eabi/lib/armv6-m\libc.a(lib_a-memcpy-stub.o)
                0x0000739c                memcpy
 .text          0x00007418        0x0 c:/program files (x86)/gnu tools arm embedded/5.4 2016q3/bin/../lib/gcc/arm-none-eabi/5.4.1/../../../../arm-none-eabi/lib/armv6-m\libc.a(lib_a-memset.o)
 .text.memset   0x00007418       0x8c c:/program files (x86)/gnu tools arm embedded/5.4 2016q3/bin/../lib/gcc/arm-none-eabi/5.4.1/../../../../arm-none-eabi/lib/armv6-m\libc.a(lib_a-memset.o)
                0x00007418                memset
 .text          0x000074a4        0x0 c:/program files (x86)/gnu tools arm embedded/5.4 2016q3/bin/../lib/gcc/arm-none-eabi/5.4.1/../../../../arm-none-eabi/lib/armv6-m\libc.a(lib_a-__call_atexit.o)
 .text.startup.register_fini
                0x000074a4       0x18 c:/program files (x86)/gnu tools arm embedded/5.4 2016q3/bin/../lib/gcc/arm-none-eabi/5.4.1/../../../../arm-none-eabi/lib/armv6-m\libc.a(lib_a-__call_atexit.o)
 .text.__call_exitprocs
                0x000074bc       0xfc c:/program files (x86)/gnu tools arm embedded/5.4 2016q3/bin/../lib/gcc/arm-none-eabi/5.4.1/../../../../arm-none-eabi/lib/armv6-m\libc.a(lib_a-__call_atexit.o)
                0x000074bc                __call_exitprocs
 .text          0x000075b8        0x0 c:/program files (x86)/gnu tools arm embedded/5.4 2016q3/bin/../lib/gcc/arm-none-eabi/5.4.1/../../../../arm-none-eabi/lib/armv6-m\libc.a(lib_a-atexit.o)
 .text.atexit   0x000075b8       0x10 c:/program files (x86)/gnu tools arm embedded/5.4 2016q3/bin/../lib/gcc/arm-none-eabi/5.4.1/../../../../arm-none-eabi/lib/armv6-m\libc.a(lib_a-atexit.o)
                0x000075b8                atexit
 .text          0x000075c8        0x0 c:/program files (x86)/gnu tools arm embedded/5.4 2016q3/bin/../lib/gcc/arm-none-eabi/5.4.1/../../../../arm-none-eabi/lib/armv6-m\libc.a(lib_a-fini.o)
 .text.__libc_fini_array
                0x000075c8       0x34 c:/program files (x86)/gnu tools arm embedded/5.4 2016q3/bin/../lib/gcc/arm-none-eabi/5.4.1/../../../../arm-none-eabi/lib/armv6-m\libc.a(lib_a-fini.o)
                0x000075c8                __libc_fini_array
 .text          0x000075fc        0x0 c:/program files (x86)/gnu tools arm embedded/5.4 2016q3/bin/../lib/gcc/arm-none-eabi/5.4.1/../../../../arm-none-eabi/lib/armv6-m\libc.a(lib_a-__atexit.o)
 .text.__register_exitproc
                0x000075fc       0xd4 c:/program files (x86)/gnu tools arm embedded/5.4 2016q3/bin/../lib/gcc/arm-none-eabi/5.4.1/../../../../arm-none-eabi/lib/armv6-m\libc.a(lib_a-__atexit.o)
                0x000075fc                __register_exitproc
 .text          0x000076d0        0x0 c:/program files (x86)/gnu tools arm embedded/5.4 2016q3/bin/../lib/gcc/arm-none-eabi/5.4.1/../../../../arm-none-eabi/lib/armv6-m\libnosys.a(_exit.o)
 .text._exit    0x000076d0        0x4 c:/program files (x86)/gnu tools arm embedded/5.4 2016q3/bin/../lib/gcc/arm-none-eabi/5.4.1/../../../../arm-none-eabi/lib/armv6-m\libnosys.a(_exit.o)
                0x000076d0                _exit
 .text          0x000076d4        0x0 c:/program files (x86)/gnu tools arm embedded/5.4 2016q3/bin/../lib/gcc/arm-none-eabi/5.4.1/armv6-m/crtend.o
 .text          0x000076d4        0x0 c:/program files (x86)/gnu tools arm embedded/5.4 2016q3/bin/../lib/gcc/arm-none-eabi/5.4.1/armv6-m/crtn.o
 *(.init)
 .init          0x000076d4        0x4 c:/program files (x86)/gnu tools arm embedded/5.4 2016q3/bin/../lib/gcc/arm-none-eabi/5.4.1/armv6-m/crti.o
                0x000076d4                _init
 .init          0x000076d8        0x8 c:/program files (x86)/gnu tools arm embedded/5.4 2016q3/bin/../lib/gcc/arm-none-eabi/5.4.1/armv6-m/crtn.o
 *(.fini)
 .fini          0x000076e0        0x4 c:/program files (x86)/gnu tools arm embedded/5.4 2016q3/bin/../lib/gcc/arm-none-eabi/5.4.1/armv6-m/crti.o
                0x000076e0                _fini
 .fini          0x000076e4        0x8 c:/program files (x86)/gnu tools arm embedded/5.4 2016q3/bin/../lib/gcc/arm-none-eabi/5.4.1/armv6-m/crtn.o
 *crtbegin.o(.ctors)
 *crtbegin?.o(.ctors)
 *(EXCLUDE_FILE(*crtend.o *crtend?.o) .ctors)
 *(SORT(.ctors.*))
 *(.ctors)
 *crtbegin.o(.dtors)
 *crtbegin?.o(.dtors)
 *(EXCLUDE_FILE(*crtend.o *crtend?.o) .dtors)
 *(SORT(.dtors.*))
 *(.dtors)
 *(.rodata*)
 .rodata        0x000076ec       0x7b obj\Debug\AX_Radio_Lab_output\config.o
                0x000076ec                axradio_sync_slave_rxtimeout
                0x000076f0                axradio_sync_slave_rxwindow
                0x000076fc                axradio_sync_slave_rxadvance
                0x00007708                axradio_sync_slave_nrrx
                0x00007709                axradio_sync_slave_resyncloss
                0x0000770a                axradio_sync_slave_maxperiod
                0x0000770c                axradio_sync_slave_syncpause
                0x00007710                axradio_sync_slave_initialsyncwindow
                0x00007714                axradio_sync_slave_syncwindow
                0x00007718                axradio_sync_xoscstartup
                0x0000771c                axradio_sync_period
                0x00007720                axradio_wor_period
                0x00007722                axradio_framing_minpayloadlen
                0x00007723                axradio_framing_ack_seqnrpos
                0x00007724                axradio_framing_ack_retransmissions
                0x00007728                axradio_framing_ack_delay
                0x0000772c                axradio_framing_ack_timeout
                0x00007730                axradio_framing_enable_sfdcallback
                0x00007731                axradio_framing_syncflags
                0x00007732                axradio_framing_syncword
                0x00007736                axradio_framing_synclen
                0x00007737                axradio_framing_swcrclen
                0x00007738                axradio_framing_lenmask
                0x00007739                axradio_framing_lenoffs
                0x0000773a                axradio_framing_lenpos
                0x0000773b                axradio_framing_sourceaddrpos
                0x0000773c                axradio_framing_destaddrpos
                0x0000773d                axradio_framing_addrlen
                0x0000773e                axradio_framing_maclen
                0x0000773f                axradio_phy_preamble_appendpattern
                0x00007740                axradio_phy_preamble_appendbits
                0x00007741                axradio_phy_preamble_flags
                0x00007742                axradio_phy_preamble_byte
                0x00007744                axradio_phy_preamble_len
                0x00007746                axradio_phy_preamble_longlen
                0x00007748                axradio_phy_preamble_wor_len
                0x0000774a                axradio_phy_preamble_wor_longlen
                0x0000774c                axradio_phy_lbt_forcetx
                0x0000774d                axradio_phy_lbt_retries
                0x0000774e                axradio_phy_cs_enabled
                0x00007750                axradio_phy_cs_period
                0x00007752                axradio_phy_channelbusy
                0x00007753                axradio_phy_rssireference
                0x00007754                axradio_phy_rssioffset
                0x00007758                axradio_phy_maxfreqoffset
                0x0000775c                axradio_phy_vcocalib
                0x0000775d                axradio_phy_chanvcoiinit
                0x0000775e                axradio_phy_chanpllrnginit
                0x00007760                axradio_phy_chanfreq
                0x00007764                axradio_phy_nrchannels
                0x00007765                axradio_phy_pn9
                0x00007766                axradio_phy_innerfreqloop
 *fill*         0x00007767        0x1 
 .rodata        0x00007768       0x16 obj\Debug\AX_Radio_Lab_output\configmaster.o
                0x00007768                lpxosc_settlingtime
                0x0000776a                demo_packet
                0x00007770                framing_counter_pos
                0x00007771                framing_insert_counter
                0x00007772                localaddr
                0x0000777a                remoteaddr
 *fill*         0x0000777e        0x2 
 .rodata        0x00007780       0x88 obj\Debug\COMMON\bme680.o
 .rodata        0x00007808       0x40 obj\Debug\COMMON\misc.o
 .rodata.str1.1
                0x00007848       0x58 obj\Debug\COMMON\misc.o
 .rodata        0x000078a0        0x2 obj\Debug\MASTER\main.o
                0x000078a0                AxM0_Mini_Kit
                0x000078a1                txondemand_mode
 .rodata        0x000078a2      0x200 C:\Program Files (x86)\ON Semiconductor\AXSDB\libmf\arm\libmff2.a(crc16table.o)
                0x000078a2                crc_crc16_table
 *fill*         0x00007aa2        0x2 
 .rodata        0x00007aa4       0x40 c:/program files (x86)/gnu tools arm embedded/5.4 2016q3/bin/../lib/gcc/arm-none-eabi/5.4.1/armv6-m\libgcc.a(mulsf3.o)
 .rodata        0x00007ae4       0x40 c:/program files (x86)/gnu tools arm embedded/5.4 2016q3/bin/../lib/gcc/arm-none-eabi/5.4.1/armv6-m\libgcc.a(divdf3.o)
 .rodata._global_impure_ptr
                0x00007b24        0x4 c:/program files (x86)/gnu tools arm embedded/5.4 2016q3/bin/../lib/gcc/arm-none-eabi/5.4.1/../../../../arm-none-eabi/lib/armv6-m\libc.a(lib_a-impure.o)
                0x00007b24                _global_impure_ptr
 *(.eh_frame*)
 .eh_frame      0x00007b28        0x0 c:/program files (x86)/gnu tools arm embedded/5.4 2016q3/bin/../lib/gcc/arm-none-eabi/5.4.1/armv6-m/crtbegin.o
 .eh_frame      0x00007b28        0x4 c:/program files (x86)/gnu tools arm embedded/5.4 2016q3/bin/../lib/gcc/arm-none-eabi/5.4.1/armv6-m/crtend.o

.glue_7         0x00007b2c        0x0
 .glue_7        0x00007b2c        0x0 linker stubs

.glue_7t        0x00007b2c        0x0
 .glue_7t       0x00007b2c        0x0 linker stubs

.vfp11_veneer   0x00007b2c        0x0
 .vfp11_veneer  0x00007b2c        0x0 linker stubs

.v4_bx          0x00007b2c        0x0
 .v4_bx         0x00007b2c        0x0 linker stubs

.iplt           0x00007b2c        0x0
 .iplt          0x00007b2c        0x0 c:/program files (x86)/gnu tools arm embedded/5.4 2016q3/bin/../lib/gcc/arm-none-eabi/5.4.1/armv6-m/crtbegin.o

.ARM.extab      0x00007b2c        0x0
 *(.ARM.extab* .gnu.linkonce.armextab.*)
 .ARM.extab     0x00007b2c        0x0 c:/program files (x86)/gnu tools arm embedded/5.4 2016q3/bin/../lib/gcc/arm-none-eabi/5.4.1/../../../../arm-none-eabi/lib/armv6-m/crt0.o
 .ARM.extab     0x00007b2c        0x0 c:/program files (x86)/gnu tools arm embedded/5.4 2016q3/bin/../lib/gcc/arm-none-eabi/5.4.1/armv6-m\libgcc.a(_divdi3.o)
                0x00007b2c                __exidx_start = .

.ARM.exidx      0x00007b2c        0x8
 *(.ARM.exidx* .gnu.linkonce.armexidx.*)
 .ARM.exidx     0x00007b2c        0x8 c:/program files (x86)/gnu tools arm embedded/5.4 2016q3/bin/../lib/gcc/arm-none-eabi/5.4.1/../../../../arm-none-eabi/lib/armv6-m/crt0.o
 .ARM.exidx     0x00007b34        0x0 c:/program files (x86)/gnu tools arm embedded/5.4 2016q3/bin/../lib/gcc/arm-none-eabi/5.4.1/armv6-m\libgcc.a(_divdi3.o)
                                  0x8 (size before relaxing)
                0x00007b34                __exidx_end = .
                0x00007b34                __etext = .

.rel.dyn        0x00007b34        0x0
 .rel.iplt      0x00007b34        0x0 c:/program files (x86)/gnu tools arm embedded/5.4 2016q3/bin/../lib/gcc/arm-none-eabi/5.4.1/armv6-m/crtbegin.o

.data           0x20000000      0x46c load address 0x00007b34
                0x20000000                __data_start__ = .
 *(vtable)
 *(.data*)
 .data          0x20000000        0x0 c:/program files (x86)/gnu tools arm embedded/5.4 2016q3/bin/../lib/gcc/arm-none-eabi/5.4.1/armv6-m/crti.o
 .data          0x20000000        0x4 c:/program files (x86)/gnu tools arm embedded/5.4 2016q3/bin/../lib/gcc/arm-none-eabi/5.4.1/armv6-m/crtbegin.o
                0x20000000                __dso_handle
 .data          0x20000004        0x0 c:/program files (x86)/gnu tools arm embedded/5.4 2016q3/bin/../lib/gcc/arm-none-eabi/5.4.1/../../../../arm-none-eabi/lib/armv6-m/crt0.o
 .data          0x20000004        0x0 obj\Debug\AX_Radio_Lab_output\config.o
 .data          0x20000004        0x0 obj\Debug\AX_Radio_Lab_output\configmaster.o
 .data          0x20000004        0x0 obj\Debug\COMMON\BMA400.o
 .data          0x20000004        0x0 obj\Debug\COMMON\bme680.o
 .data          0x20000004        0x0 obj\Debug\COMMON\display_com0.o
 .data          0x20000004        0x4 obj\Debug\COMMON\easyax5043.o
                0x20000004                f30_saved
                0x20000005                f31_saved
                0x20000006                f32_saved
                0x20000007                f33_saved
 .data          0x20000008        0x0 obj\Debug\COMMON\framing.o
 .data          0x20000008        0x0 obj\Debug\COMMON\misc.o
 .data          0x20000008        0x0 obj\Debug\COMMON\stackheap.o
 .data          0x20000008        0x7 obj\Debug\MASTER\main.o
                0x20000008                coldstart
                0x20000009                test_packet
 .data          0x2000000f        0x0 C:\Program Files (x86)\ON Semiconductor\AXSDB\libmf\arm\libmff2.a(startup_ARMCM0plus.o)
 .data          0x2000000f        0x0 C:\Program Files (x86)\ON Semiconductor\AXSDB\libmf\arm\libmff2.a(system_ARMCM0plus.o)
 .data          0x2000000f        0x0 C:\Program Files (x86)\ON Semiconductor\AXSDB\libmf\arm\libmff2.a(crc16ansib.o)
 .data          0x2000000f        0x0 C:\Program Files (x86)\ON Semiconductor\AXSDB\libmf\arm\libmff2.a(pn9bits.o)
 .data          0x2000000f        0x0 C:\Program Files (x86)\ON Semiconductor\AXSDB\libmf\arm\libmff2.a(pn9byte.o)
 .data          0x2000000f        0x0 C:\Program Files (x86)\ON Semiconductor\AXSDB\libmf\arm\libmff2.a(pn9buf.o)
 .data          0x2000000f        0x0 C:\Program Files (x86)\ON Semiconductor\AXSDB\libmf\arm\libmff2.a(signext16.o)
 .data          0x2000000f        0x0 C:\Program Files (x86)\ON Semiconductor\AXSDB\libmf\arm\libmff2.a(signext20.o)
 .data          0x2000000f        0x0 C:\Program Files (x86)\ON Semiconductor\AXSDB\libmf\arm\libmff2.a(signext24.o)
 .data          0x2000000f        0x0 C:\Program Files (x86)\ON Semiconductor\AXSDB\libmf\arm\libmff2.a(chksgnlim16.o)
 .data          0x2000000f        0x0 C:\Program Files (x86)\ON Semiconductor\AXSDB\libmf\arm\libmff2.a(sgnlim16.o)
 .data          0x2000000f        0x0 C:\Program Files (x86)\ON Semiconductor\AXSDB\libmf\arm\libmff2.a(chksgnlim32.o)
 .data          0x2000000f        0x0 C:\Program Files (x86)\ON Semiconductor\AXSDB\libmf\arm\libmff2.a(delay.o)
 .data          0x2000000f        0x0 C:\Program Files (x86)\ON Semiconductor\AXSDB\libmf\arm\libmff2.a(startcause.o)
 .data          0x2000000f        0x0 C:\Program Files (x86)\ON Semiconductor\AXSDB\libmf\arm\libmff2.a(radiord8.o)
 .data          0x2000000f        0x0 C:\Program Files (x86)\ON Semiconductor\AXSDB\libmf\arm\libmff2.a(radiord16.o)
 .data          0x2000000f        0x0 C:\Program Files (x86)\ON Semiconductor\AXSDB\libmf\arm\libmff2.a(radiord24.o)
 .data          0x2000000f        0x0 C:\Program Files (x86)\ON Semiconductor\AXSDB\libmf\arm\libmff2.a(radiowr8.o)
 .data          0x2000000f        0x0 C:\Program Files (x86)\ON Semiconductor\AXSDB\libmf\arm\libmff2.a(wtimer.o)
 .data          0x2000000f        0x0 C:\Program Files (x86)\ON Semiconductor\AXSDB\libmf\arm\libmff2.a(wtcbadd.o)
 .data          0x2000000f        0x0 C:\Program Files (x86)\ON Semiconductor\AXSDB\libmf\arm\libmff2.a(wtcbrem.o)
 .data          0x2000000f        0x0 C:\Program Files (x86)\ON Semiconductor\AXSDB\libmf\arm\libmff2.a(wt0setcfg.o)
 .data          0x2000000f        0x0 C:\Program Files (x86)\ON Semiconductor\AXSDB\libmf\arm\libmff2.a(wt1setcfg.o)
 .data          0x2000000f        0x0 C:\Program Files (x86)\ON Semiconductor\AXSDB\libmf\arm\libmff2.a(wt0adda.o)
 .data          0x2000000f        0x0 C:\Program Files (x86)\ON Semiconductor\AXSDB\libmf\arm\libmff2.a(wt0addr.o)
 .data          0x2000000f        0x0 C:\Program Files (x86)\ON Semiconductor\AXSDB\libmf\arm\libmff2.a(wt1addr.o)
 .data          0x2000000f        0x0 C:\Program Files (x86)\ON Semiconductor\AXSDB\libmf\arm\libmff2.a(wt0curt.o)
 .data          0x2000000f        0x0 C:\Program Files (x86)\ON Semiconductor\AXSDB\libmf\arm\libmff2.a(wt1rem.o)
 .data          0x2000000f        0x0 C:\Program Files (x86)\ON Semiconductor\AXSDB\libmf\arm\libmff2.a(wt01rem.o)
 .data          0x2000000f        0x0 C:\Program Files (x86)\ON Semiconductor\AXSDB\libmf\arm\libmff2.a(ax5043rdfifo.o)
 .data          0x2000000f        0x0 C:\Program Files (x86)\ON Semiconductor\AXSDB\libmf\arm\libmff2.a(ax5043wrfifo.o)
 .data          0x2000000f        0x2 C:\Program Files (x86)\ON Semiconductor\AXSDB\libmf\arm\libmff2.a(ax5043reset.o)
 .data          0x20000011        0x0 C:\Program Files (x86)\ON Semiconductor\AXSDB\libmf\arm\libmff2.a(ax5043deepsleep.o)
 *fill*         0x20000011        0x3 
 .data          0x20000014        0x4 C:\Program Files (x86)\ON Semiconductor\AXSDB\libmf\arm\libmff2.a(setupcal.o)
 .data          0x20000018       0x14 C:\Program Files (x86)\ON Semiconductor\AXSDB\libmf\arm\libmff2.a(i2c1.o)
                0x20000018                _i2c1_descriptor
 .data          0x2000002c        0x0 C:\Program Files (x86)\ON Semiconductor\AXSDB\libmf\arm\libmff2.a(i2cm.o)
 .data          0x2000002c        0x0 C:\Program Files (x86)\ON Semiconductor\AXSDB\libmf\arm\libmff2.a(crc16ansi.o)
 .data          0x2000002c        0x0 C:\Program Files (x86)\ON Semiconductor\AXSDB\libmf\arm\libmff2.a(crc16table.o)
 .data          0x2000002c        0x0 C:\Program Files (x86)\ON Semiconductor\AXSDB\libmf\arm\libmff2.a(sleep.o)
 .data          0x2000002c        0x0 C:\Program Files (x86)\ON Semiconductor\AXSDB\libmf\arm\libmff2.a(sleepcont.o)
 .data          0x2000002c        0x0 C:\Program Files (x86)\ON Semiconductor\AXSDB\libmf\arm\libmff2.a(standby.o)
 .data          0x2000002c        0x0 C:\Program Files (x86)\ON Semiconductor\AXSDB\libmf\arm\libmff2.a(wtrem.o)
 .data          0x2000002c        0x0 C:\Program Files (x86)\ON Semiconductor\AXSDB\libmf\arm\libmff2.a(radiodswakecore.o)
 .data          0x2000002c        0x0 C:\Program Files (x86)\ON Semiconductor\AXSDB\libmf\arm\libmff2.a(ax5043rclkena.o)
 .data          0x2000002c        0x0 c:/program files (x86)/gnu tools arm embedded/5.4 2016q3/bin/../lib/gcc/arm-none-eabi/5.4.1/armv6-m\libgcc.a(_thumb1_case_uqi.o)
 .data          0x2000002c        0x0 c:/program files (x86)/gnu tools arm embedded/5.4 2016q3/bin/../lib/gcc/arm-none-eabi/5.4.1/armv6-m\libgcc.a(_thumb1_case_uhi.o)
 .data          0x2000002c        0x0 c:/program files (x86)/gnu tools arm embedded/5.4 2016q3/bin/../lib/gcc/arm-none-eabi/5.4.1/armv6-m\libgcc.a(_udivsi3.o)
 .data          0x2000002c        0x0 c:/program files (x86)/gnu tools arm embedded/5.4 2016q3/bin/../lib/gcc/arm-none-eabi/5.4.1/armv6-m\libgcc.a(_divsi3.o)
 .data          0x2000002c        0x0 c:/program files (x86)/gnu tools arm embedded/5.4 2016q3/bin/../lib/gcc/arm-none-eabi/5.4.1/armv6-m\libgcc.a(_dvmd_tls.o)
 .data          0x2000002c        0x0 c:/program files (x86)/gnu tools arm embedded/5.4 2016q3/bin/../lib/gcc/arm-none-eabi/5.4.1/armv6-m\libgcc.a(_aeabi_ldivmod.o)
 .data          0x2000002c        0x0 c:/program files (x86)/gnu tools arm embedded/5.4 2016q3/bin/../lib/gcc/arm-none-eabi/5.4.1/armv6-m\libgcc.a(_muldi3.o)
 .data          0x2000002c        0x0 c:/program files (x86)/gnu tools arm embedded/5.4 2016q3/bin/../lib/gcc/arm-none-eabi/5.4.1/armv6-m\libgcc.a(bpabi.o)
 .data          0x2000002c        0x0 c:/program files (x86)/gnu tools arm embedded/5.4 2016q3/bin/../lib/gcc/arm-none-eabi/5.4.1/armv6-m\libgcc.a(mulsf3.o)
 .data          0x2000002c        0x0 c:/program files (x86)/gnu tools arm embedded/5.4 2016q3/bin/../lib/gcc/arm-none-eabi/5.4.1/armv6-m\libgcc.a(floatsisf.o)
 .data          0x2000002c        0x0 c:/program files (x86)/gnu tools arm embedded/5.4 2016q3/bin/../lib/gcc/arm-none-eabi/5.4.1/armv6-m\libgcc.a(divdf3.o)
 .data          0x2000002c        0x0 c:/program files (x86)/gnu tools arm embedded/5.4 2016q3/bin/../lib/gcc/arm-none-eabi/5.4.1/armv6-m\libgcc.a(floatsidf.o)
 .data          0x2000002c        0x0 c:/program files (x86)/gnu tools arm embedded/5.4 2016q3/bin/../lib/gcc/arm-none-eabi/5.4.1/armv6-m\libgcc.a(floatunsidf.o)
 .data          0x2000002c        0x0 c:/program files (x86)/gnu tools arm embedded/5.4 2016q3/bin/../lib/gcc/arm-none-eabi/5.4.1/armv6-m\libgcc.a(truncdfsf2.o)
 .data          0x2000002c        0x0 c:/program files (x86)/gnu tools arm embedded/5.4 2016q3/bin/../lib/gcc/arm-none-eabi/5.4.1/armv6-m\libgcc.a(_clzsi2.o)
 .data          0x2000002c        0x0 c:/program files (x86)/gnu tools arm embedded/5.4 2016q3/bin/../lib/gcc/arm-none-eabi/5.4.1/armv6-m\libgcc.a(_divdi3.o)
 .data          0x2000002c        0x0 c:/program files (x86)/gnu tools arm embedded/5.4 2016q3/bin/../lib/gcc/arm-none-eabi/5.4.1/armv6-m\libgcc.a(_clzdi2.o)
 .data          0x2000002c        0x0 c:/program files (x86)/gnu tools arm embedded/5.4 2016q3/bin/../lib/gcc/arm-none-eabi/5.4.1/../../../../arm-none-eabi/lib/armv6-m\libc.a(lib_a-exit.o)
 .data          0x2000002c        0x0 c:/program files (x86)/gnu tools arm embedded/5.4 2016q3/bin/../lib/gcc/arm-none-eabi/5.4.1/../../../../arm-none-eabi/lib/armv6-m\libc.a(lib_a-impure.o)
 *fill*         0x2000002c        0x4 
 .data.impure_data
                0x20000030      0x428 c:/program files (x86)/gnu tools arm embedded/5.4 2016q3/bin/../lib/gcc/arm-none-eabi/5.4.1/../../../../arm-none-eabi/lib/armv6-m\libc.a(lib_a-impure.o)
 .data._impure_ptr
                0x20000458        0x4 c:/program files (x86)/gnu tools arm embedded/5.4 2016q3/bin/../lib/gcc/arm-none-eabi/5.4.1/../../../../arm-none-eabi/lib/armv6-m\libc.a(lib_a-impure.o)
                0x20000458                _impure_ptr
 .data          0x2000045c        0x0 c:/program files (x86)/gnu tools arm embedded/5.4 2016q3/bin/../lib/gcc/arm-none-eabi/5.4.1/../../../../arm-none-eabi/lib/armv6-m\libc.a(lib_a-init.o)
 .data          0x2000045c        0x0 c:/program files (x86)/gnu tools arm embedded/5.4 2016q3/bin/../lib/gcc/arm-none-eabi/5.4.1/../../../../arm-none-eabi/lib/armv6-m\libc.a(lib_a-memcpy-stub.o)
 .data          0x2000045c        0x0 c:/program files (x86)/gnu tools arm embedded/5.4 2016q3/bin/../lib/gcc/arm-none-eabi/5.4.1/../../../../arm-none-eabi/lib/armv6-m\libc.a(lib_a-memset.o)
 .data          0x2000045c        0x0 c:/program files (x86)/gnu tools arm embedded/5.4 2016q3/bin/../lib/gcc/arm-none-eabi/5.4.1/../../../../arm-none-eabi/lib/armv6-m\libc.a(lib_a-__call_atexit.o)
 .data          0x2000045c        0x0 c:/program files (x86)/gnu tools arm embedded/5.4 2016q3/bin/../lib/gcc/arm-none-eabi/5.4.1/../../../../arm-none-eabi/lib/armv6-m\libc.a(lib_a-atexit.o)
 .data          0x2000045c        0x0 c:/program files (x86)/gnu tools arm embedded/5.4 2016q3/bin/../lib/gcc/arm-none-eabi/5.4.1/../../../../arm-none-eabi/lib/armv6-m\libc.a(lib_a-fini.o)
 .data          0x2000045c        0x0 c:/program files (x86)/gnu tools arm embedded/5.4 2016q3/bin/../lib/gcc/arm-none-eabi/5.4.1/../../../../arm-none-eabi/lib/armv6-m\libc.a(lib_a-__atexit.o)
 .data          0x2000045c        0x0 c:/program files (x86)/gnu tools arm embedded/5.4 2016q3/bin/../lib/gcc/arm-none-eabi/5.4.1/../../../../arm-none-eabi/lib/armv6-m\libnosys.a(_exit.o)
 .data          0x2000045c        0x0 c:/program files (x86)/gnu tools arm embedded/5.4 2016q3/bin/../lib/gcc/arm-none-eabi/5.4.1/armv6-m/crtend.o
 .data          0x2000045c        0x0 c:/program files (x86)/gnu tools arm embedded/5.4 2016q3/bin/../lib/gcc/arm-none-eabi/5.4.1/armv6-m/crtn.o
                0x2000045c                . = ALIGN (0x4)
                0x2000045c                PROVIDE (__preinit_array_start, .)
 *(.preinit_array)
                0x2000045c                PROVIDE (__preinit_array_end, .)
                0x2000045c                . = ALIGN (0x4)
                0x2000045c                PROVIDE (__init_array_start, .)
 *(SORT(.init_array.*))
 .init_array.00000
                0x2000045c        0x4 c:/program files (x86)/gnu tools arm embedded/5.4 2016q3/bin/../lib/gcc/arm-none-eabi/5.4.1/../../../../arm-none-eabi/lib/armv6-m\libc.a(lib_a-__call_atexit.o)
 *(.init_array)
 .init_array    0x20000460        0x4 c:/program files (x86)/gnu tools arm embedded/5.4 2016q3/bin/../lib/gcc/arm-none-eabi/5.4.1/armv6-m/crtbegin.o
                0x20000464                PROVIDE (__init_array_end, .)
                0x20000464                . = ALIGN (0x4)
                0x20000464                PROVIDE (__fini_array_start, .)
 *(SORT(.fini_array.*))
 *(.fini_array)
 .fini_array    0x20000464        0x4 c:/program files (x86)/gnu tools arm embedded/5.4 2016q3/bin/../lib/gcc/arm-none-eabi/5.4.1/armv6-m/crtbegin.o
                0x20000468                PROVIDE (__fini_array_end, .)
 *(.jcr*)
 .jcr           0x20000468        0x0 c:/program files (x86)/gnu tools arm embedded/5.4 2016q3/bin/../lib/gcc/arm-none-eabi/5.4.1/armv6-m/crtbegin.o
 .jcr           0x20000468        0x4 c:/program files (x86)/gnu tools arm embedded/5.4 2016q3/bin/../lib/gcc/arm-none-eabi/5.4.1/armv6-m/crtend.o
                0x2000046c                . = ALIGN (0x4)
                0x2000046c                __data_end__ = .

.igot.plt       0x2000046c        0x0 load address 0x00007fa0
 .igot.plt      0x2000046c        0x0 c:/program files (x86)/gnu tools arm embedded/5.4 2016q3/bin/../lib/gcc/arm-none-eabi/5.4.1/armv6-m/crtbegin.o

.noinit         0x2000046c        0x3 load address 0x00007fa0
 .noinit        0x2000046c        0x3 C:\Program Files (x86)\ON Semiconductor\AXSDB\libmf\arm\libmff2.a(setupcal.o)
                0x2000046c                wtimer0_clksrc
                0x2000046d                wtimer1_clksrc
                0x2000046e                wtimer1_prescaler

.bss            0x20000470      0x410 load address 0x00007fa4
                0x20000470                . = ALIGN (0x4)
                0x20000470                __bss_start__ = .
 *(.bss*)
 .bss           0x20000470        0x0 c:/program files (x86)/gnu tools arm embedded/5.4 2016q3/bin/../lib/gcc/arm-none-eabi/5.4.1/armv6-m/crti.o
 .bss           0x20000470       0x1c c:/program files (x86)/gnu tools arm embedded/5.4 2016q3/bin/../lib/gcc/arm-none-eabi/5.4.1/armv6-m/crtbegin.o
 .bss           0x2000048c        0x0 c:/program files (x86)/gnu tools arm embedded/5.4 2016q3/bin/../lib/gcc/arm-none-eabi/5.4.1/../../../../arm-none-eabi/lib/armv6-m/crt0.o
 .bss           0x2000048c        0x2 obj\Debug\AX_Radio_Lab_output\config.o
                0x2000048c                axradio_phy_chanvcoi
                0x2000048d                axradio_phy_chanpllrng
 .bss           0x2000048e        0x0 obj\Debug\AX_Radio_Lab_output\configmaster.o
 *fill*         0x2000048e        0x2 
 .bss           0x20000490        0x4 obj\Debug\COMMON\BMA400.o
                0x20000490                BMAaccRange
 .bss           0x20000494        0x0 obj\Debug\COMMON\bme680.o
 .bss           0x20000494        0x0 obj\Debug\COMMON\display_com0.o
 .bss           0x20000494      0x2c4 obj\Debug\COMMON\easyax5043.o
                0x20000494                axradio_sync_time
                0x20000498                axradio_timer
                0x200004a4                axradio_cb_receive
                0x200004d4                axradio_cb_receivesfd
                0x200004e4                axradio_cb_channelstate
                0x200004f8                axradio_cb_transmitstart
                0x20000508                axradio_cb_transmitend
                0x20000518                axradio_cb_transmitdata
                0x20000528                axradio_trxstate
                0x2000052a                axradio_txbuffer_cnt
                0x2000052c                axradio_mode
                0x2000052e                axradio_txbuffer_len
                0x20000530                axradio_txbuffer
                0x20000634                axradio_timeanchor
                0x2000063c                axradio_sync_periodcorr
                0x2000063e                axradio_localaddr
                0x20000646                axradio_syncstate
                0x20000647                axradio_ack_count
                0x20000648                axradio_ack_seqnr
                0x20000649                axradio_default_remoteaddr
                0x2000064d                axradio_curchannel
                0x20000650                axradio_curfreqoffset
                0x20000654                axradio_rxbuffer
 .bss           0x20000758        0x0 obj\Debug\COMMON\framing.o
 .bss           0x20000758        0xc obj\Debug\COMMON\misc.o
 .bss           0x20000764        0x0 obj\Debug\COMMON\stackheap.o
 .bss           0x20000764       0xe0 obj\Debug\MASTER\main.o
                0x20000764                pkt_counter
                0x20000768                wakeup_desc
                0x20000774                gas_sensor
                0x200007cc                rslt
                0x200007ce                profil_duration
                0x200007d0                data
                0x200007e4                t
                0x200007e8                p
                0x200007ec                h
                0x200007f0                buffer_txBME
                0x20000800                crit
                0x20000804                uart_float_buf
 .bss           0x20000844        0x0 C:\Program Files (x86)\ON Semiconductor\AXSDB\libmf\arm\libmff2.a(startup_ARMCM0plus.o)
 .bss           0x20000844        0x0 C:\Program Files (x86)\ON Semiconductor\AXSDB\libmf\arm\libmff2.a(system_ARMCM0plus.o)
 .bss           0x20000844        0x0 C:\Program Files (x86)\ON Semiconductor\AXSDB\libmf\arm\libmff2.a(crc16ansib.o)
 .bss           0x20000844        0x0 C:\Program Files (x86)\ON Semiconductor\AXSDB\libmf\arm\libmff2.a(pn9bits.o)
 .bss           0x20000844        0x0 C:\Program Files (x86)\ON Semiconductor\AXSDB\libmf\arm\libmff2.a(pn9byte.o)
 .bss           0x20000844        0x0 C:\Program Files (x86)\ON Semiconductor\AXSDB\libmf\arm\libmff2.a(pn9buf.o)
 .bss           0x20000844        0x0 C:\Program Files (x86)\ON Semiconductor\AXSDB\libmf\arm\libmff2.a(signext16.o)
 .bss           0x20000844        0x0 C:\Program Files (x86)\ON Semiconductor\AXSDB\libmf\arm\libmff2.a(signext20.o)
 .bss           0x20000844        0x0 C:\Program Files (x86)\ON Semiconductor\AXSDB\libmf\arm\libmff2.a(signext24.o)
 .bss           0x20000844        0x0 C:\Program Files (x86)\ON Semiconductor\AXSDB\libmf\arm\libmff2.a(chksgnlim16.o)
 .bss           0x20000844        0x0 C:\Program Files (x86)\ON Semiconductor\AXSDB\libmf\arm\libmff2.a(sgnlim16.o)
 .bss           0x20000844        0x0 C:\Program Files (x86)\ON Semiconductor\AXSDB\libmf\arm\libmff2.a(chksgnlim32.o)
 .bss           0x20000844        0x0 C:\Program Files (x86)\ON Semiconductor\AXSDB\libmf\arm\libmff2.a(delay.o)
 .bss           0x20000844        0x0 C:\Program Files (x86)\ON Semiconductor\AXSDB\libmf\arm\libmff2.a(startcause.o)
 .bss           0x20000844        0x0 C:\Program Files (x86)\ON Semiconductor\AXSDB\libmf\arm\libmff2.a(radiord8.o)
 .bss           0x20000844        0x0 C:\Program Files (x86)\ON Semiconductor\AXSDB\libmf\arm\libmff2.a(radiord16.o)
 .bss           0x20000844        0x0 C:\Program Files (x86)\ON Semiconductor\AXSDB\libmf\arm\libmff2.a(radiord24.o)
 .bss           0x20000844        0x0 C:\Program Files (x86)\ON Semiconductor\AXSDB\libmf\arm\libmff2.a(radiowr8.o)
 .bss           0x20000844       0x2a C:\Program Files (x86)\ON Semiconductor\AXSDB\libmf\arm\libmff2.a(wtimer.o)
                0x20000844                wtimer_pending
                0x20000848                wtimer_state
 .bss           0x2000086e        0x0 C:\Program Files (x86)\ON Semiconductor\AXSDB\libmf\arm\libmff2.a(wtcbadd.o)
 .bss           0x2000086e        0x0 C:\Program Files (x86)\ON Semiconductor\AXSDB\libmf\arm\libmff2.a(wtcbrem.o)
 .bss           0x2000086e        0x0 C:\Program Files (x86)\ON Semiconductor\AXSDB\libmf\arm\libmff2.a(wt0setcfg.o)
 .bss           0x2000086e        0x0 C:\Program Files (x86)\ON Semiconductor\AXSDB\libmf\arm\libmff2.a(wt1setcfg.o)
 .bss           0x2000086e        0x0 C:\Program Files (x86)\ON Semiconductor\AXSDB\libmf\arm\libmff2.a(wt0adda.o)
 .bss           0x2000086e        0x0 C:\Program Files (x86)\ON Semiconductor\AXSDB\libmf\arm\libmff2.a(wt0addr.o)
 .bss           0x2000086e        0x0 C:\Program Files (x86)\ON Semiconductor\AXSDB\libmf\arm\libmff2.a(wt1addr.o)
 .bss           0x2000086e        0x0 C:\Program Files (x86)\ON Semiconductor\AXSDB\libmf\arm\libmff2.a(wt0curt.o)
 .bss           0x2000086e        0x0 C:\Program Files (x86)\ON Semiconductor\AXSDB\libmf\arm\libmff2.a(wt1rem.o)
 .bss           0x2000086e        0x0 C:\Program Files (x86)\ON Semiconductor\AXSDB\libmf\arm\libmff2.a(wt01rem.o)
 .bss           0x2000086e        0x0 C:\Program Files (x86)\ON Semiconductor\AXSDB\libmf\arm\libmff2.a(ax5043rdfifo.o)
 .bss           0x2000086e        0x0 C:\Program Files (x86)\ON Semiconductor\AXSDB\libmf\arm\libmff2.a(ax5043wrfifo.o)
 .bss           0x2000086e        0x0 C:\Program Files (x86)\ON Semiconductor\AXSDB\libmf\arm\libmff2.a(ax5043reset.o)
 .bss           0x2000086e        0x0 C:\Program Files (x86)\ON Semiconductor\AXSDB\libmf\arm\libmff2.a(ax5043deepsleep.o)
 *fill*         0x2000086e        0x2 
 .bss           0x20000870        0xd C:\Program Files (x86)\ON Semiconductor\AXSDB\libmf\arm\libmff2.a(setupcal.o)
 .bss           0x2000087d        0x0 C:\Program Files (x86)\ON Semiconductor\AXSDB\libmf\arm\libmff2.a(i2c1.o)
 .bss           0x2000087d        0x1 C:\Program Files (x86)\ON Semiconductor\AXSDB\libmf\arm\libmff2.a(i2cm.o)
 .bss           0x2000087e        0x0 C:\Program Files (x86)\ON Semiconductor\AXSDB\libmf\arm\libmff2.a(crc16ansi.o)
 .bss           0x2000087e        0x0 C:\Program Files (x86)\ON Semiconductor\AXSDB\libmf\arm\libmff2.a(crc16table.o)
 .bss           0x2000087e        0x0 C:\Program Files (x86)\ON Semiconductor\AXSDB\libmf\arm\libmff2.a(sleep.o)
 .bss           0x2000087e        0x0 C:\Program Files (x86)\ON Semiconductor\AXSDB\libmf\arm\libmff2.a(sleepcont.o)
 .bss           0x2000087e        0x0 C:\Program Files (x86)\ON Semiconductor\AXSDB\libmf\arm\libmff2.a(standby.o)
 .bss           0x2000087e        0x0 C:\Program Files (x86)\ON Semiconductor\AXSDB\libmf\arm\libmff2.a(wtrem.o)
 .bss           0x2000087e        0x0 C:\Program Files (x86)\ON Semiconductor\AXSDB\libmf\arm\libmff2.a(radiodswakecore.o)
 .bss           0x2000087e        0x0 C:\Program Files (x86)\ON Semiconductor\AXSDB\libmf\arm\libmff2.a(ax5043rclkena.o)
 .bss           0x2000087e        0x0 c:/program files (x86)/gnu tools arm embedded/5.4 2016q3/bin/../lib/gcc/arm-none-eabi/5.4.1/armv6-m\libgcc.a(_thumb1_case_uqi.o)
 .bss           0x2000087e        0x0 c:/program files (x86)/gnu tools arm embedded/5.4 2016q3/bin/../lib/gcc/arm-none-eabi/5.4.1/armv6-m\libgcc.a(_thumb1_case_uhi.o)
 .bss           0x2000087e        0x0 c:/program files (x86)/gnu tools arm embedded/5.4 2016q3/bin/../lib/gcc/arm-none-eabi/5.4.1/armv6-m\libgcc.a(_udivsi3.o)
 .bss           0x2000087e        0x0 c:/program files (x86)/gnu tools arm embedded/5.4 2016q3/bin/../lib/gcc/arm-none-eabi/5.4.1/armv6-m\libgcc.a(_divsi3.o)
 .bss           0x2000087e        0x0 c:/program files (x86)/gnu tools arm embedded/5.4 2016q3/bin/../lib/gcc/arm-none-eabi/5.4.1/armv6-m\libgcc.a(_dvmd_tls.o)
 .bss           0x2000087e        0x0 c:/program files (x86)/gnu tools arm embedded/5.4 2016q3/bin/../lib/gcc/arm-none-eabi/5.4.1/armv6-m\libgcc.a(_aeabi_ldivmod.o)
 .bss           0x2000087e        0x0 c:/program files (x86)/gnu tools arm embedded/5.4 2016q3/bin/../lib/gcc/arm-none-eabi/5.4.1/armv6-m\libgcc.a(_muldi3.o)
 .bss           0x2000087e        0x0 c:/program files (x86)/gnu tools arm embedded/5.4 2016q3/bin/../lib/gcc/arm-none-eabi/5.4.1/armv6-m\libgcc.a(bpabi.o)
 .bss           0x2000087e        0x0 c:/program files (x86)/gnu tools arm embedded/5.4 2016q3/bin/../lib/gcc/arm-none-eabi/5.4.1/armv6-m\libgcc.a(mulsf3.o)
 .bss           0x2000087e        0x0 c:/program files (x86)/gnu tools arm embedded/5.4 2016q3/bin/../lib/gcc/arm-none-eabi/5.4.1/armv6-m\libgcc.a(floatsisf.o)
 .bss           0x2000087e        0x0 c:/program files (x86)/gnu tools arm embedded/5.4 2016q3/bin/../lib/gcc/arm-none-eabi/5.4.1/armv6-m\libgcc.a(divdf3.o)
 .bss           0x2000087e        0x0 c:/program files (x86)/gnu tools arm embedded/5.4 2016q3/bin/../lib/gcc/arm-none-eabi/5.4.1/armv6-m\libgcc.a(floatsidf.o)
 .bss           0x2000087e        0x0 c:/program files (x86)/gnu tools arm embedded/5.4 2016q3/bin/../lib/gcc/arm-none-eabi/5.4.1/armv6-m\libgcc.a(floatunsidf.o)
 .bss           0x2000087e        0x0 c:/program files (x86)/gnu tools arm embedded/5.4 2016q3/bin/../lib/gcc/arm-none-eabi/5.4.1/armv6-m\libgcc.a(truncdfsf2.o)
 .bss           0x2000087e        0x0 c:/program files (x86)/gnu tools arm embedded/5.4 2016q3/bin/../lib/gcc/arm-none-eabi/5.4.1/armv6-m\libgcc.a(_clzsi2.o)
 .bss           0x2000087e        0x0 c:/program files (x86)/gnu tools arm embedded/5.4 2016q3/bin/../lib/gcc/arm-none-eabi/5.4.1/armv6-m\libgcc.a(_divdi3.o)
 .bss           0x2000087e        0x0 c:/program files (x86)/gnu tools arm embedded/5.4 2016q3/bin/../lib/gcc/arm-none-eabi/5.4.1/armv6-m\libgcc.a(_clzdi2.o)
 .bss           0x2000087e        0x0 c:/program files (x86)/gnu tools arm embedded/5.4 2016q3/bin/../lib/gcc/arm-none-eabi/5.4.1/../../../../arm-none-eabi/lib/armv6-m\libc.a(lib_a-exit.o)
 .bss           0x2000087e        0x0 c:/program files (x86)/gnu tools arm embedded/5.4 2016q3/bin/../lib/gcc/arm-none-eabi/5.4.1/../../../../arm-none-eabi/lib/armv6-m\libc.a(lib_a-impure.o)
 .bss           0x2000087e        0x0 c:/program files (x86)/gnu tools arm embedded/5.4 2016q3/bin/../lib/gcc/arm-none-eabi/5.4.1/../../../../arm-none-eabi/lib/armv6-m\libc.a(lib_a-init.o)
 .bss           0x2000087e        0x0 c:/program files (x86)/gnu tools arm embedded/5.4 2016q3/bin/../lib/gcc/arm-none-eabi/5.4.1/../../../../arm-none-eabi/lib/armv6-m\libc.a(lib_a-memcpy-stub.o)
 .bss           0x2000087e        0x0 c:/program files (x86)/gnu tools arm embedded/5.4 2016q3/bin/../lib/gcc/arm-none-eabi/5.4.1/../../../../arm-none-eabi/lib/armv6-m\libc.a(lib_a-memset.o)
 .bss           0x2000087e        0x0 c:/program files (x86)/gnu tools arm embedded/5.4 2016q3/bin/../lib/gcc/arm-none-eabi/5.4.1/../../../../arm-none-eabi/lib/armv6-m\libc.a(lib_a-__call_atexit.o)
 .bss           0x2000087e        0x0 c:/program files (x86)/gnu tools arm embedded/5.4 2016q3/bin/../lib/gcc/arm-none-eabi/5.4.1/../../../../arm-none-eabi/lib/armv6-m\libc.a(lib_a-atexit.o)
 .bss           0x2000087e        0x0 c:/program files (x86)/gnu tools arm embedded/5.4 2016q3/bin/../lib/gcc/arm-none-eabi/5.4.1/../../../../arm-none-eabi/lib/armv6-m\libc.a(lib_a-fini.o)
 .bss           0x2000087e        0x0 c:/program files (x86)/gnu tools arm embedded/5.4 2016q3/bin/../lib/gcc/arm-none-eabi/5.4.1/../../../../arm-none-eabi/lib/armv6-m\libc.a(lib_a-__atexit.o)
 .bss           0x2000087e        0x0 c:/program files (x86)/gnu tools arm embedded/5.4 2016q3/bin/../lib/gcc/arm-none-eabi/5.4.1/../../../../arm-none-eabi/lib/armv6-m\libnosys.a(_exit.o)
 .bss           0x2000087e        0x0 c:/program files (x86)/gnu tools arm embedded/5.4 2016q3/bin/../lib/gcc/arm-none-eabi/5.4.1/armv6-m/crtend.o
 .bss           0x2000087e        0x0 c:/program files (x86)/gnu tools arm embedded/5.4 2016q3/bin/../lib/gcc/arm-none-eabi/5.4.1/armv6-m/crtn.o
 *(COMMON)
                0x20000880                . = ALIGN (0x4)
 *fill*         0x2000087e        0x2 
                0x20000880                __bss_end__ = .

.axuninit       0x20000880        0x8 load address 0x000083b4
                0x20000880                . = ALIGN (0x4)
                0x20000880                __axuninit_start__ = .
 *(.axuninit*)
 .axuninit      0x20000880        0x5 C:\Program Files (x86)\ON Semiconductor\AXSDB\libmf\arm\libmff2.a(system_ARMCM0plus.o)
                0x20000880                SystemCoreClock
                0x20000884                __startcause
                0x20000888                . = ALIGN (0x4)
 *fill*         0x20000885        0x3 
                0x20000888                __axuninit_end__ = .

.heap           0x20000888      0xc00
                0x20000888                __HeapBase = .
                0x20000888                __end__ = .
                0x20000888                end = __end__
 *(.heap*)
 .heap          0x20000888      0xc00 obj\Debug\COMMON\stackheap.o
                0x20001488                __HeapLimit = .

.stack_dummy    0x20000888      0x400
 *(.stack*)
 .stack         0x20000888      0x400 obj\Debug\COMMON\stackheap.o
                0x20002000                __StackTop = (ORIGIN (RAM) + LENGTH (RAM))
                0x20001c00                __StackLimit = (__StackTop - SIZEOF (.stack_dummy))
                0x20002000                PROVIDE (__stack, __StackTop)
                0x00000001                ASSERT ((__StackLimit >= __HeapLimit), region RAM overflowed with stack)
OUTPUT(bin\Debug\MASTER_AXM0f2-GNU.elf elf32-littlearm)

.ARM.attributes
                0x00000000       0x28
 .ARM.attributes
                0x00000000       0x1e c:/program files (x86)/gnu tools arm embedded/5.4 2016q3/bin/../lib/gcc/arm-none-eabi/5.4.1/armv6-m/crti.o
 .ARM.attributes
                0x0000001e       0x2c c:/program files (x86)/gnu tools arm embedded/5.4 2016q3/bin/../lib/gcc/arm-none-eabi/5.4.1/armv6-m/crtbegin.o
 .ARM.attributes
                0x0000004a       0x1b c:/program files (x86)/gnu tools arm embedded/5.4 2016q3/bin/../lib/gcc/arm-none-eabi/5.4.1/../../../../arm-none-eabi/lib/armv6-m/crt0.o
 .ARM.attributes
                0x00000065       0x32 obj\Debug\AX_Radio_Lab_output\config.o
 .ARM.attributes
                0x00000097       0x32 obj\Debug\AX_Radio_Lab_output\configmaster.o
 .ARM.attributes
                0x000000c9       0x32 obj\Debug\COMMON\BMA400.o
 .ARM.attributes
                0x000000fb       0x32 obj\Debug\COMMON\bme680.o
 .ARM.attributes
                0x0000012d       0x32 obj\Debug\COMMON\display_com0.o
 .ARM.attributes
                0x0000015f       0x32 obj\Debug\COMMON\easyax5043.o
 .ARM.attributes
                0x00000191       0x32 obj\Debug\COMMON\framing.o
 .ARM.attributes
                0x000001c3       0x32 obj\Debug\COMMON\misc.o
 .ARM.attributes
                0x000001f5       0x1b obj\Debug\COMMON\stackheap.o
 .ARM.attributes
                0x00000210       0x32 obj\Debug\MASTER\main.o
 .ARM.attributes
                0x00000242       0x1b C:\Program Files (x86)\ON Semiconductor\AXSDB\libmf\arm\libmff2.a(startup_ARMCM0plus.o)
 .ARM.attributes
                0x0000025d       0x32 C:\Program Files (x86)\ON Semiconductor\AXSDB\libmf\arm\libmff2.a(system_ARMCM0plus.o)
 .ARM.attributes
                0x0000028f       0x32 C:\Program Files (x86)\ON Semiconductor\AXSDB\libmf\arm\libmff2.a(crc16ansib.o)
 .ARM.attributes
                0x000002c1       0x32 C:\Program Files (x86)\ON Semiconductor\AXSDB\libmf\arm\libmff2.a(pn9bits.o)
 .ARM.attributes
                0x000002f3       0x32 C:\Program Files (x86)\ON Semiconductor\AXSDB\libmf\arm\libmff2.a(pn9byte.o)
 .ARM.attributes
                0x00000325       0x32 C:\Program Files (x86)\ON Semiconductor\AXSDB\libmf\arm\libmff2.a(pn9buf.o)
 .ARM.attributes
                0x00000357       0x32 C:\Program Files (x86)\ON Semiconductor\AXSDB\libmf\arm\libmff2.a(signext16.o)
 .ARM.attributes
                0x00000389       0x32 C:\Program Files (x86)\ON Semiconductor\AXSDB\libmf\arm\libmff2.a(signext20.o)
 .ARM.attributes
                0x000003bb       0x32 C:\Program Files (x86)\ON Semiconductor\AXSDB\libmf\arm\libmff2.a(signext24.o)
 .ARM.attributes
                0x000003ed       0x32 C:\Program Files (x86)\ON Semiconductor\AXSDB\libmf\arm\libmff2.a(chksgnlim16.o)
 .ARM.attributes
                0x0000041f       0x32 C:\Program Files (x86)\ON Semiconductor\AXSDB\libmf\arm\libmff2.a(sgnlim16.o)
 .ARM.attributes
                0x00000451       0x32 C:\Program Files (x86)\ON Semiconductor\AXSDB\libmf\arm\libmff2.a(chksgnlim32.o)
 .ARM.attributes
                0x00000483       0x32 C:\Program Files (x86)\ON Semiconductor\AXSDB\libmf\arm\libmff2.a(delay.o)
 .ARM.attributes
                0x000004b5       0x32 C:\Program Files (x86)\ON Semiconductor\AXSDB\libmf\arm\libmff2.a(startcause.o)
 .ARM.attributes
                0x000004e7       0x32 C:\Program Files (x86)\ON Semiconductor\AXSDB\libmf\arm\libmff2.a(radiord8.o)
 .ARM.attributes
                0x00000519       0x32 C:\Program Files (x86)\ON Semiconductor\AXSDB\libmf\arm\libmff2.a(radiord16.o)
 .ARM.attributes
                0x0000054b       0x32 C:\Program Files (x86)\ON Semiconductor\AXSDB\libmf\arm\libmff2.a(radiord24.o)
 .ARM.attributes
                0x0000057d       0x32 C:\Program Files (x86)\ON Semiconductor\AXSDB\libmf\arm\libmff2.a(radiowr8.o)
 .ARM.attributes
                0x000005af       0x32 C:\Program Files (x86)\ON Semiconductor\AXSDB\libmf\arm\libmff2.a(wtimer.o)
 .ARM.attributes
                0x000005e1       0x32 C:\Program Files (x86)\ON Semiconductor\AXSDB\libmf\arm\libmff2.a(wtcbadd.o)
 .ARM.attributes
                0x00000613       0x32 C:\Program Files (x86)\ON Semiconductor\AXSDB\libmf\arm\libmff2.a(wtcbrem.o)
 .ARM.attributes
                0x00000645       0x32 C:\Program Files (x86)\ON Semiconductor\AXSDB\libmf\arm\libmff2.a(wt0setcfg.o)
 .ARM.attributes
                0x00000677       0x32 C:\Program Files (x86)\ON Semiconductor\AXSDB\libmf\arm\libmff2.a(wt1setcfg.o)
 .ARM.attributes
                0x000006a9       0x32 C:\Program Files (x86)\ON Semiconductor\AXSDB\libmf\arm\libmff2.a(wt0adda.o)
 .ARM.attributes
                0x000006db       0x32 C:\Program Files (x86)\ON Semiconductor\AXSDB\libmf\arm\libmff2.a(wt0addr.o)
 .ARM.attributes
                0x0000070d       0x32 C:\Program Files (x86)\ON Semiconductor\AXSDB\libmf\arm\libmff2.a(wt1addr.o)
 .ARM.attributes
                0x0000073f       0x32 C:\Program Files (x86)\ON Semiconductor\AXSDB\libmf\arm\libmff2.a(wt0curt.o)
 .ARM.attributes
                0x00000771       0x32 C:\Program Files (x86)\ON Semiconductor\AXSDB\libmf\arm\libmff2.a(wt1rem.o)
 .ARM.attributes
                0x000007a3       0x32 C:\Program Files (x86)\ON Semiconductor\AXSDB\libmf\arm\libmff2.a(wt01rem.o)
 .ARM.attributes
                0x000007d5       0x32 C:\Program Files (x86)\ON Semiconductor\AXSDB\libmf\arm\libmff2.a(ax5043rdfifo.o)
 .ARM.attributes
                0x00000807       0x32 C:\Program Files (x86)\ON Semiconductor\AXSDB\libmf\arm\libmff2.a(ax5043wrfifo.o)
 .ARM.attributes
                0x00000839       0x32 C:\Program Files (x86)\ON Semiconductor\AXSDB\libmf\arm\libmff2.a(ax5043reset.o)
 .ARM.attributes
                0x0000086b       0x32 C:\Program Files (x86)\ON Semiconductor\AXSDB\libmf\arm\libmff2.a(ax5043deepsleep.o)
 .ARM.attributes
                0x0000089d       0x32 C:\Program Files (x86)\ON Semiconductor\AXSDB\libmf\arm\libmff2.a(setupcal.o)
 .ARM.attributes
                0x000008cf       0x32 C:\Program Files (x86)\ON Semiconductor\AXSDB\libmf\arm\libmff2.a(i2c1.o)
 .ARM.attributes
                0x00000901       0x32 C:\Program Files (x86)\ON Semiconductor\AXSDB\libmf\arm\libmff2.a(i2cm.o)
 .ARM.attributes
                0x00000933       0x32 C:\Program Files (x86)\ON Semiconductor\AXSDB\libmf\arm\libmff2.a(crc16ansi.o)
 .ARM.attributes
                0x00000965       0x32 C:\Program Files (x86)\ON Semiconductor\AXSDB\libmf\arm\libmff2.a(crc16table.o)
 .ARM.attributes
                0x00000997       0x32 C:\Program Files (x86)\ON Semiconductor\AXSDB\libmf\arm\libmff2.a(sleep.o)
 .ARM.attributes
                0x000009c9       0x32 C:\Program Files (x86)\ON Semiconductor\AXSDB\libmf\arm\libmff2.a(sleepcont.o)
 .ARM.attributes
                0x000009fb       0x32 C:\Program Files (x86)\ON Semiconductor\AXSDB\libmf\arm\libmff2.a(standby.o)
 .ARM.attributes
                0x00000a2d       0x32 C:\Program Files (x86)\ON Semiconductor\AXSDB\libmf\arm\libmff2.a(wtrem.o)
 .ARM.attributes
                0x00000a5f       0x32 C:\Program Files (x86)\ON Semiconductor\AXSDB\libmf\arm\libmff2.a(radiodswakecore.o)
 .ARM.attributes
                0x00000a91       0x32 C:\Program Files (x86)\ON Semiconductor\AXSDB\libmf\arm\libmff2.a(ax5043rclkena.o)
 .ARM.attributes
                0x00000ac3       0x1e c:/program files (x86)/gnu tools arm embedded/5.4 2016q3/bin/../lib/gcc/arm-none-eabi/5.4.1/armv6-m\libgcc.a(_thumb1_case_uqi.o)
 .ARM.attributes
                0x00000ae1       0x1e c:/program files (x86)/gnu tools arm embedded/5.4 2016q3/bin/../lib/gcc/arm-none-eabi/5.4.1/armv6-m\libgcc.a(_thumb1_case_uhi.o)
 .ARM.attributes
                0x00000aff       0x1e c:/program files (x86)/gnu tools arm embedded/5.4 2016q3/bin/../lib/gcc/arm-none-eabi/5.4.1/armv6-m\libgcc.a(_udivsi3.o)
 .ARM.attributes
                0x00000b1d       0x1e c:/program files (x86)/gnu tools arm embedded/5.4 2016q3/bin/../lib/gcc/arm-none-eabi/5.4.1/armv6-m\libgcc.a(_divsi3.o)
 .ARM.attributes
                0x00000b3b       0x1e c:/program files (x86)/gnu tools arm embedded/5.4 2016q3/bin/../lib/gcc/arm-none-eabi/5.4.1/armv6-m\libgcc.a(_dvmd_tls.o)
 .ARM.attributes
                0x00000b59       0x1e c:/program files (x86)/gnu tools arm embedded/5.4 2016q3/bin/../lib/gcc/arm-none-eabi/5.4.1/armv6-m\libgcc.a(_aeabi_ldivmod.o)
 .ARM.attributes
                0x00000b77       0x2c c:/program files (x86)/gnu tools arm embedded/5.4 2016q3/bin/../lib/gcc/arm-none-eabi/5.4.1/armv6-m\libgcc.a(_muldi3.o)
 .ARM.attributes
                0x00000ba3       0x2c c:/program files (x86)/gnu tools arm embedded/5.4 2016q3/bin/../lib/gcc/arm-none-eabi/5.4.1/armv6-m\libgcc.a(bpabi.o)
 .ARM.attributes
                0x00000bcf       0x2c c:/program files (x86)/gnu tools arm embedded/5.4 2016q3/bin/../lib/gcc/arm-none-eabi/5.4.1/armv6-m\libgcc.a(mulsf3.o)
 .ARM.attributes
                0x00000bfb       0x2c c:/program files (x86)/gnu tools arm embedded/5.4 2016q3/bin/../lib/gcc/arm-none-eabi/5.4.1/armv6-m\libgcc.a(floatsisf.o)
 .ARM.attributes
                0x00000c27       0x2c c:/program files (x86)/gnu tools arm embedded/5.4 2016q3/bin/../lib/gcc/arm-none-eabi/5.4.1/armv6-m\libgcc.a(divdf3.o)
 .ARM.attributes
                0x00000c53       0x2c c:/program files (x86)/gnu tools arm embedded/5.4 2016q3/bin/../lib/gcc/arm-none-eabi/5.4.1/armv6-m\libgcc.a(floatsidf.o)
 .ARM.attributes
                0x00000c7f       0x2c c:/program files (x86)/gnu tools arm embedded/5.4 2016q3/bin/../lib/gcc/arm-none-eabi/5.4.1/armv6-m\libgcc.a(floatunsidf.o)
 .ARM.attributes
                0x00000cab       0x2c c:/program files (x86)/gnu tools arm embedded/5.4 2016q3/bin/../lib/gcc/arm-none-eabi/5.4.1/armv6-m\libgcc.a(truncdfsf2.o)
 .ARM.attributes
                0x00000cd7       0x1e c:/program files (x86)/gnu tools arm embedded/5.4 2016q3/bin/../lib/gcc/arm-none-eabi/5.4.1/armv6-m\libgcc.a(_clzsi2.o)
 .ARM.attributes
                0x00000cf5       0x2c c:/program files (x86)/gnu tools arm embedded/5.4 2016q3/bin/../lib/gcc/arm-none-eabi/5.4.1/armv6-m\libgcc.a(_divdi3.o)
 .ARM.attributes
                0x00000d21       0x1e c:/program files (x86)/gnu tools arm embedded/5.4 2016q3/bin/../lib/gcc/arm-none-eabi/5.4.1/armv6-m\libgcc.a(_clzdi2.o)
 .ARM.attributes
                0x00000d3f       0x2c c:/program files (x86)/gnu tools arm embedded/5.4 2016q3/bin/../lib/gcc/arm-none-eabi/5.4.1/../../../../arm-none-eabi/lib/armv6-m\libc.a(lib_a-exit.o)
 .ARM.attributes
                0x00000d6b       0x2c c:/program files (x86)/gnu tools arm embedded/5.4 2016q3/bin/../lib/gcc/arm-none-eabi/5.4.1/../../../../arm-none-eabi/lib/armv6-m\libc.a(lib_a-impure.o)
 .ARM.attributes
                0x00000d97       0x2c c:/program files (x86)/gnu tools arm embedded/5.4 2016q3/bin/../lib/gcc/arm-none-eabi/5.4.1/../../../../arm-none-eabi/lib/armv6-m\libc.a(lib_a-init.o)
 .ARM.attributes
                0x00000dc3       0x2c c:/program files (x86)/gnu tools arm embedded/5.4 2016q3/bin/../lib/gcc/arm-none-eabi/5.4.1/../../../../arm-none-eabi/lib/armv6-m\libc.a(lib_a-memcpy-stub.o)
 .ARM.attributes
                0x00000def       0x2c c:/program files (x86)/gnu tools arm embedded/5.4 2016q3/bin/../lib/gcc/arm-none-eabi/5.4.1/../../../../arm-none-eabi/lib/armv6-m\libc.a(lib_a-memset.o)
 .ARM.attributes
                0x00000e1b       0x2c c:/program files (x86)/gnu tools arm embedded/5.4 2016q3/bin/../lib/gcc/arm-none-eabi/5.4.1/../../../../arm-none-eabi/lib/armv6-m\libc.a(lib_a-__call_atexit.o)
 .ARM.attributes
                0x00000e47       0x2c c:/program files (x86)/gnu tools arm embedded/5.4 2016q3/bin/../lib/gcc/arm-none-eabi/5.4.1/../../../../arm-none-eabi/lib/armv6-m\libc.a(lib_a-atexit.o)
 .ARM.attributes
                0x00000e73       0x2c c:/program files (x86)/gnu tools arm embedded/5.4 2016q3/bin/../lib/gcc/arm-none-eabi/5.4.1/../../../../arm-none-eabi/lib/armv6-m\libc.a(lib_a-fini.o)
 .ARM.attributes
                0x00000e9f       0x2c c:/program files (x86)/gnu tools arm embedded/5.4 2016q3/bin/../lib/gcc/arm-none-eabi/5.4.1/../../../../arm-none-eabi/lib/armv6-m\libc.a(lib_a-__atexit.o)
 .ARM.attributes
                0x00000ecb       0x2c c:/program files (x86)/gnu tools arm embedded/5.4 2016q3/bin/../lib/gcc/arm-none-eabi/5.4.1/../../../../arm-none-eabi/lib/armv6-m\libnosys.a(_exit.o)
 .ARM.attributes
                0x00000ef7       0x2c c:/program files (x86)/gnu tools arm embedded/5.4 2016q3/bin/../lib/gcc/arm-none-eabi/5.4.1/armv6-m/crtend.o
 .ARM.attributes
                0x00000f23       0x1e c:/program files (x86)/gnu tools arm embedded/5.4 2016q3/bin/../lib/gcc/arm-none-eabi/5.4.1/armv6-m/crtn.o

.comment        0x00000000       0x6e
 .comment       0x00000000       0x6e obj\Debug\AX_Radio_Lab_output\config.o
                                 0x6f (size before relaxing)
 .comment       0x0000006e       0x6f obj\Debug\AX_Radio_Lab_output\configmaster.o
 .comment       0x0000006e       0x6f obj\Debug\COMMON\BMA400.o
 .comment       0x0000006e       0x6f obj\Debug\COMMON\bme680.o
 .comment       0x0000006e       0x6f obj\Debug\COMMON\display_com0.o
 .comment       0x0000006e       0x6f obj\Debug\COMMON\easyax5043.o
 .comment       0x0000006e       0x6f obj\Debug\COMMON\framing.o
 .comment       0x0000006e       0x6f obj\Debug\COMMON\misc.o
 .comment       0x0000006e       0x6f obj\Debug\MASTER\main.o
 .comment       0x0000006e       0x6f C:\Program Files (x86)\ON Semiconductor\AXSDB\libmf\arm\libmff2.a(system_ARMCM0plus.o)
 .comment       0x0000006e       0x6f C:\Program Files (x86)\ON Semiconductor\AXSDB\libmf\arm\libmff2.a(crc16ansib.o)
 .comment       0x0000006e       0x6f C:\Program Files (x86)\ON Semiconductor\AXSDB\libmf\arm\libmff2.a(pn9bits.o)
 .comment       0x0000006e       0x6f C:\Program Files (x86)\ON Semiconductor\AXSDB\libmf\arm\libmff2.a(pn9byte.o)
 .comment       0x0000006e       0x6f C:\Program Files (x86)\ON Semiconductor\AXSDB\libmf\arm\libmff2.a(pn9buf.o)
 .comment       0x0000006e       0x6f C:\Program Files (x86)\ON Semiconductor\AXSDB\libmf\arm\libmff2.a(signext16.o)
 .comment       0x0000006e       0x6f C:\Program Files (x86)\ON Semiconductor\AXSDB\libmf\arm\libmff2.a(signext20.o)
 .comment       0x0000006e       0x6f C:\Program Files (x86)\ON Semiconductor\AXSDB\libmf\arm\libmff2.a(signext24.o)
 .comment       0x0000006e       0x6f C:\Program Files (x86)\ON Semiconductor\AXSDB\libmf\arm\libmff2.a(chksgnlim16.o)
 .comment       0x0000006e       0x6f C:\Program Files (x86)\ON Semiconductor\AXSDB\libmf\arm\libmff2.a(sgnlim16.o)
 .comment       0x0000006e       0x6f C:\Program Files (x86)\ON Semiconductor\AXSDB\libmf\arm\libmff2.a(chksgnlim32.o)
 .comment       0x0000006e       0x6f C:\Program Files (x86)\ON Semiconductor\AXSDB\libmf\arm\libmff2.a(delay.o)
 .comment       0x0000006e       0x6f C:\Program Files (x86)\ON Semiconductor\AXSDB\libmf\arm\libmff2.a(startcause.o)
 .comment       0x0000006e       0x6f C:\Program Files (x86)\ON Semiconductor\AXSDB\libmf\arm\libmff2.a(radiord8.o)
 .comment       0x0000006e       0x6f C:\Program Files (x86)\ON Semiconductor\AXSDB\libmf\arm\libmff2.a(radiord16.o)
 .comment       0x0000006e       0x6f C:\Program Files (x86)\ON Semiconductor\AXSDB\libmf\arm\libmff2.a(radiord24.o)
 .comment       0x0000006e       0x6f C:\Program Files (x86)\ON Semiconductor\AXSDB\libmf\arm\libmff2.a(radiowr8.o)
 .comment       0x0000006e       0x6f C:\Program Files (x86)\ON Semiconductor\AXSDB\libmf\arm\libmff2.a(wtimer.o)
 .comment       0x0000006e       0x6f C:\Program Files (x86)\ON Semiconductor\AXSDB\libmf\arm\libmff2.a(wtcbadd.o)
 .comment       0x0000006e       0x6f C:\Program Files (x86)\ON Semiconductor\AXSDB\libmf\arm\libmff2.a(wtcbrem.o)
 .comment       0x0000006e       0x6f C:\Program Files (x86)\ON Semiconductor\AXSDB\libmf\arm\libmff2.a(wt0setcfg.o)
 .comment       0x0000006e       0x6f C:\Program Files (x86)\ON Semiconductor\AXSDB\libmf\arm\libmff2.a(wt1setcfg.o)
 .comment       0x0000006e       0x6f C:\Program Files (x86)\ON Semiconductor\AXSDB\libmf\arm\libmff2.a(wt0adda.o)
 .comment       0x0000006e       0x6f C:\Program Files (x86)\ON Semiconductor\AXSDB\libmf\arm\libmff2.a(wt0addr.o)
 .comment       0x0000006e       0x6f C:\Program Files (x86)\ON Semiconductor\AXSDB\libmf\arm\libmff2.a(wt1addr.o)
 .comment       0x0000006e       0x6f C:\Program Files (x86)\ON Semiconductor\AXSDB\libmf\arm\libmff2.a(wt0curt.o)
 .comment       0x0000006e       0x6f C:\Program Files (x86)\ON Semiconductor\AXSDB\libmf\arm\libmff2.a(wt1rem.o)
 .comment       0x0000006e       0x6f C:\Program Files (x86)\ON Semiconductor\AXSDB\libmf\arm\libmff2.a(wt01rem.o)
 .comment       0x0000006e       0x6f C:\Program Files (x86)\ON Semiconductor\AXSDB\libmf\arm\libmff2.a(ax5043rdfifo.o)
 .comment       0x0000006e       0x6f C:\Program Files (x86)\ON Semiconductor\AXSDB\libmf\arm\libmff2.a(ax5043wrfifo.o)
 .comment       0x0000006e       0x6f C:\Program Files (x86)\ON Semiconductor\AXSDB\libmf\arm\libmff2.a(ax5043reset.o)
 .comment       0x0000006e       0x6f C:\Program Files (x86)\ON Semiconductor\AXSDB\libmf\arm\libmff2.a(ax5043deepsleep.o)
 .comment       0x0000006e       0x6f C:\Program Files (x86)\ON Semiconductor\AXSDB\libmf\arm\libmff2.a(setupcal.o)
 .comment       0x0000006e       0x6f C:\Program Files (x86)\ON Semiconductor\AXSDB\libmf\arm\libmff2.a(i2c1.o)
 .comment       0x0000006e       0x6f C:\Program Files (x86)\ON Semiconductor\AXSDB\libmf\arm\libmff2.a(i2cm.o)
 .comment       0x0000006e       0x6f C:\Program Files (x86)\ON Semiconductor\AXSDB\libmf\arm\libmff2.a(crc16ansi.o)
 .comment       0x0000006e       0x6f C:\Program Files (x86)\ON Semiconductor\AXSDB\libmf\arm\libmff2.a(crc16table.o)
 .comment       0x0000006e       0x6f C:\Program Files (x86)\ON Semiconductor\AXSDB\libmf\arm\libmff2.a(sleep.o)
 .comment       0x0000006e       0x6f C:\Program Files (x86)\ON Semiconductor\AXSDB\libmf\arm\libmff2.a(sleepcont.o)
 .comment       0x0000006e       0x6f C:\Program Files (x86)\ON Semiconductor\AXSDB\libmf\arm\libmff2.a(standby.o)
 .comment       0x0000006e       0x6f C:\Program Files (x86)\ON Semiconductor\AXSDB\libmf\arm\libmff2.a(wtrem.o)
 .comment       0x0000006e       0x6f C:\Program Files (x86)\ON Semiconductor\AXSDB\libmf\arm\libmff2.a(radiodswakecore.o)
 .comment       0x0000006e       0x6f C:\Program Files (x86)\ON Semiconductor\AXSDB\libmf\arm\libmff2.a(ax5043rclkena.o)

.debug_info     0x00000000    0x1a776
 .debug_info    0x00000000     0x18d8 obj\Debug\AX_Radio_Lab_output\config.o
 .debug_info    0x000018d8      0x182 obj\Debug\AX_Radio_Lab_output\configmaster.o
 .debug_info    0x00001a5a      0x691 obj\Debug\COMMON\BMA400.o
 .debug_info    0x000020eb     0x1b6d obj\Debug\COMMON\bme680.o
 .debug_info    0x00003c58       0x79 obj\Debug\COMMON\display_com0.o
 .debug_info    0x00003cd1     0x4b54 obj\Debug\COMMON\easyax5043.o
 .debug_info    0x00008825      0x2b5 obj\Debug\COMMON\misc.o
 .debug_info    0x00008ada     0x1318 obj\Debug\MASTER\main.o
 .debug_info    0x00009df2       0x74 C:\Program Files (x86)\ON Semiconductor\AXSDB\libmf\arm\libmff2.a(startup_ARMCM0plus.o)
 .debug_info    0x00009e66     0x3d09 C:\Program Files (x86)\ON Semiconductor\AXSDB\libmf\arm\libmff2.a(system_ARMCM0plus.o)
 .debug_info    0x0000db6f      0x117 C:\Program Files (x86)\ON Semiconductor\AXSDB\libmf\arm\libmff2.a(crc16ansib.o)
 .debug_info    0x0000dc86       0xe1 C:\Program Files (x86)\ON Semiconductor\AXSDB\libmf\arm\libmff2.a(pn9bits.o)
 .debug_info    0x0000dd67       0xe1 C:\Program Files (x86)\ON Semiconductor\AXSDB\libmf\arm\libmff2.a(pn9byte.o)
 .debug_info    0x0000de48      0x11d C:\Program Files (x86)\ON Semiconductor\AXSDB\libmf\arm\libmff2.a(pn9buf.o)
 .debug_info    0x0000df65       0xce C:\Program Files (x86)\ON Semiconductor\AXSDB\libmf\arm\libmff2.a(signext16.o)
 .debug_info    0x0000e033       0xba C:\Program Files (x86)\ON Semiconductor\AXSDB\libmf\arm\libmff2.a(signext20.o)
 .debug_info    0x0000e0ed       0xba C:\Program Files (x86)\ON Semiconductor\AXSDB\libmf\arm\libmff2.a(signext24.o)
 .debug_info    0x0000e1a7       0xdf C:\Program Files (x86)\ON Semiconductor\AXSDB\libmf\arm\libmff2.a(chksgnlim16.o)
 .debug_info    0x0000e286       0xfd C:\Program Files (x86)\ON Semiconductor\AXSDB\libmf\arm\libmff2.a(sgnlim16.o)
 .debug_info    0x0000e383       0xdf C:\Program Files (x86)\ON Semiconductor\AXSDB\libmf\arm\libmff2.a(chksgnlim32.o)
 .debug_info    0x0000e462       0xa1 C:\Program Files (x86)\ON Semiconductor\AXSDB\libmf\arm\libmff2.a(delay.o)
 .debug_info    0x0000e503      0x2a9 C:\Program Files (x86)\ON Semiconductor\AXSDB\libmf\arm\libmff2.a(startcause.o)
 .debug_info    0x0000e7ac      0xa07 C:\Program Files (x86)\ON Semiconductor\AXSDB\libmf\arm\libmff2.a(radiord8.o)
 .debug_info    0x0000f1b3      0xa07 C:\Program Files (x86)\ON Semiconductor\AXSDB\libmf\arm\libmff2.a(radiord16.o)
 .debug_info    0x0000fbba      0xa07 C:\Program Files (x86)\ON Semiconductor\AXSDB\libmf\arm\libmff2.a(radiord24.o)
 .debug_info    0x000105c1      0xa0c C:\Program Files (x86)\ON Semiconductor\AXSDB\libmf\arm\libmff2.a(radiowr8.o)
 .debug_info    0x00010fcd     0x11d0 C:\Program Files (x86)\ON Semiconductor\AXSDB\libmf\arm\libmff2.a(wtimer.o)
 .debug_info    0x0001219d      0x234 C:\Program Files (x86)\ON Semiconductor\AXSDB\libmf\arm\libmff2.a(wtcbadd.o)
 .debug_info    0x000123d1      0x25b C:\Program Files (x86)\ON Semiconductor\AXSDB\libmf\arm\libmff2.a(wtcbrem.o)
 .debug_info    0x0001262c      0x5a5 C:\Program Files (x86)\ON Semiconductor\AXSDB\libmf\arm\libmff2.a(wt0setcfg.o)
 .debug_info    0x00012bd1      0x23f C:\Program Files (x86)\ON Semiconductor\AXSDB\libmf\arm\libmff2.a(wt1setcfg.o)
 .debug_info    0x00012e10      0x26b C:\Program Files (x86)\ON Semiconductor\AXSDB\libmf\arm\libmff2.a(wt0adda.o)
 .debug_info    0x0001307b      0x2e6 C:\Program Files (x86)\ON Semiconductor\AXSDB\libmf\arm\libmff2.a(wt0addr.o)
 .debug_info    0x00013361      0x2e6 C:\Program Files (x86)\ON Semiconductor\AXSDB\libmf\arm\libmff2.a(wt1addr.o)
 .debug_info    0x00013647      0x2b3 C:\Program Files (x86)\ON Semiconductor\AXSDB\libmf\arm\libmff2.a(wt0curt.o)
 .debug_info    0x000138fa      0x2ce C:\Program Files (x86)\ON Semiconductor\AXSDB\libmf\arm\libmff2.a(wt1rem.o)
 .debug_info    0x00013bc8      0x2ed C:\Program Files (x86)\ON Semiconductor\AXSDB\libmf\arm\libmff2.a(wt01rem.o)
 .debug_info    0x00013eb5      0xa74 C:\Program Files (x86)\ON Semiconductor\AXSDB\libmf\arm\libmff2.a(ax5043rdfifo.o)
 .debug_info    0x00014929      0xa78 C:\Program Files (x86)\ON Semiconductor\AXSDB\libmf\arm\libmff2.a(ax5043wrfifo.o)
 .debug_info    0x000153a1      0x98e C:\Program Files (x86)\ON Semiconductor\AXSDB\libmf\arm\libmff2.a(ax5043reset.o)
 .debug_info    0x00015d2f      0x346 C:\Program Files (x86)\ON Semiconductor\AXSDB\libmf\arm\libmff2.a(ax5043deepsleep.o)
 .debug_info    0x00016075     0x1038 C:\Program Files (x86)\ON Semiconductor\AXSDB\libmf\arm\libmff2.a(setupcal.o)
 .debug_info    0x000170ad      0xd2f C:\Program Files (x86)\ON Semiconductor\AXSDB\libmf\arm\libmff2.a(i2c1.o)
 .debug_info    0x00017ddc     0x1633 C:\Program Files (x86)\ON Semiconductor\AXSDB\libmf\arm\libmff2.a(i2cm.o)
 .debug_info    0x0001940f      0x108 C:\Program Files (x86)\ON Semiconductor\AXSDB\libmf\arm\libmff2.a(crc16ansi.o)
 .debug_info    0x00019517       0xba C:\Program Files (x86)\ON Semiconductor\AXSDB\libmf\arm\libmff2.a(crc16table.o)
 .debug_info    0x000195d1      0x397 C:\Program Files (x86)\ON Semiconductor\AXSDB\libmf\arm\libmff2.a(sleep.o)
 .debug_info    0x00019968      0x34d C:\Program Files (x86)\ON Semiconductor\AXSDB\libmf\arm\libmff2.a(sleepcont.o)
 .debug_info    0x00019cb5      0x16b C:\Program Files (x86)\ON Semiconductor\AXSDB\libmf\arm\libmff2.a(standby.o)
 .debug_info    0x00019e20      0x2de C:\Program Files (x86)\ON Semiconductor\AXSDB\libmf\arm\libmff2.a(wtrem.o)
 .debug_info    0x0001a0fe      0x36a C:\Program Files (x86)\ON Semiconductor\AXSDB\libmf\arm\libmff2.a(radiodswakecore.o)
 .debug_info    0x0001a468      0x30e C:\Program Files (x86)\ON Semiconductor\AXSDB\libmf\arm\libmff2.a(ax5043rclkena.o)

.debug_abbrev   0x00000000     0x4931
 .debug_abbrev  0x00000000      0x189 obj\Debug\AX_Radio_Lab_output\config.o
 .debug_abbrev  0x00000189       0x7b obj\Debug\AX_Radio_Lab_output\configmaster.o
 .debug_abbrev  0x00000204      0x194 obj\Debug\COMMON\BMA400.o
 .debug_abbrev  0x00000398      0x2f6 obj\Debug\COMMON\bme680.o
 .debug_abbrev  0x0000068e       0x26 obj\Debug\COMMON\display_com0.o
 .debug_abbrev  0x000006b4      0x411 obj\Debug\COMMON\easyax5043.o
 .debug_abbrev  0x00000ac5      0x148 obj\Debug\COMMON\misc.o
 .debug_abbrev  0x00000c0d      0x350 obj\Debug\MASTER\main.o
 .debug_abbrev  0x00000f5d       0x14 C:\Program Files (x86)\ON Semiconductor\AXSDB\libmf\arm\libmff2.a(startup_ARMCM0plus.o)
 .debug_abbrev  0x00000f71      0x28d C:\Program Files (x86)\ON Semiconductor\AXSDB\libmf\arm\libmff2.a(system_ARMCM0plus.o)
 .debug_abbrev  0x000011fe       0x9d C:\Program Files (x86)\ON Semiconductor\AXSDB\libmf\arm\libmff2.a(crc16ansib.o)
 .debug_abbrev  0x0000129b       0x6f C:\Program Files (x86)\ON Semiconductor\AXSDB\libmf\arm\libmff2.a(pn9bits.o)
 .debug_abbrev  0x0000130a       0x6f C:\Program Files (x86)\ON Semiconductor\AXSDB\libmf\arm\libmff2.a(pn9byte.o)
 .debug_abbrev  0x00001379       0x96 C:\Program Files (x86)\ON Semiconductor\AXSDB\libmf\arm\libmff2.a(pn9buf.o)
 .debug_abbrev  0x0000140f       0x60 C:\Program Files (x86)\ON Semiconductor\AXSDB\libmf\arm\libmff2.a(signext16.o)
 .debug_abbrev  0x0000146f       0x60 C:\Program Files (x86)\ON Semiconductor\AXSDB\libmf\arm\libmff2.a(signext20.o)
 .debug_abbrev  0x000014cf       0x60 C:\Program Files (x86)\ON Semiconductor\AXSDB\libmf\arm\libmff2.a(signext24.o)
 .debug_abbrev  0x0000152f       0x60 C:\Program Files (x86)\ON Semiconductor\AXSDB\libmf\arm\libmff2.a(chksgnlim16.o)
 .debug_abbrev  0x0000158f       0x83 C:\Program Files (x86)\ON Semiconductor\AXSDB\libmf\arm\libmff2.a(sgnlim16.o)
 .debug_abbrev  0x00001612       0x60 C:\Program Files (x86)\ON Semiconductor\AXSDB\libmf\arm\libmff2.a(chksgnlim32.o)
 .debug_abbrev  0x00001672       0x51 C:\Program Files (x86)\ON Semiconductor\AXSDB\libmf\arm\libmff2.a(delay.o)
 .debug_abbrev  0x000016c3       0xcb C:\Program Files (x86)\ON Semiconductor\AXSDB\libmf\arm\libmff2.a(startcause.o)
 .debug_abbrev  0x0000178e      0x1d5 C:\Program Files (x86)\ON Semiconductor\AXSDB\libmf\arm\libmff2.a(radiord8.o)
 .debug_abbrev  0x00001963      0x1d5 C:\Program Files (x86)\ON Semiconductor\AXSDB\libmf\arm\libmff2.a(radiord16.o)
 .debug_abbrev  0x00001b38      0x1d5 C:\Program Files (x86)\ON Semiconductor\AXSDB\libmf\arm\libmff2.a(radiord24.o)
 .debug_abbrev  0x00001d0d      0x1f8 C:\Program Files (x86)\ON Semiconductor\AXSDB\libmf\arm\libmff2.a(radiowr8.o)
 .debug_abbrev  0x00001f05      0x443 C:\Program Files (x86)\ON Semiconductor\AXSDB\libmf\arm\libmff2.a(wtimer.o)
 .debug_abbrev  0x00002348      0x17d C:\Program Files (x86)\ON Semiconductor\AXSDB\libmf\arm\libmff2.a(wtcbadd.o)
 .debug_abbrev  0x000024c5      0x18e C:\Program Files (x86)\ON Semiconductor\AXSDB\libmf\arm\libmff2.a(wtcbrem.o)
 .debug_abbrev  0x00002653      0x1c7 C:\Program Files (x86)\ON Semiconductor\AXSDB\libmf\arm\libmff2.a(wt0setcfg.o)