Archive member included to satisfy reference by file (symbol)

C:\Program Files (x86)\ON Semiconductor\AXSDB\libmf\arm\libmff2.a(startup_ARMCM0plus.o)
                              (Reset_Handler)
C:\Program Files (x86)\ON Semiconductor\AXSDB\libmf\arm\libmff2.a(system_ARMCM0plus.o)
                              C:\Program Files (x86)\ON Semiconductor\AXSDB\libmf\arm\libmff2.a(startup_ARMCM0plus.o) (SystemInit)
C:\Program Files (x86)\ON Semiconductor\AXSDB\libmf\arm\libmff2.a(crc16ansib.o)
                              obj\Debug\AX_Radio_Lab_output\config.o (crc_crc16)
C:\Program Files (x86)\ON Semiconductor\AXSDB\libmf\arm\libmff2.a(pn9bits.o)
                              obj\Debug\COMMON\easyax5043.o (pn9_advance_bits)
C:\Program Files (x86)\ON Semiconductor\AXSDB\libmf\arm\libmff2.a(pn9byte.o)
                              obj\Debug\COMMON\easyax5043.o (pn9_advance_byte)
C:\Program Files (x86)\ON Semiconductor\AXSDB\libmf\arm\libmff2.a(pn9buf.o)
                              obj\Debug\COMMON\easyax5043.o (pn9_buffer)
C:\Program Files (x86)\ON Semiconductor\AXSDB\libmf\arm\libmff2.a(signext16.o)
                              obj\Debug\COMMON\easyax5043.o (signextend16)
C:\Program Files (x86)\ON Semiconductor\AXSDB\libmf\arm\libmff2.a(signext20.o)
                              obj\Debug\COMMON\easyax5043.o (signextend20)
C:\Program Files (x86)\ON Semiconductor\AXSDB\libmf\arm\libmff2.a(signext24.o)
                              obj\Debug\COMMON\easyax5043.o (signextend24)
C:\Program Files (x86)\ON Semiconductor\AXSDB\libmf\arm\libmff2.a(chksgnlim16.o)
                              obj\Debug\COMMON\easyax5043.o (checksignedlimit16)
C:\Program Files (x86)\ON Semiconductor\AXSDB\libmf\arm\libmff2.a(sgnlim16.o)
                              obj\Debug\COMMON\easyax5043.o (signedlimit16)
C:\Program Files (x86)\ON Semiconductor\AXSDB\libmf\arm\libmff2.a(chksgnlim32.o)
                              obj\Debug\COMMON\easyax5043.o (checksignedlimit32)
C:\Program Files (x86)\ON Semiconductor\AXSDB\libmf\arm\libmff2.a(delay.o)
                              C:\Program Files (x86)\ON Semiconductor\AXSDB\libmf\arm\libmff2.a(system_ARMCM0plus.o) (delay)
C:\Program Files (x86)\ON Semiconductor\AXSDB\libmf\arm\libmff2.a(startcause.o)
                              obj\Debug\SLAVE\main.o (get_startcause)
C:\Program Files (x86)\ON Semiconductor\AXSDB\libmf\arm\libmff2.a(standby.o)
                              obj\Debug\SLAVE\lposc.o (enter_standby)
C:\Program Files (x86)\ON Semiconductor\AXSDB\libmf\arm\libmff2.a(radiord8.o)
                              obj\Debug\COMMON\easyax5043.o (_radio_read8)
C:\Program Files (x86)\ON Semiconductor\AXSDB\libmf\arm\libmff2.a(radiord16.o)
                              obj\Debug\COMMON\easyax5043.o (_radio_read16)
C:\Program Files (x86)\ON Semiconductor\AXSDB\libmf\arm\libmff2.a(radiord24.o)
                              obj\Debug\COMMON\easyax5043.o (_radio_read24)
C:\Program Files (x86)\ON Semiconductor\AXSDB\libmf\arm\libmff2.a(radiowr8.o)
                              obj\Debug\AX_Radio_Lab_output\config.o (_radio_write8)
C:\Program Files (x86)\ON Semiconductor\AXSDB\libmf\arm\libmff2.a(wtimer.o)
                              obj\Debug\SLAVE\main.o (wtimer_init)
C:\Program Files (x86)\ON Semiconductor\AXSDB\libmf\arm\libmff2.a(wtcbadd.o)
                              obj\Debug\COMMON\easyax5043.o (wtimer_add_callback)
C:\Program Files (x86)\ON Semiconductor\AXSDB\libmf\arm\libmff2.a(wtcbrem.o)
                              obj\Debug\COMMON\easyax5043.o (wtimer_remove_callback)
C:\Program Files (x86)\ON Semiconductor\AXSDB\libmf\arm\libmff2.a(wt0setcfg.o)
                              obj\Debug\SLAVE\main.o (wtimer0_setclksrc)
C:\Program Files (x86)\ON Semiconductor\AXSDB\libmf\arm\libmff2.a(wt1setcfg.o)
                              obj\Debug\SLAVE\main.o (wtimer1_setclksrc)
C:\Program Files (x86)\ON Semiconductor\AXSDB\libmf\arm\libmff2.a(wt0adda.o)
                              obj\Debug\COMMON\easyax5043.o (wtimer0_addabsolute)
C:\Program Files (x86)\ON Semiconductor\AXSDB\libmf\arm\libmff2.a(wt0addr.o)
                              obj\Debug\COMMON\easyax5043.o (wtimer0_addrelative)
C:\Program Files (x86)\ON Semiconductor\AXSDB\libmf\arm\libmff2.a(wt1addr.o)
                              obj\Debug\COMMON\easyax5043.o (wtimer1_addrelative)
C:\Program Files (x86)\ON Semiconductor\AXSDB\libmf\arm\libmff2.a(wt0curt.o)
                              obj\Debug\COMMON\easyax5043.o (wtimer0_curtime)
C:\Program Files (x86)\ON Semiconductor\AXSDB\libmf\arm\libmff2.a(wt1rem.o)
                              C:\Program Files (x86)\ON Semiconductor\AXSDB\libmf\arm\libmff2.a(wtimer.o) (wtimer1_remove)
C:\Program Files (x86)\ON Semiconductor\AXSDB\libmf\arm\libmff2.a(wt01rem.o)
                              obj\Debug\COMMON\easyax5043.o (wtimer_remove)
C:\Program Files (x86)\ON Semiconductor\AXSDB\libmf\arm\libmff2.a(uarttimer1.o)
[...]
Memory Configuration

Name             Origin             Length             Attributes
FLASH            0x00000000         0x00010000         xr
RAM              0x20000000         0x00002000         xrw
*default*        0x00000000         0xffffffff

Linker script and memory map

LOAD c:/program files (x86)/gnu tools arm embedded/5.4 2016q3/bin/../lib/gcc/arm-none-eabi/5.4.1/armv6-m/crti.o
LOAD c:/program files (x86)/gnu tools arm embedded/5.4 2016q3/bin/../lib/gcc/arm-none-eabi/5.4.1/armv6-m/crtbegin.o
LOAD c:/program files (x86)/gnu tools arm embedded/5.4 2016q3/bin/../lib/gcc/arm-none-eabi/5.4.1/../../../../arm-none-eabi/lib/armv6-m/crt0.o
LOAD obj\Debug\AX_Radio_Lab_output\config.o
LOAD obj\Debug\AX_Radio_Lab_output\configslave.o
LOAD obj\Debug\COMMON\display_com0.o
LOAD obj\Debug\COMMON\easyax5043.o
LOAD obj\Debug\COMMON\misc.o
LOAD obj\Debug\COMMON\stackheap.o
LOAD obj\Debug\SLAVE\display.o
LOAD obj\Debug\SLAVE\jci.o
LOAD obj\Debug\SLAVE\lposc.o
LOAD obj\Debug\SLAVE\main.o
LOAD obj\Debug\SLAVE\printf.o
LOAD C:\Program Files (x86)\ON Semiconductor\AXSDB\libaxdvk2\arm\libaxdvk2f2.a
LOAD C:\Program Files (x86)\ON Semiconductor\AXSDB\libmf\arm\libmff2.a
LOAD c:/program files (x86)/gnu tools arm embedded/5.4 2016q3/bin/../lib/gcc/arm-none-eabi/5.4.1/../../../../arm-none-eabi/lib/armv6-m\libnosys.a
LOAD c:/program files (x86)/gnu tools arm embedded/5.4 2016q3/bin/../lib/gcc/arm-none-eabi/5.4.1/../../../../arm-none-eabi/lib/armv6-m\libstdc++.a
LOAD c:/program files (x86)/gnu tools arm embedded/5.4 2016q3/bin/../lib/gcc/arm-none-eabi/5.4.1/../../../../arm-none-eabi/lib/armv6-m\libm.a
START GROUP
LOAD c:/program files (x86)/gnu tools arm embedded/5.4 2016q3/bin/../lib/gcc/arm-none-eabi/5.4.1/armv6-m\libgcc.a
LOAD c:/program files (x86)/gnu tools arm embedded/5.4 2016q3/bin/../lib/gcc/arm-none-eabi/5.4.1/../../../../arm-none-eabi/lib/armv6-m\libc.a
END GROUP
START GROUP
LOAD c:/program files (x86)/gnu tools arm embedded/5.4 2016q3/bin/../lib/gcc/arm-none-eabi/5.4.1/armv6-m\libgcc.a
LOAD c:/program files (x86)/gnu tools arm embedded/5.4 2016q3/bin/../lib/gcc/arm-none-eabi/5.4.1/../../../../arm-none-eabi/lib/armv6-m\libc.a
LOAD c:/program files (x86)/gnu tools arm embedded/5.4 2016q3/bin/../lib/gcc/arm-none-eabi/5.4.1/../../../../arm-none-eabi/lib/armv6-m\libnosys.a
END GROUP
LOAD c:/program files (x86)/gnu tools arm embedded/5.4 2016q3/bin/../lib/gcc/arm-none-eabi/5.4.1/armv6-m/crtend.o
LOAD c:/program files (x86)/gnu tools arm embedded/5.4 2016q3/bin/../lib/gcc/arm-none-eabi/5.4.1/armv6-m/crtn.o

.text           0x00000000     0x9f3c
 *(.vectors)
 .vectors       0x00000000       0x90 C:\Program Files (x86)\ON Semiconductor\AXSDB\libmf\arm\libmff2.a(startup_ARMCM0plus.o)
                0x00000000                __Vectors
                0x00000090                __Vectors_End = .
                0x00000090                __Vectors_Size = (__Vectors_End - __Vectors)
                0x00000090                __end__ = .
 *(.text*)
 .text          0x00000090        0x0 c:/program files (x86)/gnu tools arm embedded/5.4 2016q3/bin/../lib/gcc/arm-none-eabi/5.4.1/armv6-m/crti.o
 .text          0x00000090       0x60 c:/program files (x86)/gnu tools arm embedded/5.4 2016q3/bin/../lib/gcc/arm-none-eabi/5.4.1/armv6-m/crtbegin.o
 .text          0x000000f0       0x78 c:/program files (x86)/gnu tools arm embedded/5.4 2016q3/bin/../lib/gcc/arm-none-eabi/5.4.1/../../../../arm-none-eabi/lib/armv6-m/crt0.o
                0x000000f0                _start
                0x000000f0                _mainCRTStartup
 .text          0x00000168      0x8a8 obj\Debug\AX_Radio_Lab_output\config.o
                0x00000168                ax5043_set_registers
                0x0000072c                ax5043_set_registers_tx
                0x0000076c                ax5043_set_registers_rx
                0x000007ac                ax5043_set_registers_rxwor
                0x000007d4                ax5043_set_registers_rxcont
                0x000007fc                ax5043_set_registers_rxcont_singleparamset
                0x00000830                axradio_setup_pincfg1
                0x00000832                axradio_setup_pincfg2
                0x00000834                axradio_setup_pincfg3
                0x00000844                axradio_conv_freq_fromhz
                0x000008e4                axradio_conv_freq_tohz
                0x00000998                axradio_conv_freq_fromreg
                0x000009b6                axradio_conv_timeinterval_totimer0
                0x000009c6                axradio_byteconv
                0x000009c8                axradio_byteconv_buffer
                0x000009ca                axradio_framing_check_crc
                0x000009ec                axradio_framing_append_crc
 .text          0x00000a10        0x0 obj\Debug\AX_Radio_Lab_output\configslave.o
 .text          0x00000a10        0x0 obj\Debug\COMMON\display_com0.o
 .text          0x00000a10     0x2500 obj\Debug\COMMON\easyax5043.o
                0x00000f08                axradio_conv_time_totimer0
                0x00000f24                ax5043_receiver_on_continuous
                0x00000fac                ax5043_receiver_on_wor
                0x0000106c                ax5043_off_xtal
                0x000010a0                ax5043_off
                0x00001484                axradio_wait_for_xtal
                0x000014c8                axradio_init
                0x00001954                axradio_cansleep
                0x00001970                axradio_get_mode
                0x0000197c                axradio_set_channel
                0x00001a3c                axradio_get_channel
                0x00001a48                axradio_get_pllrange
                0x00001a60                axradio_get_pllvcoi
                0x00001b20                ax5043_init_registers_tx
                0x00001b2c                ax5043_prepare_tx
                0x00002134                ax5043_init_registers_rx
                0x00002140                RADIO_IRQ
                0x00002774                axradio_set_mode
                0x00002b5c                axradio_set_freqoffset
                0x00002ba0                axradio_get_freqoffset
                0x00002bac                axradio_set_local_address
                0x00002bc4                axradio_get_local_address
                0x00002bd8                axradio_set_default_remote_address
                0x00002bec                axradio_get_default_remote_address
                0x00002c00                axradio_transmit
                0x00002ec8                axradio_agc_freeze
                0x00002eec                axradio_agc_thaw
 .text          0x00002f10       0x80 obj\Debug\COMMON\misc.o
                0x00002f1c                lcd2_display_radio_error
                0x00002f34                dbglink_display_radio_error
                0x00002f4c                delay_ms
 .text          0x00002f90        0x0 obj\Debug\COMMON\stackheap.o
 .text          0x00002f90       0x68 obj\Debug\SLAVE\display.o
                0x00002f90                display_received_packet
                0x00002ff4                dbglink_received_packet
 .text          0x00002ff8      0x244 obj\Debug\SLAVE\jci.o
                0x00002ff8                jci_init
                0x00003028                jci_check_notification_enable
                0x00003038                jci_send_receive_notification
                0x0000308c                jci_dispatch
                0x00003168                process_uart
 .text          0x0000323c      0x140 obj\Debug\SLAVE\lposc.o
                0x00003290                calibrate_lposc
 .text          0x0000337c       0xe8 obj\Debug\SLAVE\main.o
                0x0000337c                axradio_statuschange
                0x000033c0                _axm0f2_external_startup
 .text.startup  0x00003464      0x104 obj\Debug\SLAVE\main.o
                0x00003464                main
 .text          0x00003568      0xf74 obj\Debug\SLAVE\printf.o
                0x00004412                printf_
                0x00004438                sprintf_
                0x0000445c                snprintf_
                0x00004480                vprintf_
                0x0000449c                vsnprintf_
                0x000044b4                fctprintf
 .text          0x000044dc       0x54 C:\Program Files (x86)\ON Semiconductor\AXSDB\libmf\arm\libmff2.a(startup_ARMCM0plus.o)
                0x000044dc                Reset_Handler
                0x000044e2                Reset_Handler_NoStartCause
                0x0000452c                GPIOPort1_Handler
                0x0000452c                SysTick_Handler
                0x0000452c                PendSV_Handler
                0x0000452c                NMI_Handler
                0x0000452c                HardFault_Handler
                0x0000452c                LPComp_Handler
                0x0000452c                SCB1_Handler
                0x0000452c                TCPWM0_Handler
                0x0000452c                WDT_Handler
                0x0000452c                GPIOPort3_Handler
                0x0000452c                ADC_Handler
                0x0000452c                CSD_Handler
                0x0000452c                SPCIF_Handler
                0x0000452c                Default_Handler
                0x0000452c                CTBm_Handler
                0x0000452c                TCPWM2_Handler
                0x0000452c                TCPWM1_Handler
                0x0000452c                SVC_Handler
                0x0000452c                GPIO_Handler
                0x0000452c                GPIOPort0_Handler
                0x0000452c                SCB2_Handler
 .text          0x00004530      0x328 C:\Program Files (x86)\ON Semiconductor\AXSDB\libmf\arm\libmff2.a(system_ARMCM0plus.o)
                0x00004530                SystemCoreClockUpdate
                0x00004544                SystemInit
 .text          0x00004858       0x20 C:\Program Files (x86)\ON Semiconductor\AXSDB\libmf\arm\libmff2.a(crc16ansib.o)
                0x00004858                crc_crc16
 .text          0x00004878       0x24 C:\Program Files (x86)\ON Semiconductor\AXSDB\libmf\arm\libmff2.a(pn9bits.o)
                0x00004878                pn9_advance_bits
 .text          0x0000489c       0x22 C:\Program Files (x86)\ON Semiconductor\AXSDB\libmf\arm\libmff2.a(pn9byte.o)
                0x0000489c                pn9_advance_byte
 .text          0x000048be       0x2a C:\Program Files (x86)\ON Semiconductor\AXSDB\libmf\arm\libmff2.a(pn9buf.o)
                0x000048be                pn9_buffer
 .text          0x000048e8        0x2 C:\Program Files (x86)\ON Semiconductor\AXSDB\libmf\arm\libmff2.a(signext16.o)
                0x000048e8                signextend16
 .text          0x000048ea       0x10 C:\Program Files (x86)\ON Semiconductor\AXSDB\libmf\arm\libmff2.a(signext20.o)
                0x000048ea                signextend20
 .text          0x000048fa       0x10 C:\Program Files (x86)\ON Semiconductor\AXSDB\libmf\arm\libmff2.a(signext24.o)
                0x000048fa                signextend24
 .text          0x0000490a       0x1a C:\Program Files (x86)\ON Semiconductor\AXSDB\libmf\arm\libmff2.a(chksgnlim16.o)
                0x0000490a                checksignedlimit16
 .text          0x00004924       0x1e C:\Program Files (x86)\ON Semiconductor\AXSDB\libmf\arm\libmff2.a(sgnlim16.o)
                0x00004924                signedlimit16
 .text          0x00004942       0x14 C:\Program Files (x86)\ON Semiconductor\AXSDB\libmf\arm\libmff2.a(chksgnlim32.o)
                0x00004942                checksignedlimit32
 *fill*         0x00004956        0x2 
 .text          0x00004958       0x14 C:\Program Files (x86)\ON Semiconductor\AXSDB\libmf\arm\libmff2.a(delay.o)
                0x00004958                delay
 .text          0x0000496c       0x20 C:\Program Files (x86)\ON Semiconductor\AXSDB\libmf\arm\libmff2.a(startcause.o)
                0x0000496c                get_startcause
 .text          0x0000498c       0x14 C:\Program Files (x86)\ON Semiconductor\AXSDB\libmf\arm\libmff2.a(standby.o)
                0x0000498c                enter_standby
 .text          0x000049a0       0xa8 C:\Program Files (x86)\ON Semiconductor\AXSDB\libmf\arm\libmff2.a(radiord8.o)
                0x000049a0                _radio_read8
 .text          0x00004a48       0xb8 C:\Program Files (x86)\ON Semiconductor\AXSDB\libmf\arm\libmff2.a(radiord16.o)
                0x00004a48                _radio_read16
 .text          0x00004b00       0xc8 C:\Program Files (x86)\ON Semiconductor\AXSDB\libmf\arm\libmff2.a(radiord24.o)
                0x00004b00                _radio_read24
 .text          0x00004bc8       0xb4 C:\Program Files (x86)\ON Semiconductor\AXSDB\libmf\arm\libmff2.a(radiowr8.o)
                0x00004bc8                _radio_write8
 .text          0x00004c7c      0x470 C:\Program Files (x86)\ON Semiconductor\AXSDB\libmf\arm\libmff2.a(wtimer.o)
                0x00004cc8                wtimer_addcb_core
                0x00004ce0                wtimer0_update
                0x00004d08                wtimer0_addcore
                0x00004d2c                wtimer0_schedq
                0x00004e10                WCOWDT_Handler
                0x00004e40                wtimer1_update
                0x00004e64                wtimer1_addcore
                0x00004e88                wtimer1_schedq
                0x00004ed0                TCPWM4_Handler
                0x00004ef0                wtimer_doinit
                0x00004fec                wtimer_init
                0x00005004                wtimer_init_deepsleep
                0x0000500e                wtimer_cansleep
                0x00005020                wtimer_idle
                0x000050a0                wtimer_runcallbacks
 .text          0x000050ec       0x12 C:\Program Files (x86)\ON Semiconductor\AXSDB\libmf\arm\libmff2.a(wtcbadd.o)
                0x000050ec                wtimer_add_callback
 .text          0x000050fe       0x12 C:\Program Files (x86)\ON Semiconductor\AXSDB\libmf\arm\libmff2.a(wtcbrem.o)
                0x000050fe                wtimer_remove_callback
 .text          0x00005110       0xd0 C:\Program Files (x86)\ON Semiconductor\AXSDB\libmf\arm\libmff2.a(wt0setcfg.o)
                0x00005110                wtimer0_setclksrc
 .text          0x000051e0       0x4c C:\Program Files (x86)\ON Semiconductor\AXSDB\libmf\arm\libmff2.a(wt1setcfg.o)
                0x000051e0                wtimer1_setclksrc
 .text          0x0000522c       0x1e C:\Program Files (x86)\ON Semiconductor\AXSDB\libmf\arm\libmff2.a(wt0adda.o)
                0x0000522c                wtimer0_addabsolute
 *fill*         0x0000524a        0x2 
 .text          0x0000524c       0x2c C:\Program Files (x86)\ON Semiconductor\AXSDB\libmf\arm\libmff2.a(wt0addr.o)
                0x0000524c                wtimer0_addrelative
 .text          0x00005278       0x2c C:\Program Files (x86)\ON Semiconductor\AXSDB\libmf\arm\libmff2.a(wt1addr.o)
                0x00005278                wtimer1_addrelative
 .text          0x000052a4       0x1c C:\Program Files (x86)\ON Semiconductor\AXSDB\libmf\arm\libmff2.a(wt0curt.o)
                0x000052a4                wtimer0_curtime
 .text          0x000052c0       0x20 C:\Program Files (x86)\ON Semiconductor\AXSDB\libmf\arm\libmff2.a(wt1rem.o)
                0x000052c0                wtimer1_remove
 .text          0x000052e0       0x2a C:\Program Files (x86)\ON Semiconductor\AXSDB\libmf\arm\libmff2.a(wt01rem.o)
                0x000052e0                wtimer_remove
 *fill*         0x0000530a        0x2 
 .text          0x0000530c       0x3c C:\Program Files (x86)\ON Semiconductor\AXSDB\libmf\arm\libmff2.a(uarttimer1.o)
                0x0000530c                uart_timer1_baud
 .text          0x00005348      0x13c C:\Program Files (x86)\ON Semiconductor\AXSDB\libmf\arm\libmff2.a(uart0init.o)
                0x00005348                SCB0_Handler
                0x00005358                uart0_poll
                0x00005368                uart0_iocore
                0x00005378                uart0_rxadvance
                0x00005388                uart0_txadvance
                0x00005398                uart0_rxbufptr
                0x000053a8                uart0_txbufptr
                0x000053b8                uart0_txfreelinear
                0x000053c8                uart0_txfree
                0x000053d8                uart0_rxcountlinear
                0x000053e8                uart0_rxcount
                0x000053f8                uart0_txbuffersize
                0x00005408                uart0_rxbuffersize
                0x00005418                uart0_rxpeek
                0x00005428                uart0_txpoke
                0x0000543c                uart0_txpokehex
                0x00005450                uart0_txidle
                0x00005460                uart0_txbusy
                0x00005470                uart0_init
 .text          0x00005484       0x30 C:\Program Files (x86)\ON Semiconductor\AXSDB\libmf\arm\libmff2.a(uart0tx.o)
                0x00005484                uart0_wait_txfree
                0x00005494                uart0_wait_txdone
                0x000054a4                uart0_tx
 .text          0x000054b4       0x20 C:\Program Files (x86)\ON Semiconductor\AXSDB\libmf\arm\libmff2.a(uart0rx.o)
                0x000054b4                uart0_wait_rxcount
                0x000054c4                uart0_rx
 .text          0x000054d4       0x10 C:\Program Files (x86)\ON Semiconductor\AXSDB\libmf\arm\libmff2.a(uart0wrstr.o)
                0x000054d4                uart0_writestr
 .text          0x000054e4       0xdc C:\Program Files (x86)\ON Semiconductor\AXSDB\libmf\arm\libmff2.a(ax5043rdfifo.o)
                0x000054e4                ax5043_readfifo
 .text          0x000055c0       0xd4 C:\Program Files (x86)\ON Semiconductor\AXSDB\libmf\arm\libmff2.a(ax5043wrfifo.o)
                0x000055c0                ax5043_writefifo
 .text          0x00005694      0x2b4 C:\Program Files (x86)\ON Semiconductor\AXSDB\libmf\arm\libmff2.a(ax5043reset.o)
                0x00005694                ax5043_probeirq
                0x000056ec                ax5043_reset
                0x00005750                ax5043_set_pwramp_pin
                0x000057b8                ax5043_get_pwramp_pin
                0x000057c4                ax5043_set_antsel_pin
                0x00005838                ax5043_get_antsel_pin
                0x00005844                GPIOPort2_Handler
 .text          0x00005948       0x54 C:\Program Files (x86)\ON Semiconductor\AXSDB\libmf\arm\libmff2.a(ax5043commslpexit.o)
                0x00005948                ax5043_commsleepexit
 .text          0x0000599c       0x9c C:\Program Files (x86)\ON Semiconductor\AXSDB\libmf\arm\libmff2.a(ax5043deepsleep.o)
                0x0000599c                ax5043_enter_deepsleep
                0x000059e4                ax5043_wakeup_deepsleep
 .text          0x00005a38      0x390 C:\Program Files (x86)\ON Semiconductor\AXSDB\libmf\arm\libmff2.a(setupcal.o)
                0x00005a38                wtimer0_correctinterval
                0x00005a78                wtimer1_correctinterval
                0x00005ab8                setup_osc_calibration
                0x00005c74                TCPWM3_Handler
 .text          0x00005dc8       0x14 C:\Program Files (x86)\ON Semiconductor\AXSDB\libmf\arm\libmff2.a(crc16ansi.o)
                0x00005dc8                crc_crc16_byte
 .text          0x00005ddc        0x0 C:\Program Files (x86)\ON Semiconductor\AXSDB\libmf\arm\libmff2.a(crc16table.o)
 .text          0x00005ddc       0x40 C:\Program Files (x86)\ON Semiconductor\AXSDB\libmf\arm\libmff2.a(sleep.o)
                0x00005ddc                enter_sleep
 .text          0x00005e1c       0x28 C:\Program Files (x86)\ON Semiconductor\AXSDB\libmf\arm\libmff2.a(sleepcont.o)
                0x00005e1c                enter_sleep_cont
 .text          0x00005e44       0x6c C:\Program Files (x86)\ON Semiconductor\AXSDB\libmf\arm\libmff2.a(wtrem.o)
                0x00005e44                wtimer_removecb_core
                0x00005e68                wtimer0_removecb_core
                0x00005e8c                wtimer1_removecb_core
 .text          0x00005eb0      0xa88 C:\Program Files (x86)\ON Semiconductor\AXSDB\libmf\arm\libmff2.a(axm0_uart.o)
                0x00005f10                axm0_uart_rxbufptr
                0x00005f32                axm0_uart_txbufptr
                0x00005f54                axm0_uart_txfreelinear
                0x00005f78                axm0_uart_txfree
                0x00005f96                axm0_uart_rxcountlinear
                0x00005fae                axm0_uart_rxcount
                0x00005fc8                axm0_uart_txbuffersize
                0x00005fd2                axm0_uart_rxbuffersize
                0x00005fdc                axm0_uart_rxpeek
                0x00005fe6                axm0_uart_txpoke
                0x00005ff2                axm0_uart_txpokehex
                0x00006008                axm0_uart_iocore
                0x000060dc                axm0_uart_poll
                0x000060f2                axm0_uart_wait_txfree
                0x00006126                axm0_uart_tx
                0x00006146                axm0_uart_writehex16
                0x0000622c                axm0_uart_writehex32
                0x00006326                axm0_uart_writenum16
                0x00006416                axm0_uart_writenum32
                0x0000652c                axm0_uart_wait_rxcount
                0x00006560                axm0_uart_rx
                0x00006580                axm0_uart_rxadvance
                0x0000658c                axm0_uart_txadvance
                0x00006598                axm0_uart_writestr
                0x000065f8                axm0_uart_writehexu16
                0x00006628                axm0_uart_writehexu32
                0x00006658                axm0_uart_txidle
                0x00006684                axm0_uart_txbusy
                0x000066ac                axm0_uart_wait_txdone
                0x000066e4                axm0_uart_init
                0x0000687c                axm0_uart_stop
                0x000068a8                axm0_uart_writeu16
                0x000068f0                axm0_uart_writeu32
 .text          0x00006938        0x0 C:\Program Files (x86)\ON Semiconductor\AXSDB\libmf\arm\libmff2.a(axm0_uart0.o)
 .text          0x00006938        0x0 C:\Program Files (x86)\ON Semiconductor\AXSDB\libmf\arm\libmff2.a(uart0txbuf.o)
 .text          0x00006938        0x0 C:\Program Files (x86)\ON Semiconductor\AXSDB\libmf\arm\libmff2.a(uart0rxbuf.o)
 .text          0x00006938       0x88 C:\Program Files (x86)\ON Semiconductor\AXSDB\libmf\arm\libmff2.a(radiodswakecore.o)
                0x00006938                radio_wakeup_deepsleep_core
 .text          0x000069c0       0x50 C:\Program Files (x86)\ON Semiconductor\AXSDB\libmf\arm\libmff2.a(ax5043rclkena.o)
                0x000069c0                ax5043_rclk_enable
 .text          0x00006a10       0x48 C:\Program Files (x86)\ON Semiconductor\AXSDB\libmf\arm\libmff2.a(wrnum16.o)
                0x00006a10                libmf_num16_digit
 .text          0x00006a58       0x48 C:\Program Files (x86)\ON Semiconductor\AXSDB\libmf\arm\libmff2.a(wrnum32.o)
                0x00006a58                libmf_num32_digit
 .text          0x00006aa0        0x8 C:\Program Files (x86)\ON Semiconductor\AXSDB\libmf\arm\libmff2.a(wtstdby.o)
                0x00006aa0                wtimer_standby
 .text          0x00006aa8       0x14 c:/program files (x86)/gnu tools arm embedded/5.4 2016q3/bin/../lib/gcc/arm-none-eabi/5.4.1/armv6-m\libgcc.a(_thumb1_case_uqi.o)
                0x00006aa8                __gnu_thumb1_case_uqi
 .text          0x00006abc       0x14 c:/program files (x86)/gnu tools arm embedded/5.4 2016q3/bin/../lib/gcc/arm-none-eabi/5.4.1/armv6-m\libgcc.a(_thumb1_case_uhi.o)
                0x00006abc                __gnu_thumb1_case_uhi
 .text          0x00006ad0      0x114 c:/program files (x86)/gnu tools arm embedded/5.4 2016q3/bin/../lib/gcc/arm-none-eabi/5.4.1/armv6-m\libgcc.a(_udivsi3.o)
                0x00006ad0                __aeabi_uidiv
                0x00006ad0                __udivsi3
                0x00006bdc                __aeabi_uidivmod
 .text          0x00006be4      0x1d4 c:/program files (x86)/gnu tools arm embedded/5.4 2016q3/bin/../lib/gcc/arm-none-eabi/5.4.1/armv6-m\libgcc.a(_divsi3.o)
                0x00006be4                __divsi3
                0x00006be4                __aeabi_idiv
                0x00006db0                __aeabi_idivmod
 .text          0x00006db8        0x4 c:/program files (x86)/gnu tools arm embedded/5.4 2016q3/bin/../lib/gcc/arm-none-eabi/5.4.1/armv6-m\libgcc.a(_dvmd_tls.o)
                0x00006db8                __aeabi_idiv0
                0x00006db8                __aeabi_ldiv0
 .text          0x00006dbc       0x7c c:/program files (x86)/gnu tools arm embedded/5.4 2016q3/bin/../lib/gcc/arm-none-eabi/5.4.1/armv6-m\libgcc.a(_arm_cmpdf2.o)
                0x00006dbc                __aeabi_cdrcmple
                0x00006dcc                __aeabi_cdcmple
                0x00006dcc                __aeabi_cdcmpeq
                0x00006ddc                __aeabi_dcmpeq
                0x00006de8                __aeabi_dcmplt
                0x00006dfc                __aeabi_dcmple
                0x00006e10                __aeabi_dcmpgt
                0x00006e24                __aeabi_dcmpge
 .text          0x00006e38       0x40 c:/program files (x86)/gnu tools arm embedded/5.4 2016q3/bin/../lib/gcc/arm-none-eabi/5.4.1/armv6-m\libgcc.a(_aeabi_uldivmod.o)
                0x00006e38                __aeabi_uldivmod
 .text          0x00006e78       0x3c c:/program files (x86)/gnu tools arm embedded/5.4 2016q3/bin/../lib/gcc/arm-none-eabi/5.4.1/armv6-m\libgcc.a(_fixunsdfsi.o)
                0x00006e78                __aeabi_d2uiz
                0x00006e78                __fixunsdfsi
 .text          0x00006eb4      0x180 c:/program files (x86)/gnu tools arm embedded/5.4 2016q3/bin/../lib/gcc/arm-none-eabi/5.4.1/armv6-m\libgcc.a(_udivmoddi4.o)
                0x00006eb4                __udivmoddi4
 .text          0x00007034      0x658 c:/program files (x86)/gnu tools arm embedded/5.4 2016q3/bin/../lib/gcc/arm-none-eabi/5.4.1/armv6-m\libgcc.a(adddf3.o)
                0x00007034                __aeabi_dadd
 .text          0x0000768c      0x62c c:/program files (x86)/gnu tools arm embedded/5.4 2016q3/bin/../lib/gcc/arm-none-eabi/5.4.1/armv6-m\libgcc.a(divdf3.o)
                0x0000768c                __aeabi_ddiv
 .text          0x00007cb8       0x80 c:/program files (x86)/gnu tools arm embedded/5.4 2016q3/bin/../lib/gcc/arm-none-eabi/5.4.1/armv6-m\libgcc.a(eqdf2.o)
                0x00007cb8                __nedf2
                0x00007cb8                __eqdf2
 .text          0x00007d38       0xc8 c:/program files (x86)/gnu tools arm embedded/5.4 2016q3/bin/../lib/gcc/arm-none-eabi/5.4.1/armv6-m\libgcc.a(gedf2.o)
                0x00007d38                __gedf2
                0x00007d38                __gtdf2
 .text          0x00007e00       0xd4 c:/program files (x86)/gnu tools arm embedded/5.4 2016q3/bin/../lib/gcc/arm-none-eabi/5.4.1/armv6-m\libgcc.a(ledf2.o)
                0x00007e00                __ledf2
                0x00007e00                __ltdf2
 .text          0x00007ed4      0x4f4 c:/program files (x86)/gnu tools arm embedded/5.4 2016q3/bin/../lib/gcc/arm-none-eabi/5.4.1/armv6-m\libgcc.a(muldf3.o)
                0x00007ed4                __aeabi_dmul
 .text          0x000083c8      0x6a8 c:/program files (x86)/gnu tools arm embedded/5.4 2016q3/bin/../lib/gcc/arm-none-eabi/5.4.1/armv6-m\libgcc.a(subdf3.o)
                0x000083c8                __aeabi_dsub
 .text          0x00008a70       0x6c c:/program files (x86)/gnu tools arm embedded/5.4 2016q3/bin/../lib/gcc/arm-none-eabi/5.4.1/armv6-m\libgcc.a(fixdfsi.o)
                0x00008a70                __aeabi_d2iz
 .text          0x00008adc       0x84 c:/program files (x86)/gnu tools arm embedded/5.4 2016q3/bin/../lib/gcc/arm-none-eabi/5.4.1/armv6-m\libgcc.a(floatsidf.o)
                0x00008adc                __aeabi_i2d
 .text          0x00008b60       0x70 c:/program files (x86)/gnu tools arm embedded/5.4 2016q3/bin/../lib/gcc/arm-none-eabi/5.4.1/armv6-m\libgcc.a(floatunsidf.o)
                0x00008b60                __aeabi_ui2d
 .text          0x00008bd0       0xa8 c:/program files (x86)/gnu tools arm embedded/5.4 2016q3/bin/../lib/gcc/arm-none-eabi/5.4.1/armv6-m\libgcc.a(extendsfdf2.o)
                0x00008bd0                __aeabi_f2d
 .text          0x00008c78       0x3c c:/program files (x86)/gnu tools arm embedded/5.4 2016q3/bin/../lib/gcc/arm-none-eabi/5.4.1/armv6-m\libgcc.a(_clzsi2.o)
                0x00008c78                __clzsi2
 .text          0x00008cb4       0x18 c:/program files (x86)/gnu tools arm embedded/5.4 2016q3/bin/../lib/gcc/arm-none-eabi/5.4.1/armv6-m\libgcc.a(_clzdi2.o)
                0x00008cb4                __clzdi2
 .text          0x00008ccc        0x0 c:/program files (x86)/gnu tools arm embedded/5.4 2016q3/bin/../lib/gcc/arm-none-eabi/5.4.1/../../../../arm-none-eabi/lib/armv6-m\libc.a(lib_a-exit.o)
 .text.exit     0x00008ccc       0x20 c:/program files (x86)/gnu tools arm embedded/5.4 2016q3/bin/../lib/gcc/arm-none-eabi/5.4.1/../../../../arm-none-eabi/lib/armv6-m\libc.a(lib_a-exit.o)
                0x00008ccc                exit
 .text          0x00008cec        0x0 c:/program files (x86)/gnu tools arm embedded/5.4 2016q3/bin/../lib/gcc/arm-none-eabi/5.4.1/../../../../arm-none-eabi/lib/armv6-m\libc.a(lib_a-impure.o)
 .text          0x00008cec        0x0 c:/program files (x86)/gnu tools arm embedded/5.4 2016q3/bin/../lib/gcc/arm-none-eabi/5.4.1/../../../../arm-none-eabi/lib/armv6-m\libc.a(lib_a-init.o)
 .text.__libc_init_array
                0x00008cec       0x48 c:/program files (x86)/gnu tools arm embedded/5.4 2016q3/bin/../lib/gcc/arm-none-eabi/5.4.1/../../../../arm-none-eabi/lib/armv6-m\libc.a(lib_a-init.o)
                0x00008cec                __libc_init_array
 .text          0x00008d34        0x0 c:/program files (x86)/gnu tools arm embedded/5.4 2016q3/bin/../lib/gcc/arm-none-eabi/5.4.1/../../../../arm-none-eabi/lib/armv6-m\libc.a(lib_a-memcpy-stub.o)
 .text.memcpy   0x00008d34       0x7c c:/program files (x86)/gnu tools arm embedded/5.4 2016q3/bin/../lib/gcc/arm-none-eabi/5.4.1/../../../../arm-none-eabi/lib/armv6-m\libc.a(lib_a-memcpy-stub.o)
                0x00008d34                memcpy
 .text          0x00008db0        0x0 c:/program files (x86)/gnu tools arm embedded/5.4 2016q3/bin/../lib/gcc/arm-none-eabi/5.4.1/../../../../arm-none-eabi/lib/armv6-m\libc.a(lib_a-memset.o)
 .text.memset   0x00008db0       0x8c c:/program files (x86)/gnu tools arm embedded/5.4 2016q3/bin/../lib/gcc/arm-none-eabi/5.4.1/../../../../arm-none-eabi/lib/armv6-m\libc.a(lib_a-memset.o)
                0x00008db0                memset
 .text          0x00008e3c        0x0 c:/program files (x86)/gnu tools arm embedded/5.4 2016q3/bin/../lib/gcc/arm-none-eabi/5.4.1/../../../../arm-none-eabi/lib/armv6-m\libc.a(lib_a-strstr.o)
 .text.critical_factorization
                0x00008e3c       0xc4 c:/program files (x86)/gnu tools arm embedded/5.4 2016q3/bin/../lib/gcc/arm-none-eabi/5.4.1/../../../../arm-none-eabi/lib/armv6-m\libc.a(lib_a-strstr.o)
 .text.two_way_long_needle
                0x00008f00      0x1ec c:/program files (x86)/gnu tools arm embedded/5.4 2016q3/bin/../lib/gcc/arm-none-eabi/5.4.1/../../../../arm-none-eabi/lib/armv6-m\libc.a(lib_a-strstr.o)
 .text.strstr   0x000090ec      0x1f4 c:/program files (x86)/gnu tools arm embedded/5.4 2016q3/bin/../lib/gcc/arm-none-eabi/5.4.1/../../../../arm-none-eabi/lib/armv6-m\libc.a(lib_a-strstr.o)
                0x000090ec                strstr
 .text          0x000092e0        0x0 c:/program files (x86)/gnu tools arm embedded/5.4 2016q3/bin/../lib/gcc/arm-none-eabi/5.4.1/../../../../arm-none-eabi/lib/armv6-m\libc.a(lib_a-__call_atexit.o)
 .text.startup.register_fini
                0x000092e0       0x18 c:/program files (x86)/gnu tools arm embedded/5.4 2016q3/bin/../lib/gcc/arm-none-eabi/5.4.1/../../../../arm-none-eabi/lib/armv6-m\libc.a(lib_a-__call_atexit.o)
 .text.__call_exitprocs
                0x000092f8       0xfc c:/program files (x86)/gnu tools arm embedded/5.4 2016q3/bin/../lib/gcc/arm-none-eabi/5.4.1/../../../../arm-none-eabi/lib/armv6-m\libc.a(lib_a-__call_atexit.o)
                0x000092f8                __call_exitprocs
 .text          0x000093f4        0x0 c:/program files (x86)/gnu tools arm embedded/5.4 2016q3/bin/../lib/gcc/arm-none-eabi/5.4.1/../../../../arm-none-eabi/lib/armv6-m\libc.a(lib_a-atexit.o)
 .text.atexit   0x000093f4       0x10 c:/program files (x86)/gnu tools arm embedded/5.4 2016q3/bin/../lib/gcc/arm-none-eabi/5.4.1/../../../../arm-none-eabi/lib/armv6-m\libc.a(lib_a-atexit.o)
                0x000093f4                atexit
 .text          0x00009404        0x0 c:/program files (x86)/gnu tools arm embedded/5.4 2016q3/bin/../lib/gcc/arm-none-eabi/5.4.1/../../../../arm-none-eabi/lib/armv6-m\libc.a(lib_a-fini.o)
 .text.__libc_fini_array
                0x00009404       0x34 c:/program files (x86)/gnu tools arm embedded/5.4 2016q3/bin/../lib/gcc/arm-none-eabi/5.4.1/../../../../arm-none-eabi/lib/armv6-m\libc.a(lib_a-fini.o)
                0x00009404                __libc_fini_array
 .text          0x00009438        0x0 c:/program files (x86)/gnu tools arm embedded/5.4 2016q3/bin/../lib/gcc/arm-none-eabi/5.4.1/../../../../arm-none-eabi/lib/armv6-m\libc.a(lib_a-memchr-stub.o)
 .text.memchr   0x00009438       0x90 c:/program files (x86)/gnu tools arm embedded/5.4 2016q3/bin/../lib/gcc/arm-none-eabi/5.4.1/../../../../arm-none-eabi/lib/armv6-m\libc.a(lib_a-memchr-stub.o)
                0x00009438                memchr
 .text          0x000094c8        0x0 c:/program files (x86)/gnu tools arm embedded/5.4 2016q3/bin/../lib/gcc/arm-none-eabi/5.4.1/../../../../arm-none-eabi/lib/armv6-m\libc.a(lib_a-memcmp.o)
 .text.memcmp   0x000094c8       0x50 c:/program files (x86)/gnu tools arm embedded/5.4 2016q3/bin/../lib/gcc/arm-none-eabi/5.4.1/../../../../arm-none-eabi/lib/armv6-m\libc.a(lib_a-memcmp.o)
                0x000094c8                memcmp
 .text          0x00009518        0x0 c:/program files (x86)/gnu tools arm embedded/5.4 2016q3/bin/../lib/gcc/arm-none-eabi/5.4.1/../../../../arm-none-eabi/lib/armv6-m\libc.a(lib_a-strchr.o)
 .text.strchr   0x00009518       0xdc c:/program files (x86)/gnu tools arm embedded/5.4 2016q3/bin/../lib/gcc/arm-none-eabi/5.4.1/../../../../arm-none-eabi/lib/armv6-m\libc.a(lib_a-strchr.o)
                0x00009518                strchr
 .text          0x000095f4        0x0 c:/program files (x86)/gnu tools arm embedded/5.4 2016q3/bin/../lib/gcc/arm-none-eabi/5.4.1/../../../../arm-none-eabi/lib/armv6-m\libc.a(lib_a-__atexit.o)
 .text.__register_exitproc
                0x000095f4       0xd4 c:/program files (x86)/gnu tools arm embedded/5.4 2016q3/bin/../lib/gcc/arm-none-eabi/5.4.1/../../../../arm-none-eabi/lib/armv6-m\libc.a(lib_a-__atexit.o)
                0x000095f4                __register_exitproc
 .text          0x000096c8        0x0 c:/program files (x86)/gnu tools arm embedded/5.4 2016q3/bin/../lib/gcc/arm-none-eabi/5.4.1/../../../../arm-none-eabi/lib/armv6-m\libnosys.a(_exit.o)
 .text._exit    0x000096c8        0x4 c:/program files (x86)/gnu tools arm embedded/5.4 2016q3/bin/../lib/gcc/arm-none-eabi/5.4.1/../../../../arm-none-eabi/lib/armv6-m\libnosys.a(_exit.o)
                0x000096c8                _exit
 .text          0x000096cc        0x0 c:/program files (x86)/gnu tools arm embedded/5.4 2016q3/bin/../lib/gcc/arm-none-eabi/5.4.1/armv6-m/crtend.o
 .text          0x000096cc        0x0 c:/program files (x86)/gnu tools arm embedded/5.4 2016q3/bin/../lib/gcc/arm-none-eabi/5.4.1/armv6-m/crtn.o
 *(.init)
 .init          0x000096cc        0x4 c:/program files (x86)/gnu tools arm embedded/5.4 2016q3/bin/../lib/gcc/arm-none-eabi/5.4.1/armv6-m/crti.o
                0x000096cc                _init
 .init          0x000096d0        0x8 c:/program files (x86)/gnu tools arm embedded/5.4 2016q3/bin/../lib/gcc/arm-none-eabi/5.4.1/armv6-m/crtn.o
 *(.fini)
 .fini          0x000096d8        0x4 c:/program files (x86)/gnu tools arm embedded/5.4 2016q3/bin/../lib/gcc/arm-none-eabi/5.4.1/armv6-m/crti.o
                0x000096d8                _fini
 .fini          0x000096dc        0x8 c:/program files (x86)/gnu tools arm embedded/5.4 2016q3/bin/../lib/gcc/arm-none-eabi/5.4.1/armv6-m/crtn.o
 *crtbegin.o(.ctors)
 *crtbegin?.o(.ctors)
 *(EXCLUDE_FILE(*crtend.o *crtend?.o) .ctors)
 *(SORT(.ctors.*))
 *(.ctors)
 *crtbegin.o(.dtors)
 *crtbegin?.o(.dtors)
 *(EXCLUDE_FILE(*crtend.o *crtend?.o) .dtors)
 *(SORT(.dtors.*))
 *(.dtors)
 *(.rodata*)
 .rodata        0x000096e4       0x7b obj\Debug\AX_Radio_Lab_output\config.o
                0x000096e4                axradio_sync_slave_rxtimeout
                0x000096e8                axradio_sync_slave_rxwindow
                0x000096f4                axradio_sync_slave_rxadvance
                0x00009700                axradio_sync_slave_nrrx
                0x00009701                axradio_sync_slave_resyncloss
                0x00009702                axradio_sync_slave_maxperiod
                0x00009704                axradio_sync_slave_syncpause
                0x00009708                axradio_sync_slave_initialsyncwindow
                0x0000970c                axradio_sync_slave_syncwindow
                0x00009710                axradio_sync_xoscstartup
                0x00009714                axradio_sync_period
                0x00009718                axradio_wor_period
                0x0000971a                axradio_framing_minpayloadlen
                0x0000971b                axradio_framing_ack_seqnrpos
                0x0000971c                axradio_framing_ack_retransmissions
                0x00009720                axradio_framing_ack_delay
                0x00009724                axradio_framing_ack_timeout
                0x00009728                axradio_framing_enable_sfdcallback
                0x00009729                axradio_framing_syncflags
                0x0000972a                axradio_framing_syncword
                0x0000972e                axradio_framing_synclen
                0x0000972f                axradio_framing_swcrclen
                0x00009730                axradio_framing_lenmask
                0x00009731                axradio_framing_lenoffs
                0x00009732                axradio_framing_lenpos
                0x00009733                axradio_framing_sourceaddrpos
                0x00009734                axradio_framing_destaddrpos
                0x00009735                axradio_framing_addrlen
                0x00009736                axradio_framing_maclen
                0x00009737                axradio_phy_preamble_appendpattern
                0x00009738                axradio_phy_preamble_appendbits
                0x00009739                axradio_phy_preamble_flags
                0x0000973a                axradio_phy_preamble_byte
                0x0000973c                axradio_phy_preamble_len
                0x0000973e                axradio_phy_preamble_longlen
                0x00009740                axradio_phy_preamble_wor_len
                0x00009742                axradio_phy_preamble_wor_longlen
                0x00009744                axradio_phy_lbt_forcetx
                0x00009745                axradio_phy_lbt_retries
                0x00009746                axradio_phy_cs_enabled
                0x00009748                axradio_phy_cs_period
                0x0000974a                axradio_phy_channelbusy
                0x0000974b                axradio_phy_rssireference
                0x0000974c                axradio_phy_rssioffset
                0x00009750                axradio_phy_maxfreqoffset
                0x00009754                axradio_phy_vcocalib
                0x00009755                axradio_phy_chanvcoiinit
                0x00009756                axradio_phy_chanpllrnginit
                0x00009758                axradio_phy_chanfreq
                0x0000975c                axradio_phy_nrchannels
                0x0000975d                axradio_phy_pn9
                0x0000975e                axradio_phy_innerfreqloop
 *fill*         0x0000975f        0x1 
 .rodata        0x00009760       0x12 obj\Debug\AX_Radio_Lab_output\configslave.o
                0x00009760                lpxosc_settlingtime
                0x00009762                lposckfiltmax
                0x00009764                framing_counter_pos
                0x00009765                framing_insert_counter
                0x00009766                localaddr
                0x0000976e                remoteaddr
 *fill*         0x00009772        0x2 
 .rodata        0x00009774       0x40 obj\Debug\COMMON\misc.o
 .rodata.str1.1
                0x000097b4       0x58 obj\Debug\COMMON\misc.o
 .rodata.str1.1
                0x0000980c      0x395 obj\Debug\SLAVE\jci.o
                                0x397 (size before relaxing)
 .rodata        0x00009ba1        0x2 obj\Debug\SLAVE\main.o
                0x00009ba1                AxM0_Mini_Kit
                0x00009ba2                txondemand_mode
 .rodata.str1.1
                0x00009ba3        0xb obj\Debug\SLAVE\main.o
 *fill*         0x00009bae        0x2 
 .rodata        0x00009bb0       0x50 obj\Debug\SLAVE\printf.o
 .rodata.str1.1
                0x00009c00       0x12 obj\Debug\SLAVE\printf.o
 .rodata        0x00009c12      0x200 C:\Program Files (x86)\ON Semiconductor\AXSDB\libmf\arm\libmff2.a(crc16table.o)
                0x00009c12                crc_crc16_table
 *fill*         0x00009e12        0x2 
 .rodata        0x00009e14       0x1c C:\Program Files (x86)\ON Semiconductor\AXSDB\libmf\arm\libmff2.a(axm0_uart0.o)
                0x00009e14                _uart0_descriptor
 .rodata        0x00009e30        0x2 C:\Program Files (x86)\ON Semiconductor\AXSDB\libmf\arm\libmff2.a(uart0txbuf.o)
                0x00009e30                uart0_txbuffer_size
 .rodata        0x00009e32        0x2 C:\Program Files (x86)\ON Semiconductor\AXSDB\libmf\arm\libmff2.a(uart0rxbuf.o)
                0x00009e32                uart0_rxbuffer_size
 .rodata        0x00009e34       0x20 C:\Program Files (x86)\ON Semiconductor\AXSDB\libmf\arm\libmff2.a(wrnum16.o)
 .rodata        0x00009e54       0x60 C:\Program Files (x86)\ON Semiconductor\AXSDB\libmf\arm\libmff2.a(wrnum32.o)
 .rodata        0x00009eb4       0x40 c:/program files (x86)/gnu tools arm embedded/5.4 2016q3/bin/../lib/gcc/arm-none-eabi/5.4.1/armv6-m\libgcc.a(divdf3.o)
 .rodata        0x00009ef4       0x40 c:/program files (x86)/gnu tools arm embedded/5.4 2016q3/bin/../lib/gcc/arm-none-eabi/5.4.1/armv6-m\libgcc.a(muldf3.o)
 .rodata._global_impure_ptr
                0x00009f34        0x4 c:/program files (x86)/gnu tools arm embedded/5.4 2016q3/bin/../lib/gcc/arm-none-eabi/5.4.1/../../../../arm-none-eabi/lib/armv6-m\libc.a(lib_a-impure.o)
                0x00009f34                _global_impure_ptr
 *(.eh_frame*)
 .eh_frame      0x00009f38        0x0 c:/program files (x86)/gnu tools arm embedded/5.4 2016q3/bin/../lib/gcc/arm-none-eabi/5.4.1/armv6-m/crtbegin.o
 .eh_frame      0x00009f38        0x4 c:/program files (x86)/gnu tools arm embedded/5.4 2016q3/bin/../lib/gcc/arm-none-eabi/5.4.1/armv6-m/crtend.o

.glue_7         0x00009f3c        0x0
 .glue_7        0x00009f3c        0x0 linker stubs

.glue_7t        0x00009f3c        0x0
 .glue_7t       0x00009f3c        0x0 linker stubs

.vfp11_veneer   0x00009f3c        0x0
 .vfp11_veneer  0x00009f3c        0x0 linker stubs

.v4_bx          0x00009f3c        0x0
 .v4_bx         0x00009f3c        0x0 linker stubs

.iplt           0x00009f3c        0x0
 .iplt          0x00009f3c        0x0 c:/program files (x86)/gnu tools arm embedded/5.4 2016q3/bin/../lib/gcc/arm-none-eabi/5.4.1/armv6-m/crtbegin.o

.ARM.extab      0x00009f3c        0x0
 *(.ARM.extab* .gnu.linkonce.armextab.*)
 .ARM.extab     0x00009f3c        0x0 c:/program files (x86)/gnu tools arm embedded/5.4 2016q3/bin/../lib/gcc/arm-none-eabi/5.4.1/../../../../arm-none-eabi/lib/armv6-m/crt0.o
 .ARM.extab     0x00009f3c        0x0 c:/program files (x86)/gnu tools arm embedded/5.4 2016q3/bin/../lib/gcc/arm-none-eabi/5.4.1/armv6-m\libgcc.a(_udivmoddi4.o)
                0x00009f3c                __exidx_start = .

.ARM.exidx      0x00009f3c        0x8
 *(.ARM.exidx* .gnu.linkonce.armexidx.*)
 .ARM.exidx     0x00009f3c        0x8 c:/program files (x86)/gnu tools arm embedded/5.4 2016q3/bin/../lib/gcc/arm-none-eabi/5.4.1/../../../../arm-none-eabi/lib/armv6-m/crt0.o
 .ARM.exidx     0x00009f44        0x0 c:/program files (x86)/gnu tools arm embedded/5.4 2016q3/bin/../lib/gcc/arm-none-eabi/5.4.1/armv6-m\libgcc.a(_udivmoddi4.o)
                                  0x8 (size before relaxing)
                0x00009f44                __exidx_end = .
                0x00009f44                __etext = .

.rel.dyn        0x00009f44        0x0
 .rel.iplt      0x00009f44        0x0 c:/program files (x86)/gnu tools arm embedded/5.4 2016q3/bin/../lib/gcc/arm-none-eabi/5.4.1/armv6-m/crtbegin.o

.data           0x20000000      0x50c load address 0x00009f44
                0x20000000                __data_start__ = .
 *(vtable)
 *(.data*)
 .data          0x20000000        0x0 c:/program files (x86)/gnu tools arm embedded/5.4 2016q3/bin/../lib/gcc/arm-none-eabi/5.4.1/armv6-m/crti.o
 .data          0x20000000        0x4 c:/program files (x86)/gnu tools arm embedded/5.4 2016q3/bin/../lib/gcc/arm-none-eabi/5.4.1/armv6-m/crtbegin.o
                0x20000000                __dso_handle
 .data          0x20000004        0x0 c:/program files (x86)/gnu tools arm embedded/5.4 2016q3/bin/../lib/gcc/arm-none-eabi/5.4.1/../../../../arm-none-eabi/lib/armv6-m/crt0.o
 .data          0x20000004        0x0 obj\Debug\AX_Radio_Lab_output\config.o
 .data          0x20000004        0x0 obj\Debug\AX_Radio_Lab_output\configslave.o
 .data          0x20000004        0x0 obj\Debug\COMMON\display_com0.o
 .data          0x20000004        0x4 obj\Debug\COMMON\easyax5043.o
                0x20000004                f30_saved
                0x20000005                f31_saved
                0x20000006                f32_saved
                0x20000007                f33_saved
 .data          0x20000008        0x0 obj\Debug\COMMON\misc.o
 .data          0x20000008        0x0 obj\Debug\COMMON\stackheap.o
 .data          0x20000008        0x1 obj\Debug\SLAVE\display.o
                0x20000008                display_timing
 *fill*         0x20000009        0x3 
 .data          0x2000000c       0xbc obj\Debug\SLAVE\jci.o
                0x2000000c                req_plat_id
                0x20000020                request_platform_id_ack
                0x20000024                platform_id
                0x20000028                req_plat_info
                0x20000040                request_platform_info_ack
                0x20000044                platform_info
                0x20000048                req_tog_recv
                0x20000058                toggle_receive_ack
                0x2000005c                req_tog_true
                0x20000064                toggle_receive_true
                0x20000068                toggle_receive_false
                0x2000006c                nak
                0x200000c7                timeout_value
 .data          0x200000c8        0x0 obj\Debug\SLAVE\lposc.o
 .data          0x200000c8        0x1 obj\Debug\SLAVE\main.o
                0x200000c8                coldstart
 .data          0x200000c9        0x0 obj\Debug\SLAVE\printf.o
 .data          0x200000c9        0x0 C:\Program Files (x86)\ON Semiconductor\AXSDB\libmf\arm\libmff2.a(startup_ARMCM0plus.o)
 .data          0x200000c9        0x0 C:\Program Files (x86)\ON Semiconductor\AXSDB\libmf\arm\libmff2.a(system_ARMCM0plus.o)
 .data          0x200000c9        0x0 C:\Program Files (x86)\ON Semiconductor\AXSDB\libmf\arm\libmff2.a(crc16ansib.o)
 .data          0x200000c9        0x0 C:\Program Files (x86)\ON Semiconductor\AXSDB\libmf\arm\libmff2.a(pn9bits.o)
 .data          0x200000c9        0x0 C:\Program Files (x86)\ON Semiconductor\AXSDB\libmf\arm\libmff2.a(pn9byte.o)
 .data          0x200000c9        0x0 C:\Program Files (x86)\ON Semiconductor\AXSDB\libmf\arm\libmff2.a(pn9buf.o)
 .data          0x200000c9        0x0 C:\Program Files (x86)\ON Semiconductor\AXSDB\libmf\arm\libmff2.a(signext16.o)
 .data          0x200000c9        0x0 C:\Program Files (x86)\ON Semiconductor\AXSDB\libmf\arm\libmff2.a(signext20.o)
 .data          0x200000c9        0x0 C:\Program Files (x86)\ON Semiconductor\AXSDB\libmf\arm\libmff2.a(signext24.o)
 .data          0x200000c9        0x0 C:\Program Files (x86)\ON Semiconductor\AXSDB\libmf\arm\libmff2.a(chksgnlim16.o)
 .data          0x200000c9        0x0 C:\Program Files (x86)\ON Semiconductor\AXSDB\libmf\arm\libmff2.a(sgnlim16.o)
 .data          0x200000c9        0x0 C:\Program Files (x86)\ON Semiconductor\AXSDB\libmf\arm\libmff2.a(chksgnlim32.o)
 .data          0x200000c9        0x0 C:\Program Files (x86)\ON Semiconductor\AXSDB\libmf\arm\libmff2.a(delay.o)
 .data          0x200000c9        0x0 C:\Program Files (x86)\ON Semiconductor\AXSDB\libmf\arm\libmff2.a(startcause.o)
 .data          0x200000c9        0x0 C:\Program Files (x86)\ON Semiconductor\AXSDB\libmf\arm\libmff2.a(standby.o)
 .data          0x200000c9        0x0 C:\Program Files (x86)\ON Semiconductor\AXSDB\libmf\arm\libmff2.a(radiord8.o)
 .data          0x200000c9        0x0 C:\Program Files (x86)\ON Semiconductor\AXSDB\libmf\arm\libmff2.a(radiord16.o)
 .data          0x200000c9        0x0 C:\Program Files (x86)\ON Semiconductor\AXSDB\libmf\arm\libmff2.a(radiord24.o)
 .data          0x200000c9        0x0 C:\Program Files (x86)\ON Semiconductor\AXSDB\libmf\arm\libmff2.a(radiowr8.o)
 .data          0x200000c9        0x0 C:\Program Files (x86)\ON Semiconductor\AXSDB\libmf\arm\libmff2.a(wtimer.o)
 .data          0x200000c9        0x0 C:\Program Files (x86)\ON Semiconductor\AXSDB\libmf\arm\libmff2.a(wtcbadd.o)
 .data          0x200000c9        0x0 C:\Program Files (x86)\ON Semiconductor\AXSDB\libmf\arm\libmff2.a(wtcbrem.o)
 .data          0x200000c9        0x0 C:\Program Files (x86)\ON Semiconductor\AXSDB\libmf\arm\libmff2.a(wt0setcfg.o)
 .data          0x200000c9        0x0 C:\Program Files (x86)\ON Semiconductor\AXSDB\libmf\arm\libmff2.a(wt1setcfg.o)
 .data          0x200000c9        0x0 C:\Program Files (x86)\ON Semiconductor\AXSDB\libmf\arm\libmff2.a(wt0adda.o)
 .data          0x200000c9        0x0 C:\Program Files (x86)\ON Semiconductor\AXSDB\libmf\arm\libmff2.a(wt0addr.o)
 .data          0x200000c9        0x0 C:\Program Files (x86)\ON Semiconductor\AXSDB\libmf\arm\libmff2.a(wt1addr.o)
 .data          0x200000c9        0x0 C:\Program Files (x86)\ON Semiconductor\AXSDB\libmf\arm\libmff2.a(wt0curt.o)
 .data          0x200000c9        0x0 C:\Program Files (x86)\ON Semiconductor\AXSDB\libmf\arm\libmff2.a(wt1rem.o)
 .data          0x200000c9        0x0 C:\Program Files (x86)\ON Semiconductor\AXSDB\libmf\arm\libmff2.a(wt01rem.o)
 .data          0x200000c9        0x0 C:\Program Files (x86)\ON Semiconductor\AXSDB\libmf\arm\libmff2.a(uarttimer1.o)
 .data          0x200000c9        0x0 C:\Program Files (x86)\ON Semiconductor\AXSDB\libmf\arm\libmff2.a(uart0init.o)
 .data          0x200000c9        0x0 C:\Program Files (x86)\ON Semiconductor\AXSDB\libmf\arm\libmff2.a(uart0tx.o)
 .data          0x200000c9        0x0 C:\Program Files (x86)\ON Semiconductor\AXSDB\libmf\arm\libmff2.a(uart0rx.o)
 .data          0x200000c9        0x0 C:\Program Files (x86)\ON Semiconductor\AXSDB\libmf\arm\libmff2.a(uart0wrstr.o)
 .data          0x200000c9        0x0 C:\Program Files (x86)\ON Semiconductor\AXSDB\libmf\arm\libmff2.a(ax5043rdfifo.o)
 .data          0x200000c9        0x0 C:\Program Files (x86)\ON Semiconductor\AXSDB\libmf\arm\libmff2.a(ax5043wrfifo.o)
 .data          0x200000c9        0x2 C:\Program Files (x86)\ON Semiconductor\AXSDB\libmf\arm\libmff2.a(ax5043reset.o)
 .data          0x200000cb        0x0 C:\Program Files (x86)\ON Semiconductor\AXSDB\libmf\arm\libmff2.a(ax5043commslpexit.o)
 .data          0x200000cb        0x0 C:\Program Files (x86)\ON Semiconductor\AXSDB\libmf\arm\libmff2.a(ax5043deepsleep.o)
 *fill*         0x200000cb        0x1 
 .data          0x200000cc        0x4 C:\Program Files (x86)\ON Semiconductor\AXSDB\libmf\arm\libmff2.a(setupcal.o)
 .data          0x200000d0        0x0 C:\Program Files (x86)\ON Semiconductor\AXSDB\libmf\arm\libmff2.a(crc16ansi.o)
 .data          0x200000d0        0x0 C:\Program Files (x86)\ON Semiconductor\AXSDB\libmf\arm\libmff2.a(crc16table.o)
 .data          0x200000d0        0x0 C:\Program Files (x86)\ON Semiconductor\AXSDB\libmf\arm\libmff2.a(sleep.o)
 .data          0x200000d0        0x0 C:\Program Files (x86)\ON Semiconductor\AXSDB\libmf\arm\libmff2.a(sleepcont.o)
 .data          0x200000d0        0x0 C:\Program Files (x86)\ON Semiconductor\AXSDB\libmf\arm\libmff2.a(wtrem.o)
 .data          0x200000d0        0x0 C:\Program Files (x86)\ON Semiconductor\AXSDB\libmf\arm\libmff2.a(axm0_uart.o)
 .data          0x200000d0        0x0 C:\Program Files (x86)\ON Semiconductor\AXSDB\libmf\arm\libmff2.a(axm0_uart0.o)
 .data          0x200000d0        0x0 C:\Program Files (x86)\ON Semiconductor\AXSDB\libmf\arm\libmff2.a(uart0txbuf.o)
 .data          0x200000d0        0x0 C:\Program Files (x86)\ON Semiconductor\AXSDB\libmf\arm\libmff2.a(uart0rxbuf.o)
 .data          0x200000d0        0x0 C:\Program Files (x86)\ON Semiconductor\AXSDB\libmf\arm\libmff2.a(radiodswakecore.o)
 .data          0x200000d0        0x0 C:\Program Files (x86)\ON Semiconductor\AXSDB\libmf\arm\libmff2.a(ax5043rclkena.o)
 .data          0x200000d0        0x0 C:\Program Files (x86)\ON Semiconductor\AXSDB\libmf\arm\libmff2.a(wrnum16.o)
 .data          0x200000d0        0x0 C:\Program Files (x86)\ON Semiconductor\AXSDB\libmf\arm\libmff2.a(wrnum32.o)
 .data          0x200000d0        0x0 C:\Program Files (x86)\ON Semiconductor\AXSDB\libmf\arm\libmff2.a(wtstdby.o)
 .data          0x200000d0        0x0 c:/program files (x86)/gnu tools arm embedded/5.4 2016q3/bin/../lib/gcc/arm-none-eabi/5.4.1/armv6-m\libgcc.a(_thumb1_case_uqi.o)
 .data          0x200000d0        0x0 c:/program files (x86)/gnu tools arm embedded/5.4 2016q3/bin/../lib/gcc/arm-none-eabi/5.4.1/armv6-m\libgcc.a(_thumb1_case_uhi.o)
 .data          0x200000d0        0x0 c:/program files (x86)/gnu tools arm embedded/5.4 2016q3/bin/../lib/gcc/arm-none-eabi/5.4.1/armv6-m\libgcc.a(_udivsi3.o)
 .data          0x200000d0        0x0 c:/program files (x86)/gnu tools arm embedded/5.4 2016q3/bin/../lib/gcc/arm-none-eabi/5.4.1/armv6-m\libgcc.a(_divsi3.o)
 .data          0x200000d0        0x0 c:/program files (x86)/gnu tools arm embedded/5.4 2016q3/bin/../lib/gcc/arm-none-eabi/5.4.1/armv6-m\libgcc.a(_dvmd_tls.o)
 .data          0x200000d0        0x0 c:/program files (x86)/gnu tools arm embedded/5.4 2016q3/bin/../lib/gcc/arm-none-eabi/5.4.1/armv6-m\libgcc.a(_arm_cmpdf2.o)
 .data          0x200000d0        0x0 c:/program files (x86)/gnu tools arm embedded/5.4 2016q3/bin/../lib/gcc/arm-none-eabi/5.4.1/armv6-m\libgcc.a(_aeabi_uldivmod.o)
 .data          0x200000d0        0x0 c:/program files (x86)/gnu tools arm embedded/5.4 2016q3/bin/../lib/gcc/arm-none-eabi/5.4.1/armv6-m\libgcc.a(_fixunsdfsi.o)
 .data          0x200000d0        0x0 c:/program files (x86)/gnu tools arm embedded/5.4 2016q3/bin/../lib/gcc/arm-none-eabi/5.4.1/armv6-m\libgcc.a(_udivmoddi4.o)
 .data          0x200000d0        0x0 c:/program files (x86)/gnu tools arm embedded/5.4 2016q3/bin/../lib/gcc/arm-none-eabi/5.4.1/armv6-m\libgcc.a(adddf3.o)
 .data          0x200000d0        0x0 c:/program files (x86)/gnu tools arm embedded/5.4 2016q3/bin/../lib/gcc/arm-none-eabi/5.4.1/armv6-m\libgcc.a(divdf3.o)
 .data          0x200000d0        0x0 c:/program files (x86)/gnu tools arm embedded/5.4 2016q3/bin/../lib/gcc/arm-none-eabi/5.4.1/armv6-m\libgcc.a(eqdf2.o)
 .data          0x200000d0        0x0 c:/program files (x86)/gnu tools arm embedded/5.4 2016q3/bin/../lib/gcc/arm-none-eabi/5.4.1/armv6-m\libgcc.a(gedf2.o)
 .data          0x200000d0        0x0 c:/program files (x86)/gnu tools arm embedded/5.4 2016q3/bin/../lib/gcc/arm-none-eabi/5.4.1/armv6-m\libgcc.a(ledf2.o)
 .data          0x200000d0        0x0 c:/program files (x86)/gnu tools arm embedded/5.4 2016q3/bin/../lib/gcc/arm-none-eabi/5.4.1/armv6-m\libgcc.a(muldf3.o)
 .data          0x200000d0        0x0 c:/program files (x86)/gnu tools arm embedded/5.4 2016q3/bin/../lib/gcc/arm-none-eabi/5.4.1/armv6-m\libgcc.a(subdf3.o)
 .data          0x200000d0        0x0 c:/program files (x86)/gnu tools arm embedded/5.4 2016q3/bin/../lib/gcc/arm-none-eabi/5.4.1/armv6-m\libgcc.a(fixdfsi.o)
 .data          0x200000d0        0x0 c:/program files (x86)/gnu tools arm embedded/5.4 2016q3/bin/../lib/gcc/arm-none-eabi/5.4.1/armv6-m\libgcc.a(floatsidf.o)
 .data          0x200000d0        0x0 c:/program files (x86)/gnu tools arm embedded/5.4 2016q3/bin/../lib/gcc/arm-none-eabi/5.4.1/armv6-m\libgcc.a(floatunsidf.o)
 .data          0x200000d0        0x0 c:/program files (x86)/gnu tools arm embedded/5.4 2016q3/bin/../lib/gcc/arm-none-eabi/5.4.1/armv6-m\libgcc.a(extendsfdf2.o)
 .data          0x200000d0        0x0 c:/program files (x86)/gnu tools arm embedded/5.4 2016q3/bin/../lib/gcc/arm-none-eabi/5.4.1/armv6-m\libgcc.a(_clzsi2.o)
 .data          0x200000d0        0x0 c:/program files (x86)/gnu tools arm embedded/5.4 2016q3/bin/../lib/gcc/arm-none-eabi/5.4.1/armv6-m\libgcc.a(_clzdi2.o)
 .data          0x200000d0        0x0 c:/program files (x86)/gnu tools arm embedded/5.4 2016q3/bin/../lib/gcc/arm-none-eabi/5.4.1/../../../../arm-none-eabi/lib/armv6-m\libc.a(lib_a-exit.o)
 .data          0x200000d0        0x0 c:/program files (x86)/gnu tools arm embedded/5.4 2016q3/bin/../lib/gcc/arm-none-eabi/5.4.1/../../../../arm-none-eabi/lib/armv6-m\libc.a(lib_a-impure.o)
 .data.impure_data
                0x200000d0      0x428 c:/program files (x86)/gnu tools arm embedded/5.4 2016q3/bin/../lib/gcc/arm-none-eabi/5.4.1/../../../../arm-none-eabi/lib/armv6-m\libc.a(lib_a-impure.o)
 .data._impure_ptr
                0x200004f8        0x4 c:/program files (x86)/gnu tools arm embedded/5.4 2016q3/bin/../lib/gcc/arm-none-eabi/5.4.1/../../../../arm-none-eabi/lib/armv6-m\libc.a(lib_a-impure.o)
                0x200004f8                _impure_ptr
 .data          0x200004fc        0x0 c:/program files (x86)/gnu tools arm embedded/5.4 2016q3/bin/../lib/gcc/arm-none-eabi/5.4.1/../../../../arm-none-eabi/lib/armv6-m\libc.a(lib_a-init.o)
 .data          0x200004fc        0x0 c:/program files (x86)/gnu tools arm embedded/5.4 2016q3/bin/../lib/gcc/arm-none-eabi/5.4.1/../../../../arm-none-eabi/lib/armv6-m\libc.a(lib_a-memcpy-stub.o)
 .data          0x200004fc        0x0 c:/program files (x86)/gnu tools arm embedded/5.4 2016q3/bin/../lib/gcc/arm-none-eabi/5.4.1/../../../../arm-none-eabi/lib/armv6-m\libc.a(lib_a-memset.o)
 .data          0x200004fc        0x0 c:/program files (x86)/gnu tools arm embedded/5.4 2016q3/bin/../lib/gcc/arm-none-eabi/5.4.1/../../../../arm-none-eabi/lib/armv6-m\libc.a(lib_a-strstr.o)
 .data          0x200004fc        0x0 c:/program files (x86)/gnu tools arm embedded/5.4 2016q3/bin/../lib/gcc/arm-none-eabi/5.4.1/../../../../arm-none-eabi/lib/armv6-m\libc.a(lib_a-__call_atexit.o)
 .data          0x200004fc        0x0 c:/program files (x86)/gnu tools arm embedded/5.4 2016q3/bin/../lib/gcc/arm-none-eabi/5.4.1/../../../../arm-none-eabi/lib/armv6-m\libc.a(lib_a-atexit.o)
 .data          0x200004fc        0x0 c:/program files (x86)/gnu tools arm embedded/5.4 2016q3/bin/../lib/gcc/arm-none-eabi/5.4.1/../../../../arm-none-eabi/lib/armv6-m\libc.a(lib_a-fini.o)
 .data          0x200004fc        0x0 c:/program files (x86)/gnu tools arm embedded/5.4 2016q3/bin/../lib/gcc/arm-none-eabi/5.4.1/../../../../arm-none-eabi/lib/armv6-m\libc.a(lib_a-memchr-stub.o)
 .data          0x200004fc        0x0 c:/program files (x86)/gnu tools arm embedded/5.4 2016q3/bin/../lib/gcc/arm-none-eabi/5.4.1/../../../../arm-none-eabi/lib/armv6-m\libc.a(lib_a-memcmp.o)
 .data          0x200004fc        0x0 c:/program files (x86)/gnu tools arm embedded/5.4 2016q3/bin/../lib/gcc/arm-none-eabi/5.4.1/../../../../arm-none-eabi/lib/armv6-m\libc.a(lib_a-strchr.o)
 .data          0x200004fc        0x0 c:/program files (x86)/gnu tools arm embedded/5.4 2016q3/bin/../lib/gcc/arm-none-eabi/5.4.1/../../../../arm-none-eabi/lib/armv6-m\libc.a(lib_a-__atexit.o)
 .data          0x200004fc        0x0 c:/program files (x86)/gnu tools arm embedded/5.4 2016q3/bin/../lib/gcc/arm-none-eabi/5.4.1/../../../../arm-none-eabi/lib/armv6-m\libnosys.a(_exit.o)
 .data          0x200004fc        0x0 c:/program files (x86)/gnu tools arm embedded/5.4 2016q3/bin/../lib/gcc/arm-none-eabi/5.4.1/armv6-m/crtend.o
 .data          0x200004fc        0x0 c:/program files (x86)/gnu tools arm embedded/5.4 2016q3/bin/../lib/gcc/arm-none-eabi/5.4.1/armv6-m/crtn.o
                0x200004fc                . = ALIGN (0x4)
                0x200004fc                PROVIDE (__preinit_array_start, .)
 *(.preinit_array)
                0x200004fc                PROVIDE (__preinit_array_end, .)
                0x200004fc                . = ALIGN (0x4)
                0x200004fc                PROVIDE (__init_array_start, .)
 *(SORT(.init_array.*))
 .init_array.00000
                0x200004fc        0x4 c:/program files (x86)/gnu tools arm embedded/5.4 2016q3/bin/../lib/gcc/arm-none-eabi/5.4.1/../../../../arm-none-eabi/lib/armv6-m\libc.a(lib_a-__call_atexit.o)
 *(.init_array)
 .init_array    0x20000500        0x4 c:/program files (x86)/gnu tools arm embedded/5.4 2016q3/bin/../lib/gcc/arm-none-eabi/5.4.1/armv6-m/crtbegin.o
                0x20000504                PROVIDE (__init_array_end, .)
                0x20000504                . = ALIGN (0x4)
                0x20000504                PROVIDE (__fini_array_start, .)
 *(SORT(.fini_array.*))
 *(.fini_array)
 .fini_array    0x20000504        0x4 c:/program files (x86)/gnu tools arm embedded/5.4 2016q3/bin/../lib/gcc/arm-none-eabi/5.4.1/armv6-m/crtbegin.o
                0x20000508                PROVIDE (__fini_array_end, .)
 *(.jcr*)
 .jcr           0x20000508        0x0 c:/program files (x86)/gnu tools arm embedded/5.4 2016q3/bin/../lib/gcc/arm-none-eabi/5.4.1/armv6-m/crtbegin.o
 .jcr           0x20000508        0x4 c:/program files (x86)/gnu tools arm embedded/5.4 2016q3/bin/../lib/gcc/arm-none-eabi/5.4.1/armv6-m/crtend.o
                0x2000050c                . = ALIGN (0x4)
                0x2000050c                __data_end__ = .

.igot.plt       0x2000050c        0x0 load address 0x0000a450
 .igot.plt      0x2000050c        0x0 c:/program files (x86)/gnu tools arm embedded/5.4 2016q3/bin/../lib/gcc/arm-none-eabi/5.4.1/armv6-m/crtbegin.o

.noinit         0x2000050c        0x3 load address 0x0000a450
 .noinit        0x2000050c        0x3 C:\Program Files (x86)\ON Semiconductor\AXSDB\libmf\arm\libmff2.a(setupcal.o)
                0x2000050c                wtimer0_clksrc
                0x2000050d                wtimer1_clksrc
                0x2000050e                wtimer1_prescaler

.bss            0x20000510      0x824 load address 0x0000a454
                0x20000510                . = ALIGN (0x4)
                0x20000510                __bss_start__ = .
 *(.bss*)
 .bss           0x20000510        0x0 c:/program files (x86)/gnu tools arm embedded/5.4 2016q3/bin/../lib/gcc/arm-none-eabi/5.4.1/armv6-m/crti.o
 .bss           0x20000510       0x1c c:/program files (x86)/gnu tools arm embedded/5.4 2016q3/bin/../lib/gcc/arm-none-eabi/5.4.1/armv6-m/crtbegin.o
 .bss           0x2000052c        0x0 c:/program files (x86)/gnu tools arm embedded/5.4 2016q3/bin/../lib/gcc/arm-none-eabi/5.4.1/../../../../arm-none-eabi/lib/armv6-m/crt0.o
 .bss           0x2000052c        0x2 obj\Debug\AX_Radio_Lab_output\config.o
                0x2000052c                axradio_phy_chanvcoi
                0x2000052d                axradio_phy_chanpllrng
 .bss           0x2000052e        0x0 obj\Debug\AX_Radio_Lab_output\configslave.o
 .bss           0x2000052e        0x0 obj\Debug\COMMON\display_com0.o
 *fill*         0x2000052e        0x2 
 .bss           0x20000530      0x2c4 obj\Debug\COMMON\easyax5043.o
                0x20000530                axradio_sync_time
                0x20000534                axradio_timer
                0x20000540                axradio_cb_receive
                0x20000570                axradio_cb_receivesfd
                0x20000580                axradio_cb_channelstate
                0x20000594                axradio_cb_transmitstart
                0x200005a4                axradio_cb_transmitend
                0x200005b4                axradio_cb_transmitdata
                0x200005c4                axradio_trxstate
                0x200005c6                axradio_txbuffer_cnt
                0x200005c8                axradio_mode
                0x200005ca                axradio_txbuffer_len
                0x200005cc                axradio_txbuffer
                0x200006d0                axradio_timeanchor
                0x200006d8                axradio_sync_periodcorr
                0x200006da                axradio_localaddr
                0x200006e2                axradio_syncstate
                0x200006e3                axradio_ack_count
                0x200006e4                axradio_ack_seqnr
                0x200006e5                axradio_default_remoteaddr
                0x200006e9                axradio_curchannel
                0x200006ec                axradio_curfreqoffset
                0x200006f0                axradio_rxbuffer
 .bss           0x200007f4        0xc obj\Debug\COMMON\misc.o
 .bss           0x20000800        0x0 obj\Debug\COMMON\stackheap.o
 .bss           0x20000800        0x4 obj\Debug\SLAVE\display.o
                0x20000800                per_test_counter
                0x20000802                per_test_counter_previous
 .bss           0x20000804      0x404 obj\Debug\SLAVE\jci.o
                0x20000804                msg_len
                0x20000805                brackets
                0x20000806                jci_done
                0x20000807                jci_state
                0x20000808                timeout
                0x20000809                json_message
                0x20000bf1                receive_notification_enable
                0x20000bf2                per_reset
                0x20000bf3                c
                0x20000bf4                per_buffer
                0x20000bfe                jci_per_test_counter_previous
                0x20000c00                jci_per_test_counter
                0x20000c04                receive_notification
 .bss           0x20000c08        0x0 obj\Debug\SLAVE\lposc.o
 .bss           0x20000c08       0x66 obj\Debug\SLAVE\main.o
                0x20000c08                pkts_received
                0x20000c0c                addr
                0x20000c10                h
                0x20000c14                p
                0x20000c18                t
                0x20000c1c                z
                0x20000c20                y
                0x20000c24                x
                0x20000c28                txBuffer
                0x20000c68                vBuffer
                0x20000c6c                pkts_missing
 .bss           0x20000c6e        0x0 obj\Debug\SLAVE\printf.o
 .bss           0x20000c6e        0x0 C:\Program Files (x86)\ON Semiconductor\AXSDB\libmf\arm\libmff2.a(startup_ARMCM0plus.o)
 .bss           0x20000c6e        0x0 C:\Program Files (x86)\ON Semiconductor\AXSDB\libmf\arm\libmff2.a(system_ARMCM0plus.o)
 .bss           0x20000c6e        0x0 C:\Program Files (x86)\ON Semiconductor\AXSDB\libmf\arm\libmff2.a(crc16ansib.o)
 .bss           0x20000c6e        0x0 C:\Program Files (x86)\ON Semiconductor\AXSDB\libmf\arm\libmff2.a(pn9bits.o)
 .bss           0x20000c6e        0x0 C:\Program Files (x86)\ON Semiconductor\AXSDB\libmf\arm\libmff2.a(pn9byte.o)
 .bss           0x20000c6e        0x0 C:\Program Files (x86)\ON Semiconductor\AXSDB\libmf\arm\libmff2.a(pn9buf.o)
 .bss           0x20000c6e        0x0 C:\Program Files (x86)\ON Semiconductor\AXSDB\libmf\arm\libmff2.a(signext16.o)
 .bss           0x20000c6e        0x0 C:\Program Files (x86)\ON Semiconductor\AXSDB\libmf\arm\libmff2.a(signext20.o)
 .bss           0x20000c6e        0x0 C:\Program Files (x86)\ON Semiconductor\AXSDB\libmf\arm\libmff2.a(signext24.o)
 .bss           0x20000c6e        0x0 C:\Program Files (x86)\ON Semiconductor\AXSDB\libmf\arm\libmff2.a(chksgnlim16.o)
 .bss           0x20000c6e        0x0 C:\Program Files (x86)\ON Semiconductor\AXSDB\libmf\arm\libmff2.a(sgnlim16.o)
 .bss           0x20000c6e        0x0 C:\Program Files (x86)\ON Semiconductor\AXSDB\libmf\arm\libmff2.a(chksgnlim32.o)
 .bss           0x20000c6e        0x0 C:\Program Files (x86)\ON Semiconductor\AXSDB\libmf\arm\libmff2.a(delay.o)
 .bss           0x20000c6e        0x0 C:\Program Files (x86)\ON Semiconductor\AXSDB\libmf\arm\libmff2.a(startcause.o)
 .bss           0x20000c6e        0x0 C:\Program Files (x86)\ON Semiconductor\AXSDB\libmf\arm\libmff2.a(standby.o)
 .bss           0x20000c6e        0x0 C:\Program Files (x86)\ON Semiconductor\AXSDB\libmf\arm\libmff2.a(radiord8.o)
 .bss           0x20000c6e        0x0 C:\Program Files (x86)\ON Semiconductor\AXSDB\libmf\arm\libmff2.a(radiord16.o)
 .bss           0x20000c6e        0x0 C:\Program Files (x86)\ON Semiconductor\AXSDB\libmf\arm\libmff2.a(radiord24.o)
 .bss           0x20000c6e        0x0 C:\Program Files (x86)\ON Semiconductor\AXSDB\libmf\arm\libmff2.a(radiowr8.o)
 *fill*         0x20000c6e        0x2 
 .bss           0x20000c70       0x2a C:\Program Files (x86)\ON Semiconductor\AXSDB\libmf\arm\libmff2.a(wtimer.o)
                0x20000c70                wtimer_pending
                0x20000c74                wtimer_state
 .bss           0x20000c9a        0x0 C:\Program Files (x86)\ON Semiconductor\AXSDB\libmf\arm\libmff2.a(wtcbadd.o)
 .bss           0x20000c9a        0x0 C:\Program Files (x86)\ON Semiconductor\AXSDB\libmf\arm\libmff2.a(wtcbrem.o)
 .bss           0x20000c9a        0x0 C:\Program Files (x86)\ON Semiconductor\AXSDB\libmf\arm\libmff2.a(wt0setcfg.o)
 .bss           0x20000c9a        0x0 C:\Program Files (x86)\ON Semiconductor\AXSDB\libmf\arm\libmff2.a(wt1setcfg.o)
 .bss           0x20000c9a        0x0 C:\Program Files (x86)\ON Semiconductor\AXSDB\libmf\arm\libmff2.a(wt0adda.o)
 .bss           0x20000c9a        0x0 C:\Program Files (x86)\ON Semiconductor\AXSDB\libmf\arm\libmff2.a(wt0addr.o)
 .bss           0x20000c9a        0x0 C:\Program Files (x86)\ON Semiconductor\AXSDB\libmf\arm\libmff2.a(wt1addr.o)
 .bss           0x20000c9a        0x0 C:\Program Files (x86)\ON Semiconductor\AXSDB\libmf\arm\libmff2.a(wt0curt.o)
 .bss           0x20000c9a        0x0 C:\Program Files (x86)\ON Semiconductor\AXSDB\libmf\arm\libmff2.a(wt1rem.o)
 .bss           0x20000c9a        0x0 C:\Program Files (x86)\ON Semiconductor\AXSDB\libmf\arm\libmff2.a(wt01rem.o)
 .bss           0x20000c9a        0x0 C:\Program Files (x86)\ON Semiconductor\AXSDB\libmf\arm\libmff2.a(uarttimer1.o)
 .bss           0x20000c9a        0x0 C:\Program Files (x86)\ON Semiconductor\AXSDB\libmf\arm\libmff2.a(uart0init.o)
 .bss           0x20000c9a        0x0 C:\Program Files (x86)\ON Semiconductor\AXSDB\libmf\arm\libmff2.a(uart0tx.o)
 .bss           0x20000c9a        0x0 C:\Program Files (x86)\ON Semiconductor\AXSDB\libmf\arm\libmff2.a(uart0rx.o)
 .bss           0x20000c9a        0x0 C:\Program Files (x86)\ON Semiconductor\AXSDB\libmf\arm\libmff2.a(uart0wrstr.o)
 .bss           0x20000c9a        0x0 C:\Program Files (x86)\ON Semiconductor\AXSDB\libmf\arm\libmff2.a(ax5043rdfifo.o)
 .bss           0x20000c9a        0x0 C:\Program Files (x86)\ON Semiconductor\AXSDB\libmf\arm\libmff2.a(ax5043wrfifo.o)
 .bss           0x20000c9a        0x0 C:\Program Files (x86)\ON Semiconductor\AXSDB\libmf\arm\libmff2.a(ax5043reset.o)
 .bss           0x20000c9a        0x0 C:\Program Files (x86)\ON Semiconductor\AXSDB\libmf\arm\libmff2.a(ax5043commslpexit.o)
 .bss           0x20000c9a        0x0 C:\Program Files (x86)\ON Semiconductor\AXSDB\libmf\arm\libmff2.a(ax5043deepsleep.o)
 *fill*         0x20000c9a        0x2 
 .bss           0x20000c9c        0xd C:\Program Files (x86)\ON Semiconductor\AXSDB\libmf\arm\libmff2.a(setupcal.o)
 .bss           0x20000ca9        0x0 C:\Program Files (x86)\ON Semiconductor\AXSDB\libmf\arm\libmff2.a(crc16ansi.o)
 .bss           0x20000ca9        0x0 C:\Program Files (x86)\ON Semiconductor\AXSDB\libmf\arm\libmff2.a(crc16table.o)
 .bss           0x20000ca9        0x0 C:\Program Files (x86)\ON Semiconductor\AXSDB\libmf\arm\libmff2.a(sleep.o)
 .bss           0x20000ca9        0x0 C:\Program Files (x86)\ON Semiconductor\AXSDB\libmf\arm\libmff2.a(sleepcont.o)
 .bss           0x20000ca9        0x0 C:\Program Files (x86)\ON Semiconductor\AXSDB\libmf\arm\libmff2.a(wtrem.o)
 .bss           0x20000ca9        0x0 C:\Program Files (x86)\ON Semiconductor\AXSDB\libmf\arm\libmff2.a(axm0_uart.o)
 *fill*         0x20000ca9        0x1 
 .bss           0x20000caa        0x8 C:\Program Files (x86)\ON Semiconductor\AXSDB\libmf\arm\libmff2.a(axm0_uart0.o)
 .bss           0x20000cb2       0x40 C:\Program Files (x86)\ON Semiconductor\AXSDB\libmf\arm\libmff2.a(uart0txbuf.o)
                0x20000cb2                uart0_txbuffer
 .bss           0x20000cf2       0x40 C:\Program Files (x86)\ON Semiconductor\AXSDB\libmf\arm\libmff2.a(uart0rxbuf.o)
                0x20000cf2                uart0_rxbuffer
 .bss           0x20000d32        0x0 C:\Program Files (x86)\ON Semiconductor\AXSDB\libmf\arm\libmff2.a(radiodswakecore.o)
 .bss           0x20000d32        0x0 C:\Program Files (x86)\ON Semiconductor\AXSDB\libmf\arm\libmff2.a(ax5043rclkena.o)
 .bss           0x20000d32        0x0 C:\Program Files (x86)\ON Semiconductor\AXSDB\libmf\arm\libmff2.a(wrnum16.o)
 .bss           0x20000d32        0x0 C:\Program Files (x86)\ON Semiconductor\AXSDB\libmf\arm\libmff2.a(wrnum32.o)
 .bss           0x20000d32        0x0 C:\Program Files (x86)\ON Semiconductor\AXSDB\libmf\arm\libmff2.a(wtstdby.o)
 .bss           0x20000d32        0x0 c:/program files (x86)/gnu tools arm embedded/5.4 2016q3/bin/../lib/gcc/arm-none-eabi/5.4.1/armv6-m\libgcc.a(_thumb1_case_uqi.o)
 .bss           0x20000d32        0x0 c:/program files (x86)/gnu tools arm embedded/5.4 2016q3/bin/../lib/gcc/arm-none-eabi/5.4.1/armv6-m\libgcc.a(_thumb1_case_uhi.o)
 .bss           0x20000d32        0x0 c:/program files (x86)/gnu tools arm embedded/5.4 2016q3/bin/../lib/gcc/arm-none-eabi/5.4.1/armv6-m\libgcc.a(_udivsi3.o)
 .bss           0x20000d32        0x0 c:/program files (x86)/gnu tools arm embedded/5.4 2016q3/bin/../lib/gcc/arm-none-eabi/5.4.1/armv6-m\libgcc.a(_divsi3.o)
 .bss           0x20000d32        0x0 c:/program files (x86)/gnu tools arm embedded/5.4 2016q3/bin/../lib/gcc/arm-none-eabi/5.4.1/armv6-m\libgcc.a(_dvmd_tls.o)
 .bss           0x20000d32        0x0 c:/program files (x86)/gnu tools arm embedded/5.4 2016q3/bin/../lib/gcc/arm-none-eabi/5.4.1/armv6-m\libgcc.a(_arm_cmpdf2.o)
 .bss           0x20000d32        0x0 c:/program files (x86)/gnu tools arm embedded/5.4 2016q3/bin/../lib/gcc/arm-none-eabi/5.4.1/armv6-m\libgcc.a(_aeabi_uldivmod.o)
 .bss           0x20000d32        0x0 c:/program files (x86)/gnu tools arm embedded/5.4 2016q3/bin/../lib/gcc/arm-none-eabi/5.4.1/armv6-m\libgcc.a(_fixunsdfsi.o)
 .bss           0x20000d32        0x0 c:/program files (x86)/gnu tools arm embedded/5.4 2016q3/bin/../lib/gcc/arm-none-eabi/5.4.1/armv6-m\libgcc.a(_udivmoddi4.o)
 .bss           0x20000d32        0x0 c:/program files (x86)/gnu tools arm embedded/5.4 2016q3/bin/../lib/gcc/arm-none-eabi/5.4.1/armv6-m\libgcc.a(adddf3.o)
 .bss           0x20000d32        0x0 c:/program files (x86)/gnu tools arm embedded/5.4 2016q3/bin/../lib/gcc/arm-none-eabi/5.4.1/armv6-m\libgcc.a(divdf3.o)
 .bss           0x20000d32        0x0 c:/program files (x86)/gnu tools arm embedded/5.4 2016q3/bin/../lib/gcc/arm-none-eabi/5.4.1/armv6-m\libgcc.a(eqdf2.o)
 .bss           0x20000d32        0x0 c:/program files (x86)/gnu tools arm embedded/5.4 2016q3/bin/../lib/gcc/arm-none-eabi/5.4.1/armv6-m\libgcc.a(gedf2.o)
 .bss           0x20000d32        0x0 c:/program files (x86)/gnu tools arm embedded/5.4 2016q3/bin/../lib/gcc/arm-none-eabi/5.4.1/armv6-m\libgcc.a(ledf2.o)
 .bss           0x20000d32        0x0 c:/program files (x86)/gnu tools arm embedded/5.4 2016q3/bin/../lib/gcc/arm-none-eabi/5.4.1/armv6-m\libgcc.a(muldf3.o)
 .bss           0x20000d32        0x0 c:/program files (x86)/gnu tools arm embedded/5.4 2016q3/bin/../lib/gcc/arm-none-eabi/5.4.1/armv6-m\libgcc.a(subdf3.o)
 .bss           0x20000d32        0x0 c:/program files (x86)/gnu tools arm embedded/5.4 2016q3/bin/../lib/gcc/arm-none-eabi/5.4.1/armv6-m\libgcc.a(fixdfsi.o)
 .bss           0x20000d32        0x0 c:/program files (x86)/gnu tools arm embedded/5.4 2016q3/bin/../lib/gcc/arm-none-eabi/5.4.1/armv6-m\libgcc.a(floatsidf.o)
 .bss           0x20000d32        0x0 c:/program files (x86)/gnu tools arm embedded/5.4 2016q3/bin/../lib/gcc/arm-none-eabi/5.4.1/armv6-m\libgcc.a(floatunsidf.o)
 .bss           0x20000d32        0x0 c:/program files (x86)/gnu tools arm embedded/5.4 2016q3/bin/../lib/gcc/arm-none-eabi/5.4.1/armv6-m\libgcc.a(extendsfdf2.o)
 .bss           0x20000d32        0x0 c:/program files (x86)/gnu tools arm embedded/5.4 2016q3/bin/../lib/gcc/arm-none-eabi/5.4.1/armv6-m\libgcc.a(_clzsi2.o)
 .bss           0x20000d32        0x0 c:/program files (x86)/gnu tools arm embedded/5.4 2016q3/bin/../lib/gcc/arm-none-eabi/5.4.1/armv6-m\libgcc.a(_clzdi2.o)
 .bss           0x20000d32        0x0 c:/program files (x86)/gnu tools arm embedded/5.4 2016q3/bin/../lib/gcc/arm-none-eabi/5.4.1/../../../../arm-none-eabi/lib/armv6-m\libc.a(lib_a-exit.o)
 .bss           0x20000d32        0x0 c:/program files (x86)/gnu tools arm embedded/5.4 2016q3/bin/../lib/gcc/arm-none-eabi/5.4.1/../../../../arm-none-eabi/lib/armv6-m\libc.a(lib_a-impure.o)
 .bss           0x20000d32        0x0 c:/program files (x86)/gnu tools arm embedded/5.4 2016q3/bin/../lib/gcc/arm-none-eabi/5.4.1/../../../../arm-none-eabi/lib/armv6-m\libc.a(lib_a-init.o)
 .bss           0x20000d32        0x0 c:/program files (x86)/gnu tools arm embedded/5.4 2016q3/bin/../lib/gcc/arm-none-eabi/5.4.1/../../../../arm-none-eabi/lib/armv6-m\libc.a(lib_a-memcpy-stub.o)
 .bss           0x20000d32        0x0 c:/program files (x86)/gnu tools arm embedded/5.4 2016q3/bin/../lib/gcc/arm-none-eabi/5.4.1/../../../../arm-none-eabi/lib/armv6-m\libc.a(lib_a-memset.o)
 .bss           0x20000d32        0x0 c:/program files (x86)/gnu tools arm embedded/5.4 2016q3/bin/../lib/gcc/arm-none-eabi/5.4.1/../../../../arm-none-eabi/lib/armv6-m\libc.a(lib_a-strstr.o)
 .bss           0x20000d32        0x0 c:/program files (x86)/gnu tools arm embedded/5.4 2016q3/bin/../lib/gcc/arm-none-eabi/5.4.1/../../../../arm-none-eabi/lib/armv6-m\libc.a(lib_a-__call_atexit.o)
 .bss           0x20000d32        0x0 c:/program files (x86)/gnu tools arm embedded/5.4 2016q3/bin/../lib/gcc/arm-none-eabi/5.4.1/../../../../arm-none-eabi/lib/armv6-m\libc.a(lib_a-atexit.o)
 .bss           0x20000d32        0x0 c:/program files (x86)/gnu tools arm embedded/5.4 2016q3/bin/../lib/gcc/arm-none-eabi/5.4.1/../../../../arm-none-eabi/lib/armv6-m\libc.a(lib_a-fini.o)
 .bss           0x20000d32        0x0 c:/program files (x86)/gnu tools arm embedded/5.4 2016q3/bin/../lib/gcc/arm-none-eabi/5.4.1/../../../../arm-none-eabi/lib/armv6-m\libc.a(lib_a-memchr-stub.o)
 .bss           0x20000d32        0x0 c:/program files (x86)/gnu tools arm embedded/5.4 2016q3/bin/../lib/gcc/arm-none-eabi/5.4.1/../../../../arm-none-eabi/lib/armv6-m\libc.a(lib_a-memcmp.o)
 .bss           0x20000d32        0x0 c:/program files (x86)/gnu tools arm embedded/5.4 2016q3/bin/../lib/gcc/arm-none-eabi/5.4.1/../../../../arm-none-eabi/lib/armv6-m\libc.a(lib_a-strchr.o)
 .bss           0x20000d32        0x0 c:/program files (x86)/gnu tools arm embedded/5.4 2016q3/bin/../lib/gcc/arm-none-eabi/5.4.1/../../../../arm-none-eabi/lib/armv6-m\libc.a(lib_a-__atexit.o)
 .bss           0x20000d32        0x0 c:/program files (x86)/gnu tools arm embedded/5.4 2016q3/bin/../lib/gcc/arm-none-eabi/5.4.1/../../../../arm-none-eabi/lib/armv6-m\libnosys.a(_exit.o)
 .bss           0x20000d32        0x0 c:/program files (x86)/gnu tools arm embedded/5.4 2016q3/bin/../lib/gcc/arm-none-eabi/5.4.1/armv6-m/crtend.o
 .bss           0x20000d32        0x0 c:/program files (x86)/gnu tools arm embedded/5.4 2016q3/bin/../lib/gcc/arm-none-eabi/5.4.1/armv6-m/crtn.o
 *(COMMON)
                0x20000d34                . = ALIGN (0x4)
 *fill*         0x20000d32        0x2 
                0x20000d34                __bss_end__ = .

.axuninit       0x20000d34        0x8 load address 0x0000ac78
                0x20000d34                . = ALIGN (0x4)
                0x20000d34                __axuninit_start__ = .
 *(.axuninit*)
 .axuninit      0x20000d34        0x5 C:\Program Files (x86)\ON Semiconductor\AXSDB\libmf\arm\libmff2.a(system_ARMCM0plus.o)
                0x20000d34                SystemCoreClock
                0x20000d38                __startcause
                0x20000d3c                . = ALIGN (0x4)
 *fill*         0x20000d39        0x3 
                0x20000d3c                __axuninit_end__ = .

.heap           0x20000d40      0xc00
                0x20000d40                __HeapBase = .
                0x20000d40                __end__ = .
                0x20000d40                end = __end__
 *(.heap*)
 .heap          0x20000d40      0xc00 obj\Debug\COMMON\stackheap.o
                0x20001940                __HeapLimit = .

.stack_dummy    0x20000d40      0x400
 *(.stack*)
 .stack         0x20000d40      0x400 obj\Debug\COMMON\stackheap.o
                0x20002000                __StackTop = (ORIGIN (RAM) + LENGTH (RAM))
                0x20001c00                __StackLimit = (__StackTop - SIZEOF (.stack_dummy))
                0x20002000                PROVIDE (__stack, __StackTop)
                0x00000001                ASSERT ((__StackLimit >= __HeapLimit), region RAM overflowed with stack)
OUTPUT(bin\Debug\SLAVE_AXM0f2-GNU.elf elf32-littlearm)

.ARM.attributes
                0x00000000       0x28
 .ARM.attributes
                0x00000000       0x1e c:/program files (x86)/gnu tools arm embedded/5.4 2016q3/bin/../lib/gcc/arm-none-eabi/5.4.1/armv6-m/crti.o
 .ARM.attributes
                0x0000001e       0x2c c:/program files (x86)/gnu tools arm embedded/5.4 2016q3/bin/../lib/gcc/arm-none-eabi/5.4.1/armv6-m/crtbegin.o
 .ARM.attributes
                0x0000004a       0x1b c:/program files (x86)/gnu tools arm embedded/5.4 2016q3/bin/../lib/gcc/arm-none-eabi/5.4.1/../../../../arm-none-eabi/lib/armv6-m/crt0.o
 .ARM.attributes
                0x00000065       0x32 obj\Debug\AX_Radio_Lab_output\config.o
 .ARM.attributes
                0x00000097       0x32 obj\Debug\AX_Radio_Lab_output\configslave.o
 .ARM.attributes
                0x000000c9       0x32 obj\Debug\COMMON\display_com0.o
 .ARM.attributes
                0x000000fb       0x32 obj\Debug\COMMON\easyax5043.o
 .ARM.attributes
                0x0000012d       0x32 obj\Debug\COMMON\misc.o
 .ARM.attributes
                0x0000015f       0x1b obj\Debug\COMMON\stackheap.o
 .ARM.attributes
                0x0000017a       0x32 obj\Debug\SLAVE\display.o
 .ARM.attributes
                0x000001ac       0x32 obj\Debug\SLAVE\jci.o
 .ARM.attributes
                0x000001de       0x32 obj\Debug\SLAVE\lposc.o
 .ARM.attributes
                0x00000210       0x32 obj\Debug\SLAVE\main.o
 .ARM.attributes
                0x00000242       0x32 obj\Debug\SLAVE\printf.o
 .ARM.attributes
                0x00000274       0x1b C:\Program Files (x86)\ON Semiconductor\AXSDB\libmf\arm\libmff2.a(startup_ARMCM0plus.o)
 .ARM.attributes
                0x0000028f       0x32 C:\Program Files (x86)\ON Semiconductor\AXSDB\libmf\arm\libmff2.a(system_ARMCM0plus.o)
 .ARM.attributes
                0x000002c1       0x32 C:\Program Files (x86)\ON Semiconductor\AXSDB\libmf\arm\libmff2.a(crc16ansib.o)
 .ARM.attributes
                0x000002f3       0x32 C:\Program Files (x86)\ON Semiconductor\AXSDB\libmf\arm\libmff2.a(pn9bits.o)
 .ARM.attributes
                0x00000325       0x32 C:\Program Files (x86)\ON Semiconductor\AXSDB\libmf\arm\libmff2.a(pn9byte.o)
 .ARM.attributes
                0x00000357       0x32 C:\Program Files (x86)\ON Semiconductor\AXSDB\libmf\arm\libmff2.a(pn9buf.o)
 .ARM.attributes
                0x00000389       0x32 C:\Program Files (x86)\ON Semiconductor\AXSDB\libmf\arm\libmff2.a(signext16.o)
 .ARM.attributes
                0x000003bb       0x32 C:\Program Files (x86)\ON Semiconductor\AXSDB\libmf\arm\libmff2.a(signext20.o)
 .ARM.attributes
                0x000003ed       0x32 C:\Program Files (x86)\ON Semiconductor\AXSDB\libmf\arm\libmff2.a(signext24.o)
 .ARM.attributes
                0x0000041f       0x32 C:\Program Files (x86)\ON Semiconductor\AXSDB\libmf\arm\libmff2.a(chksgnlim16.o)
 .ARM.attributes
                0x00000451       0x32 C:\Program Files (x86)\ON Semiconductor\AXSDB\libmf\arm\libmff2.a(sgnlim16.o)
 .ARM.attributes
                0x00000483       0x32 C:\Program Files (x86)\ON Semiconductor\AXSDB\libmf\arm\libmff2.a(chksgnlim32.o)
 .ARM.attributes
                0x000004b5       0x32 C:\Program Files (x86)\ON Semiconductor\AXSDB\libmf\arm\libmff2.a(delay.o)
 .ARM.attributes
                0x000004e7       0x32 C:\Program Files (x86)\ON Semiconductor\AXSDB\libmf\arm\libmff2.a(startcause.o)
 .ARM.attributes
                0x00000519       0x32 C:\Program Files (x86)\ON Semiconductor\AXSDB\libmf\arm\libmff2.a(standby.o)
 .ARM.attributes
                0x0000054b       0x32 C:\Program Files (x86)\ON Semiconductor\AXSDB\libmf\arm\libmff2.a(radiord8.o)
 .ARM.attributes
                0x0000057d       0x32 C:\Program Files (x86)\ON Semiconductor\AXSDB\libmf\arm\libmff2.a(radiord16.o)
 .ARM.attributes
                0x000005af       0x32 C:\Program Files (x86)\ON Semiconductor\AXSDB\libmf\arm\libmff2.a(radiord24.o)
 .ARM.attributes
                0x000005e1       0x32 C:\Program Files (x86)\ON Semiconductor\AXSDB\libmf\arm\libmff2.a(radiowr8.o)
 .ARM.attributes
                0x00000613       0x32 C:\Program Files (x86)\ON Semiconductor\AXSDB\libmf\arm\libmff2.a(wtimer.o)
 .ARM.attributes
                0x00000645       0x32 C:\Program Files (x86)\ON Semiconductor\AXSDB\libmf\arm\libmff2.a(wtcbadd.o)
 .ARM.attributes
                0x00000677       0x32 C:\Program Files (x86)\ON Semiconductor\AXSDB\libmf\arm\libmff2.a(wtcbrem.o)
 .ARM.attributes
                0x000006a9       0x32 C:\Program Files (x86)\ON Semiconductor\AXSDB\libmf\arm\libmff2.a(wt0setcfg.o)
 .ARM.attributes
                0x000006db       0x32 C:\Program Files (x86)\ON Semiconductor\AXSDB\libmf\arm\libmff2.a(wt1setcfg.o)
 .ARM.attributes
                0x0000070d       0x32 C:\Program Files (x86)\ON Semiconductor\AXSDB\libmf\arm\libmff2.a(wt0adda.o)
 .ARM.attributes
                0x0000073f       0x32 C:\Program Files (x86)\ON Semiconductor\AXSDB\libmf\arm\libmff2.a(wt0addr.o)
 .ARM.attributes
                0x00000771       0x32 C:\Program Files (x86)\ON Semiconductor\AXSDB\libmf\arm\libmff2.a(wt1addr.o)
 .ARM.attributes
                0x000007a3       0x32 C:\Program Files (x86)\ON Semiconductor\AXSDB\libmf\arm\libmff2.a(wt0curt.o)
 .ARM.attributes
                0x000007d5       0x32 C:\Program Files (x86)\ON Semiconductor\AXSDB\libmf\arm\libmff2.a(wt1rem.o)
 .ARM.attributes
                0x00000807       0x32 C:\Program Files (x86)\ON Semiconductor\AXSDB\libmf\arm\libmff2.a(wt01rem.o)
 .ARM.attributes
                0x00000839       0x32 C:\Program Files (x86)\ON Semiconductor\AXSDB\libmf\arm\libmff2.a(uarttimer1.o)
 .ARM.attributes
                0x0000086b       0x32 C:\Program Files (x86)\ON Semiconductor\AXSDB\libmf\arm\libmff2.a(uart0init.o)
 .ARM.attributes
                0x0000089d       0x32 C:\Program Files (x86)\ON Semiconductor\AXSDB\libmf\arm\libmff2.a(uart0tx.o)
 .ARM.attributes
                0x000008cf       0x32 C:\Program Files (x86)\ON Semiconductor\AXSDB\libmf\arm\libmff2.a(uart0rx.o)
 .ARM.attributes
                0x00000901       0x32 C:\Program Files (x86)\ON Semiconductor\AXSDB\libmf\arm\libmff2.a(uart0wrstr.o)
 .ARM.attributes
                0x00000933       0x32 C:\Program Files (x86)\ON Semiconductor\AXSDB\libmf\arm\libmff2.a(ax5043rdfifo.o)
 .ARM.attributes
                0x00000965       0x32 C:\Program Files (x86)\ON Semiconductor\AXSDB\libmf\arm\libmff2.a(ax5043wrfifo.o)
 .ARM.attributes
                0x00000997       0x32 C:\Program Files (x86)\ON Semiconductor\AXSDB\libmf\arm\libmff2.a(ax5043reset.o)
 .ARM.attributes
                0x000009c9       0x32 C:\Program Files (x86)\ON Semiconductor\AXSDB\libmf\arm\libmff2.a(ax5043commslpexit.o)
 .ARM.attributes
                0x000009fb       0x32 C:\Program Files (x86)\ON Semiconductor\AXSDB\libmf\arm\libmff2.a(ax5043deepsleep.o)
 .ARM.attributes
                0x00000a2d       0x32 C:\Program Files (x86)\ON Semiconductor\AXSDB\libmf\arm\libmff2.a(setupcal.o)
 .ARM.attributes
                0x00000a5f       0x32 C:\Program Files (x86)\ON Semiconductor\AXSDB\libmf\arm\libmff2.a(crc16ansi.o)
 .ARM.attributes
                0x00000a91       0x32 C:\Program Files (x86)\ON Semiconductor\AXSDB\libmf\arm\libmff2.a(crc16table.o)
 .ARM.attributes
                0x00000ac3       0x32 C:\Program Files (x86)\ON Semiconductor\AXSDB\libmf\arm\libmff2.a(sleep.o)
 .ARM.attributes
                0x00000af5       0x32 C:\Program Files (x86)\ON Semiconductor\AXSDB\libmf\arm\libmff2.a(sleepcont.o)
 .ARM.attributes
                0x00000b27       0x32 C:\Program Files (x86)\ON Semiconductor\AXSDB\libmf\arm\libmff2.a(wtrem.o)
 .ARM.attributes
                0x00000b59       0x32 C:\Program Files (x86)\ON Semiconductor\AXSDB\libmf\arm\libmff2.a(axm0_uart.o)
 .ARM.attributes
                0x00000b8b       0x32 C:\Program Files (x86)\ON Semiconductor\AXSDB\libmf\arm\libmff2.a(axm0_uart0.o)
 .ARM.attributes
                0x00000bbd       0x32 C:\Program Files (x86)\ON Semiconductor\AXSDB\libmf\arm\libmff2.a(uart0txbuf.o)
 .ARM.attributes
                0x00000bef       0x32 C:\Program Files (x86)\ON Semiconductor\AXSDB\libmf\arm\libmff2.a(uart0rxbuf.o)
 .ARM.attributes
                0x00000c21       0x32 C:\Program Files (x86)\ON Semiconductor\AXSDB\libmf\arm\libmff2.a(radiodswakecore.o)
 .ARM.attributes
                0x00000c53       0x32 C:\Program Files (x86)\ON Semiconductor\AXSDB\libmf\arm\libmff2.a(ax5043rclkena.o)
 .ARM.attributes
                0x00000c85       0x32 C:\Program Files (x86)\ON Semiconductor\AXSDB\libmf\arm\libmff2.a(wrnum16.o)
 .ARM.attributes
                0x00000cb7       0x32 C:\Program Files (x86)\ON Semiconductor\AXSDB\libmf\arm\libmff2.a(wrnum32.o)
 .ARM.attributes
                0x00000ce9       0x32 C:\Program Files (x86)\ON Semiconductor\AXSDB\libmf\arm\libmff2.a(wtstdby.o)
 .ARM.attributes
                0x00000d1b       0x1e c:/program files (x86)/gnu tools arm embedded/5.4 2016q3/bin/../lib/gcc/arm-none-eabi/5.4.1/armv6-m\libgcc.a(_thumb1_case_uqi.o)
 .ARM.attributes
                0x00000d39       0x1e c:/program files (x86)/gnu tools arm embedded/5.4 2016q3/bin/../lib/gcc/arm-none-eabi/5.4.1/armv6-m\libgcc.a(_thumb1_case_uhi.o)
 .ARM.attributes
                0x00000d57       0x1e c:/program files (x86)/gnu tools arm embedded/5.4 2016q3/bin/../lib/gcc/arm-none-eabi/5.4.1/armv6-m\libgcc.a(_udivsi3.o)
 .ARM.attributes
                0x00000d75       0x1e c:/program files (x86)/gnu tools arm embedded/5.4 2016q3/bin/../lib/gcc/arm-none-eabi/5.4.1/armv6-m\libgcc.a(_divsi3.o)
 .ARM.attributes
                0x00000d93       0x1e c:/program files (x86)/gnu tools arm embedded/5.4 2016q3/bin/../lib/gcc/arm-none-eabi/5.4.1/armv6-m\libgcc.a(_dvmd_tls.o)
 .ARM.attributes
                0x00000db1       0x1e c:/program files (x86)/gnu tools arm embedded/5.4 2016q3/bin/../lib/gcc/arm-none-eabi/5.4.1/armv6-m\libgcc.a(_arm_cmpdf2.o)
 .ARM.attributes
                0x00000dcf       0x1e c:/program files (x86)/gnu tools arm embedded/5.4 2016q3/bin/../lib/gcc/arm-none-eabi/5.4.1/armv6-m\libgcc.a(_aeabi_uldivmod.o)
 .ARM.attributes
                0x00000ded       0x2c c:/program files (x86)/gnu tools arm embedded/5.4 2016q3/bin/../lib/gcc/arm-none-eabi/5.4.1/armv6-m\libgcc.a(_fixunsdfsi.o)
 .ARM.attributes
                0x00000e19       0x2c c:/program files (x86)/gnu tools arm embedded/5.4 2016q3/bin/../lib/gcc/arm-none-eabi/5.4.1/armv6-m\libgcc.a(_udivmoddi4.o)
 .ARM.attributes
                0x00000e45       0x2c c:/program files (x86)/gnu tools arm embedded/5.4 2016q3/bin/../lib/gcc/arm-none-eabi/5.4.1/armv6-m\libgcc.a(adddf3.o)
 .ARM.attributes
                0x00000e71       0x2c c:/program files (x86)/gnu tools arm embedded/5.4 2016q3/bin/../lib/gcc/arm-none-eabi/5.4.1/armv6-m\libgcc.a(divdf3.o)
 .ARM.attributes
                0x00000e9d       0x2c c:/program files (x86)/gnu tools arm embedded/5.4 2016q3/bin/../lib/gcc/arm-none-eabi/5.4.1/armv6-m\libgcc.a(eqdf2.o)
 .ARM.attributes
                0x00000ec9       0x2c c:/program files (x86)/gnu tools arm embedded/5.4 2016q3/bin/../lib/gcc/arm-none-eabi/5.4.1/armv6-m\libgcc.a(gedf2.o)
 .ARM.attributes
                0x00000ef5       0x2c c:/program files (x86)/gnu tools arm embedded/5.4 2016q3/bin/../lib/gcc/arm-none-eabi/5.4.1/armv6-m\libgcc.a(ledf2.o)
 .ARM.attributes
                0x00000f21       0x2c c:/program files (x86)/gnu tools arm embedded/5.4 2016q3/bin/../lib/gcc/arm-none-eabi/5.4.1/armv6-m\libgcc.a(muldf3.o)
 .ARM.attributes